Archive member included to satisfy reference by file (symbol)

/usr/bin/../lib/gcc/arm-none-eabi/7.2.1/../../../../arm-none-eabi/lib/thumb/v7-m/libg.a(lib_a-memcpy.o)
                              /tmp/cckp2Imm.ltrans0.ltrans.o (memcpy)
/usr/bin/../lib/gcc/arm-none-eabi/7.2.1/../../../../arm-none-eabi/lib/thumb/v7-m/libg.a(lib_a-memset.o)
                              /tmp/cckp2Imm.ltrans0.ltrans.o (memset)
/usr/bin/../lib/gcc/arm-none-eabi/7.2.1/../../../../arm-none-eabi/lib/thumb/v7-m/libg.a(lib_a-strchr.o)
                              /tmp/cckp2Imm.ltrans0.ltrans.o (strchr)
/usr/bin/../lib/gcc/arm-none-eabi/7.2.1/../../../../arm-none-eabi/lib/thumb/v7-m/libg.a(lib_a-strcmp.o)
                              /tmp/cckp2Imm.ltrans0.ltrans.o (strcmp)
/usr/bin/../lib/gcc/arm-none-eabi/7.2.1/../../../../arm-none-eabi/lib/thumb/v7-m/libg.a(lib_a-strncmp.o)
                              /tmp/cckp2Imm.ltrans0.ltrans.o (strncmp)
/usr/bin/../lib/gcc/arm-none-eabi/7.2.1/../../../../arm-none-eabi/lib/thumb/v7-m/libg.a(lib_a-strncpy.o)
                              /tmp/cckp2Imm.ltrans0.ltrans.o (strncpy)
/usr/bin/../lib/gcc/arm-none-eabi/7.2.1/../../../../arm-none-eabi/lib/thumb/v7-m/libg.a(lib_a-strpbrk.o)
                              /tmp/cckp2Imm.ltrans0.ltrans.o (strpbrk)
/usr/bin/../lib/gcc/arm-none-eabi/7.2.1/../../../../arm-none-eabi/lib/thumb/v7-m/libg.a(lib_a-strspn.o)
                              /tmp/cckp2Imm.ltrans0.ltrans.o (strspn)

Discarded input sections

 .data          0x0000000000000000        0x0 build/obj/crt0_v7m.o
 .bss           0x0000000000000000        0x0 build/obj/crt0_v7m.o
 .data          0x0000000000000000        0x0 build/obj/vectors.o
 .bss           0x0000000000000000        0x0 build/obj/vectors.o
 .data          0x0000000000000000        0x0 build/obj/chcoreasm_v7m.o
 .bss           0x0000000000000000        0x0 build/obj/chcoreasm_v7m.o
 .text          0x0000000000000000        0x0 /tmp/cckp2Imm.ltrans0.ltrans.o
 .data          0x0000000000000000        0x0 /tmp/cckp2Imm.ltrans0.ltrans.o
 .bss           0x0000000000000000        0x0 /tmp/cckp2Imm.ltrans0.ltrans.o
 .data          0x0000000000000000        0x0 /usr/bin/../lib/gcc/arm-none-eabi/7.2.1/../../../../arm-none-eabi/lib/thumb/v7-m/libg.a(lib_a-memcpy.o)
 .bss           0x0000000000000000        0x0 /usr/bin/../lib/gcc/arm-none-eabi/7.2.1/../../../../arm-none-eabi/lib/thumb/v7-m/libg.a(lib_a-memcpy.o)
 .text          0x0000000000000000        0x0 /usr/bin/../lib/gcc/arm-none-eabi/7.2.1/../../../../arm-none-eabi/lib/thumb/v7-m/libg.a(lib_a-memset.o)
 .data          0x0000000000000000        0x0 /usr/bin/../lib/gcc/arm-none-eabi/7.2.1/../../../../arm-none-eabi/lib/thumb/v7-m/libg.a(lib_a-memset.o)
 .bss           0x0000000000000000        0x0 /usr/bin/../lib/gcc/arm-none-eabi/7.2.1/../../../../arm-none-eabi/lib/thumb/v7-m/libg.a(lib_a-memset.o)
 .text          0x0000000000000000        0x0 /usr/bin/../lib/gcc/arm-none-eabi/7.2.1/../../../../arm-none-eabi/lib/thumb/v7-m/libg.a(lib_a-strchr.o)
 .data          0x0000000000000000        0x0 /usr/bin/../lib/gcc/arm-none-eabi/7.2.1/../../../../arm-none-eabi/lib/thumb/v7-m/libg.a(lib_a-strchr.o)
 .bss           0x0000000000000000        0x0 /usr/bin/../lib/gcc/arm-none-eabi/7.2.1/../../../../arm-none-eabi/lib/thumb/v7-m/libg.a(lib_a-strchr.o)
 .data          0x0000000000000000        0x0 /usr/bin/../lib/gcc/arm-none-eabi/7.2.1/../../../../arm-none-eabi/lib/thumb/v7-m/libg.a(lib_a-strcmp.o)
 .bss           0x0000000000000000        0x0 /usr/bin/../lib/gcc/arm-none-eabi/7.2.1/../../../../arm-none-eabi/lib/thumb/v7-m/libg.a(lib_a-strcmp.o)
 .text          0x0000000000000000        0x0 /usr/bin/../lib/gcc/arm-none-eabi/7.2.1/../../../../arm-none-eabi/lib/thumb/v7-m/libg.a(lib_a-strncmp.o)
 .data          0x0000000000000000        0x0 /usr/bin/../lib/gcc/arm-none-eabi/7.2.1/../../../../arm-none-eabi/lib/thumb/v7-m/libg.a(lib_a-strncmp.o)
 .bss           0x0000000000000000        0x0 /usr/bin/../lib/gcc/arm-none-eabi/7.2.1/../../../../arm-none-eabi/lib/thumb/v7-m/libg.a(lib_a-strncmp.o)
 .text          0x0000000000000000        0x0 /usr/bin/../lib/gcc/arm-none-eabi/7.2.1/../../../../arm-none-eabi/lib/thumb/v7-m/libg.a(lib_a-strncpy.o)
 .data          0x0000000000000000        0x0 /usr/bin/../lib/gcc/arm-none-eabi/7.2.1/../../../../arm-none-eabi/lib/thumb/v7-m/libg.a(lib_a-strncpy.o)
 .bss           0x0000000000000000        0x0 /usr/bin/../lib/gcc/arm-none-eabi/7.2.1/../../../../arm-none-eabi/lib/thumb/v7-m/libg.a(lib_a-strncpy.o)
 .text          0x0000000000000000        0x0 /usr/bin/../lib/gcc/arm-none-eabi/7.2.1/../../../../arm-none-eabi/lib/thumb/v7-m/libg.a(lib_a-strpbrk.o)
 .data          0x0000000000000000        0x0 /usr/bin/../lib/gcc/arm-none-eabi/7.2.1/../../../../arm-none-eabi/lib/thumb/v7-m/libg.a(lib_a-strpbrk.o)
 .bss           0x0000000000000000        0x0 /usr/bin/../lib/gcc/arm-none-eabi/7.2.1/../../../../arm-none-eabi/lib/thumb/v7-m/libg.a(lib_a-strpbrk.o)
[...]
Memory Configuration

Name             Origin             Length             Attributes
flash0           0x0000000008005000 0x000000000001b000
flash1           0x0000000000000000 0x0000000000000000
flash2           0x0000000000000000 0x0000000000000000
flash3           0x0000000000000000 0x0000000000000000
flash4           0x0000000000000000 0x0000000000000000
flash5           0x0000000000000000 0x0000000000000000
flash6           0x0000000000000000 0x0000000000000000
flash7           0x0000000000000000 0x0000000000000000
ram0             0x0000000020000c00 0x0000000000004400
ram1             0x0000000000000000 0x0000000000000000
ram2             0x0000000000000000 0x0000000000000000
ram3             0x0000000000000000 0x0000000000000000
ram4             0x0000000000000000 0x0000000000000000
ram5             0x0000000000000000 0x0000000000000000
ram6             0x0000000000000000 0x0000000000000000
ram7             0x0000000000000000 0x0000000000000000
*default*        0x0000000000000000 0xffffffffffffffff

Linker script and memory map

LOAD build/obj/crt0_v7m.o
LOAD build/obj/vectors.o
LOAD build/obj/chcoreasm_v7m.o
LOAD /tmp/cckp2Imm.ltrans0.ltrans.o

.mstack         0x0000000020000c00      0x400
                0x0000000020000c00                . = ALIGN (0x8)
                0x0000000020000c00                __main_stack_base__ = .
                0x0000000020001000                . = (. + __main_stack_size__)
 *fill*         0x0000000020000c00      0x400 
                0x0000000020001000                . = ALIGN (0x8)
                0x0000000020001000                __main_stack_end__ = .

.pstack         0x0000000020001000      0x400
                0x0000000020001000                __process_stack_base__ = .
                0x0000000020001000                __main_thread_stack_base__ = .
                0x0000000020001400                . = (. + __process_stack_size__)
 *fill*         0x0000000020001000      0x400 
                0x0000000020001400                . = ALIGN (0x8)
                0x0000000020001400                __process_stack_end__ = .
                0x0000000020001400                __main_thread_stack_end__ = .

.vectors        0x0000000008005000      0x160
 *(.vectors)
 .vectors       0x0000000008005000      0x160 build/obj/vectors.o
                0x0000000008005000                _vectors

.xtors          0x0000000008005160        0x0
                0x0000000008005160                __init_array_start = .
 *(SORT_BY_NAME(.init_array.*))
 *(.init_array)
                0x0000000008005160                __init_array_end = .
                0x0000000008005160                __fini_array_start = .
 *(.fini_array)
 *(SORT_BY_NAME(.fini_array.*))
                0x0000000008005160                __fini_array_end = .

.text           0x0000000008005160     0x9450
 *(.text)
 .text          0x0000000008005160       0xd8 build/obj/crt0_v7m.o
                0x0000000008005160                _crt0_entry
 .text          0x0000000008005238        0x8 build/obj/vectors.o
                0x0000000008005238                Reset_Handler
                0x000000000800523a                VectorE8
                0x000000000800523a                VectorAC
                0x000000000800523a                DebugMon_Handler
                0x000000000800523a                Vector11C
                0x000000000800523a                HardFault_Handler
                0x000000000800523a                Vector8C
                0x000000000800523a                SysTick_Handler
                0x000000000800523a                VectorDC
                0x000000000800523a                PendSV_Handler
                0x000000000800523a                NMI_Handler
                0x000000000800523a                Vector110
                0x000000000800523a                Vector120
                0x000000000800523a                VectorC8
                0x000000000800523a                Vector94
                0x000000000800523a                VectorA8
                0x000000000800523a                VectorB4
                0x000000000800523a                Vector74
                0x000000000800523a                UsageFault_Handler
                0x000000000800523a                VectorEC
                0x000000000800523a                Vector40
                0x000000000800523a                VectorF8
                0x000000000800523a                Vector108
                0x000000000800523a                VectorBC
                0x000000000800523a                Vector150
                0x000000000800523a                Vector124
                0x000000000800523a                Vector148
                0x000000000800523a                Vector118
                0x000000000800523a                VectorCC
                0x000000000800523a                Vector54
                0x000000000800523a                Vector98
                0x000000000800523a                VectorD8
                0x000000000800523a                Vector138
                0x000000000800523a                Vector24
                0x000000000800523a                Vector84
                0x000000000800523a                VectorD0
                0x000000000800523a                Vector140
                0x000000000800523a                VectorE4
                0x000000000800523a                VectorC0
                0x000000000800523a                Vector158
                0x000000000800523a                Vector130
                0x000000000800523a                Vector134
                0x000000000800523a                VectorF0
                0x000000000800523a                Vector12C
                0x000000000800523a                Vector13C
                0x000000000800523a                Vector100
                0x000000000800523a                VectorF4
                0x000000000800523a                MemManage_Handler
                0x000000000800523a                Vector6C
                0x000000000800523a                VectorA0
                0x000000000800523a                VectorC4
                0x000000000800523a                Vector7C
                0x000000000800523a                Vector114
                0x000000000800523a                Vector1C
                0x000000000800523a                Vector48
                0x000000000800523a                Vector70
                0x000000000800523a                VectorD4
                0x000000000800523a                Vector4C
                0x000000000800523a                Vector144
                0x000000000800523a                Vector80
                0x000000000800523a                Vector15C
                0x000000000800523a                Vector78
                0x000000000800523a                Vector88
                0x000000000800523a                Vector104
                0x000000000800523a                Vector10C
                0x000000000800523a                Vector14C
                0x000000000800523a                BusFault_Handler
                0x000000000800523a                Vector50
                0x000000000800523a                Vector154
                0x000000000800523a                Vector44
                0x000000000800523a                Vector28
                0x000000000800523a                VectorB8
                0x000000000800523a                VectorFC
                0x000000000800523a                Vector34
                0x000000000800523a                Vector128
                0x000000000800523a                VectorA4
                0x000000000800523a                Vector20
                0x000000000800523c                _unhandled_exception
 .text          0x0000000008005240       0x28 build/obj/chcoreasm_v7m.o
                0x0000000008005240                _port_switch
                0x0000000008005250                _port_thread_start
                0x0000000008005260                _port_switch_from_isr
                0x0000000008005264                _port_exit_from_isr
 .text          0x0000000008005268       0xec /usr/bin/../lib/gcc/arm-none-eabi/7.2.1/../../../../arm-none-eabi/lib/thumb/v7-m/libg.a(lib_a-memcpy.o)
                0x0000000008005268                memcpy
 .text          0x0000000008005354      0x1bc /usr/bin/../lib/gcc/arm-none-eabi/7.2.1/../../../../arm-none-eabi/lib/thumb/v7-m/libg.a(lib_a-strcmp.o)
                0x0000000008005354                strcmp
 *(.text.*)
 .text.chMtxTryLock.constprop.80
                0x0000000008005510       0x34 /tmp/cckp2Imm.ltrans0.ltrans.o
 *fill*         0x0000000008005544        0xc 
 .text.chEvtGetAndClearEvents.constprop.70
                0x0000000008005550       0x1c /tmp/cckp2Imm.ltrans0.ltrans.o
 *fill*         0x000000000800556c        0x4 
 .text._test_assert_time_window.constprop.3
                0x0000000008005570       0x3c /tmp/cckp2Imm.ltrans0.ltrans.o
 *fill*         0x00000000080055ac        0x4 
 .text.chCoreAllocAlignedWithOffset
                0x00000000080055b0       0x44 /tmp/cckp2Imm.ltrans0.ltrans.o
 *fill*         0x00000000080055f4        0xc 
 .text.get_descriptor
                0x0000000008005600       0x30 /tmp/cckp2Imm.ltrans0.ltrans.o
 .text.oslib_test_003_001_setup
                0x0000000008005630       0x38 /tmp/cckp2Imm.ltrans0.ltrans.o
 *fill*         0x0000000008005668        0x8 
 .text.oslib_test_002_003_setup
                0x0000000008005670       0x1c /tmp/cckp2Imm.ltrans0.ltrans.o
 *fill*         0x000000000800568c        0x4 
 .text.oslib_test_002_002_setup
                0x0000000008005690        0x4 /tmp/cckp2Imm.ltrans0.ltrans.o
 *fill*         0x0000000008005694        0xc 
 .text.null_provider
                0x00000000080056a0        0x4 /tmp/cckp2Imm.ltrans0.ltrans.o
 *fill*         0x00000000080056a4        0xc 
 .text.oslib_test_002_001_setup
                0x00000000080056b0       0x14 /tmp/cckp2Imm.ltrans0.ltrans.o
 *fill*         0x00000000080056c4        0xc 
 .text.oslib_test_001_003_setup
                0x00000000080056d0       0x34 /tmp/cckp2Imm.ltrans0.ltrans.o
 *fill*         0x0000000008005704        0xc 
 .text.oslib_test_001_002_setup
                0x0000000008005710        0x4 /tmp/cckp2Imm.ltrans0.ltrans.o
 *fill*         0x0000000008005714        0xc 
 .text.oslib_test_001_001_setup
                0x0000000008005720        0x4 /tmp/cckp2Imm.ltrans0.ltrans.o
 *fill*         0x0000000008005724        0xc 
 .text.rt_test_010_011_setup
                0x0000000008005730       0x10 /tmp/cckp2Imm.ltrans0.ltrans.o
 .text.rt_test_010_010_setup
                0x0000000008005740       0x10 /tmp/cckp2Imm.ltrans0.ltrans.o
 .text.tmo      0x0000000008005750        0x4 /tmp/cckp2Imm.ltrans0.ltrans.o
 *fill*         0x0000000008005754        0xc 
 .text.rt_test_010_007_setup
                0x0000000008005760       0x10 /tmp/cckp2Imm.ltrans0.ltrans.o
 .text.rt_test_009_002_setup
                0x0000000008005770       0x18 /tmp/cckp2Imm.ltrans0.ltrans.o
 *fill*         0x0000000008005788        0x8 
 .text.rt_test_009_001_setup
                0x0000000008005790       0x38 /tmp/cckp2Imm.ltrans0.ltrans.o
 *fill*         0x00000000080057c8        0x8 
 .text.rt_test_008_007_setup
                0x00000000080057d0       0x18 /tmp/cckp2Imm.ltrans0.ltrans.o
 *fill*         0x00000000080057e8        0x8 
 .text.rt_test_008_006_setup
                0x00000000080057f0        0x4 /tmp/cckp2Imm.ltrans0.ltrans.o
 *fill*         0x00000000080057f4        0xc 
 .text.rt_test_008_005_setup
                0x0000000008005800        0x4 /tmp/cckp2Imm.ltrans0.ltrans.o
 *fill*         0x0000000008005804        0xc 
 .text.rt_test_008_004_setup
                0x0000000008005810        0x4 /tmp/cckp2Imm.ltrans0.ltrans.o
 *fill*         0x0000000008005814        0xc 
 .text.rt_test_008_003_setup
                0x0000000008005820        0x4 /tmp/cckp2Imm.ltrans0.ltrans.o
 *fill*         0x0000000008005824        0xc 
 .text.rt_test_008_002_setup
                0x0000000008005830        0x4 /tmp/cckp2Imm.ltrans0.ltrans.o
 *fill*         0x0000000008005834        0xc 
 .text.rt_test_006_009_setup
                0x0000000008005840       0x28 /tmp/cckp2Imm.ltrans0.ltrans.o
 *fill*         0x0000000008005868        0x8 
 .text.rt_test_006_008_setup
                0x0000000008005870       0x1c /tmp/cckp2Imm.ltrans0.ltrans.o
 *fill*         0x000000000800588c        0x4 
 .text.rt_test_006_007_setup
                0x0000000008005890        0x4 /tmp/cckp2Imm.ltrans0.ltrans.o
 *fill*         0x0000000008005894        0xc 
 .text.rt_test_006_005_setup
                0x00000000080058a0       0x10 /tmp/cckp2Imm.ltrans0.ltrans.o
 .text.rt_test_006_004_setup
                0x00000000080058b0       0x1c /tmp/cckp2Imm.ltrans0.ltrans.o
 *fill*         0x00000000080058cc        0x4 
 .text.rt_test_006_001_setup
                0x00000000080058d0        0x4 /tmp/cckp2Imm.ltrans0.ltrans.o
 *fill*         0x00000000080058d4        0xc 
 .text.rt_test_005_005_setup
                0x00000000080058e0       0x10 /tmp/cckp2Imm.ltrans0.ltrans.o
 .text.rt_test_005_004_setup
                0x00000000080058f0        0x4 /tmp/cckp2Imm.ltrans0.ltrans.o
 *fill*         0x00000000080058f4        0xc 
 .text.rt_test_005_003_setup
                0x0000000008005900        0x4 /tmp/cckp2Imm.ltrans0.ltrans.o
 *fill*         0x0000000008005904        0xc 
 .text.rt_test_005_002_setup
                0x0000000008005910        0x4 /tmp/cckp2Imm.ltrans0.ltrans.o
 *fill*         0x0000000008005914        0xc 
 .text.rt_test_005_001_setup
                0x0000000008005920       0x10 /tmp/cckp2Imm.ltrans0.ltrans.o
 .text.rt_test_004_001_setup
                0x0000000008005930        0xc /tmp/cckp2Imm.ltrans0.ltrans.o
 *fill*         0x000000000800593c        0x4 
 .text._test_assert
                0x0000000008005940       0x28 /tmp/cckp2Imm.ltrans0.ltrans.o
 *fill*         0x0000000008005968        0x8 
 .text.rt_test_002_004_execute
                0x0000000008005970       0x20 /tmp/cckp2Imm.ltrans0.ltrans.o
 .text.rt_test_002_003_execute
                0x0000000008005990       0x24 /tmp/cckp2Imm.ltrans0.ltrans.o
 *fill*         0x00000000080059b4        0xc 
 .text.test_terminate_threads
                0x00000000080059c0       0x34 /tmp/cckp2Imm.ltrans0.ltrans.o
 *fill*         0x00000000080059f4        0xc 
 .text.test_printn.part.0
                0x0000000008005a00       0x58 /tmp/cckp2Imm.ltrans0.ltrans.o
 *fill*         0x0000000008005a58        0x8 
 .text.test_printn
                0x0000000008005a60       0x18 /tmp/cckp2Imm.ltrans0.ltrans.o
 *fill*         0x0000000008005a78        0x8 
 .text.test_emit_token
                0x0000000008005a80       0x28 /tmp/cckp2Imm.ltrans0.ltrans.o
 *fill*         0x0000000008005aa8        0x8 
 .text.h3       0x0000000008005ab0        0x8 /tmp/cckp2Imm.ltrans0.ltrans.o
 *fill*         0x0000000008005ab8        0x8 
 .text.h2       0x0000000008005ac0        0x8 /tmp/cckp2Imm.ltrans0.ltrans.o
 *fill*         0x0000000008005ac8        0x8 
 .text.h1       0x0000000008005ad0        0x8 /tmp/cckp2Imm.ltrans0.ltrans.o
 *fill*         0x0000000008005ad8        0x8 
 .text.thread   0x0000000008005ae0        0x8 /tmp/cckp2Imm.ltrans0.ltrans.o
 *fill*         0x0000000008005ae8        0x8 
 .text.dyn_thread1
                0x0000000008005af0        0x4 /tmp/cckp2Imm.ltrans0.ltrans.o
 *fill*         0x0000000008005af4        0xc 
 .text.test_println
                0x0000000008005b00       0x38 /tmp/cckp2Imm.ltrans0.ltrans.o
 *fill*         0x0000000008005b38        0x8 
 .text.test_print
                0x0000000008005b40       0x24 /tmp/cckp2Imm.ltrans0.ltrans.o
 *fill*         0x0000000008005b64        0xc 
 .text._test_assert_sequence
                0x0000000008005b70       0x4c /tmp/cckp2Imm.ltrans0.ltrans.o
 *fill*         0x0000000008005bbc        0x4 
 .text.rt_test_008_002_execute
                0x0000000008005bc0       0x50 /tmp/cckp2Imm.ltrans0.ltrans.o
 .text.print_line
                0x0000000008005c10       0x2c /tmp/cckp2Imm.ltrans0.ltrans.o
 *fill*         0x0000000008005c3c        0x4 
 .text.usb_lld_start_in
                0x0000000008005c40       0x7c /tmp/cckp2Imm.ltrans0.ltrans.o
 *fill*         0x0000000008005cbc        0x4 
 .text.usb_lld_start_out
                0x0000000008005cc0       0x44 /tmp/cckp2Imm.ltrans0.ltrans.o
 *fill*         0x0000000008005d04        0xc 
 .text.usb_lld_init_endpoint
                0x0000000008005d10       0xdc /tmp/cckp2Imm.ltrans0.ltrans.o
 *fill*         0x0000000008005dec        0x4 
 .text.usb_lld_reset
                0x0000000008005df0       0x38 /tmp/cckp2Imm.ltrans0.ltrans.o
 *fill*         0x0000000008005e28        0x8 
 .text._usb_ep0out
                0x0000000008005e30       0xa4 /tmp/cckp2Imm.ltrans0.ltrans.o
 *fill*         0x0000000008005ed4        0xc 
 .text._usb_ep0in
                0x0000000008005ee0       0xf0 /tmp/cckp2Imm.ltrans0.ltrans.o
 .text._usb_ep0setup
                0x0000000008005fd0      0x448 /tmp/cckp2Imm.ltrans0.ltrans.o
 *fill*         0x0000000008006418        0x8 
 .text.usbStartTransmitI
                0x0000000008006420       0x2c /tmp/cckp2Imm.ltrans0.ltrans.o
 *fill*         0x000000000800644c        0x4 
 .text.set_address
                0x0000000008006450       0x28 /tmp/cckp2Imm.ltrans0.ltrans.o
 *fill*         0x0000000008006478        0x8 
 .text.sduInterruptTransmitted
                0x0000000008006480        0x4 /tmp/cckp2Imm.ltrans0.ltrans.o
 *fill*         0x0000000008006484        0xc 
 .text.sduRequestsHook
                0x0000000008006490       0x44 /tmp/cckp2Imm.ltrans0.ltrans.o
 *fill*         0x00000000080064d4        0xc 
 .text._ctl     0x00000000080064e0        0x4 /tmp/cckp2Imm.ltrans0.ltrans.o
 *fill*         0x00000000080064e4        0xc 
 .text.sdu_start_receive
                0x00000000080064f0       0x64 /tmp/cckp2Imm.ltrans0.ltrans.o
 *fill*         0x0000000008006554        0xc 
 .text.ibnotify
                0x0000000008006560        0x8 /tmp/cckp2Imm.ltrans0.ltrans.o
 *fill*         0x0000000008006568        0x8 
 .text.obqGetFullBufferI
                0x0000000008006570       0x1c /tmp/cckp2Imm.ltrans0.ltrans.o
 *fill*         0x000000000800658c        0x4 
 .text.obnotify
                0x0000000008006590       0x4c /tmp/cckp2Imm.ltrans0.ltrans.o
 *fill*         0x00000000080065dc        0x4 
 .text.sof_handler
                0x00000000080065e0       0x90 /tmp/cckp2Imm.ltrans0.ltrans.o
 .text._port_irq_epilogue
                0x0000000008006670       0x54 /tmp/cckp2Imm.ltrans0.ltrans.o
 *fill*         0x00000000080066c4        0xc 
 .text.chCoreAllocAlignedI
                0x00000000080066d0       0x34 /tmp/cckp2Imm.ltrans0.ltrans.o
 *fill*         0x0000000008006704        0xc 
 .text.chPoolAlloc
                0x0000000008006710       0x30 /tmp/cckp2Imm.ltrans0.ltrans.o
 .text.oslib_test_002_001_execute
                0x0000000008006740      0x10c /tmp/cckp2Imm.ltrans0.ltrans.o
 *fill*         0x000000000800684c        0x4 
 .text.chEvtAddEvents
                0x0000000008006850       0x1c /tmp/cckp2Imm.ltrans0.ltrans.o
 *fill*         0x000000000800686c        0x4 
 .text.chEvtUnregister
                0x0000000008006870       0x2c /tmp/cckp2Imm.ltrans0.ltrans.o
 *fill*         0x000000000800689c        0x4 
 .text.rt_test_008_001_execute
                0x00000000080068a0       0xf8 /tmp/cckp2Imm.ltrans0.ltrans.o
 *fill*         0x0000000008006998        0x8 
 .text.chThdCreateSuspendedI
                0x00000000080069a0       0x7c /tmp/cckp2Imm.ltrans0.ltrans.o
 *fill*         0x0000000008006a1c        0x4 
 .text.wakeup   0x0000000008006a20       0x70 /tmp/cckp2Imm.ltrans0.ltrans.o
 .text.chSchReadyI
                0x0000000008006a90       0x28 /tmp/cckp2Imm.ltrans0.ltrans.o
 *fill*         0x0000000008006ab8        0x8 
 .text.chThdDequeueNextI.constprop.86
                0x0000000008006ac0       0x20 /tmp/cckp2Imm.ltrans0.ltrans.o
 .text.chMBPostI.constprop.54
                0x0000000008006ae0       0x48 /tmp/cckp2Imm.ltrans0.ltrans.o
 *fill*         0x0000000008006b28        0x8 
 .text.chMBPostAheadI.constprop.51
                0x0000000008006b30       0x48 /tmp/cckp2Imm.ltrans0.ltrans.o
 *fill*         0x0000000008006b78        0x8 
 .text.chMBFetchI.constprop.48
                0x0000000008006b80       0x48 /tmp/cckp2Imm.ltrans0.ltrans.o
 *fill*         0x0000000008006bc8        0x8 
 .text.chCondSignalI.constprop.77
                0x0000000008006bd0       0x24 /tmp/cckp2Imm.ltrans0.ltrans.o
 *fill*         0x0000000008006bf4        0xc 
 .text.chEvtSignalI
                0x0000000008006c00       0x30 /tmp/cckp2Imm.ltrans0.ltrans.o
 .text.chEvtBroadcastFlagsI
                0x0000000008006c30       0x2c /tmp/cckp2Imm.ltrans0.ltrans.o
 *fill*         0x0000000008006c5c        0x4 
 .text.sduDataReceived
                0x0000000008006c60       0x60 /tmp/cckp2Imm.ltrans0.ltrans.o
 .text.sduDataTransmitted
                0x0000000008006cc0       0xa4 /tmp/cckp2Imm.ltrans0.ltrans.o
 *fill*         0x0000000008006d64        0xc 
 .text.chMtxUnlockS
                0x0000000008006d70       0x50 /tmp/cckp2Imm.ltrans0.ltrans.o
 .text.chSemSignalI
                0x0000000008006dc0       0x24 /tmp/cckp2Imm.ltrans0.ltrans.o
 *fill*         0x0000000008006de4        0xc 
 .text.chThdDequeueAllI
                0x0000000008006df0       0x24 /tmp/cckp2Imm.ltrans0.ltrans.o
 *fill*         0x0000000008006e14        0xc 
 .text.chVTDoResetI
                0x0000000008006e20       0x84 /tmp/cckp2Imm.ltrans0.ltrans.o
 *fill*         0x0000000008006ea4        0xc 
 .text.chVTDoSetI
                0x0000000008006eb0       0xc4 /tmp/cckp2Imm.ltrans0.ltrans.o
 *fill*         0x0000000008006f74        0xc 
 .text.chSysGetStatusAndLockX.part.1
                0x0000000008006f80        0xc /tmp/cckp2Imm.ltrans0.ltrans.o
 *fill*         0x0000000008006f8c        0x4 
 .text.chSysIntegrityCheckI
                0x0000000008006f90       0xa4 /tmp/cckp2Imm.ltrans0.ltrans.o
 *fill*         0x0000000008007034        0xc 
 .text.rt_test_002_001_execute
                0x0000000008007040       0xa8 /tmp/cckp2Imm.ltrans0.ltrans.o
 *fill*         0x00000000080070e8        0x8 
 .text._idle_thread
                0x00000000080070f0        0x4 /tmp/cckp2Imm.ltrans0.ltrans.o
 *fill*         0x00000000080070f4        0xc 
 .text.usbInitEndpointI
                0x0000000008007100       0x2c /tmp/cckp2Imm.ltrans0.ltrans.o
 *fill*         0x000000000800712c        0x4 
 .text.usb_event
                0x0000000008007130       0xdc /tmp/cckp2Imm.ltrans0.ltrans.o
 *fill*         0x000000000800720c        0x4 
 .text.parse_arguments
                0x0000000008007210       0x54 /tmp/cckp2Imm.ltrans0.ltrans.o
 *fill*         0x0000000008007264        0xc 
 .text.chprintf
                0x0000000008007270      0x3e4 /tmp/cckp2Imm.ltrans0.ltrans.o
 *fill*         0x0000000008007654        0xc 
 .text.cmd_write
                0x0000000008007660       0x4c /tmp/cckp2Imm.ltrans0.ltrans.o
 *fill*         0x00000000080076ac        0x4 
 .text.cmd_systime
                0x00000000080076b0       0x34 /tmp/cckp2Imm.ltrans0.ltrans.o
 *fill*         0x00000000080076e4        0xc 
 .text.cmd_echo
                0x00000000080076f0       0x20 /tmp/cckp2Imm.ltrans0.ltrans.o
 .text.cmd_info
                0x0000000008007710       0xbc /tmp/cckp2Imm.ltrans0.ltrans.o
 *fill*         0x00000000080077cc        0x4 
 .text.rt_test_010_012_execute
                0x00000000080077d0       0xfc /tmp/cckp2Imm.ltrans0.ltrans.o
 *fill*         0x00000000080078cc        0x4 
 .text.rt_test_001_003_execute
                0x00000000080078d0      0x3e0 /tmp/cckp2Imm.ltrans0.ltrans.o
 .text.rt_test_001_002_execute
                0x0000000008007cb0       0x8c /tmp/cckp2Imm.ltrans0.ltrans.o
 *fill*         0x0000000008007d3c        0x4 
 .text.rt_test_001_001_execute
                0x0000000008007d40       0xa8 /tmp/cckp2Imm.ltrans0.ltrans.o
 *fill*         0x0000000008007de8        0x8 
 .text.dyn_find_object
                0x0000000008007df0       0x34 /tmp/cckp2Imm.ltrans0.ltrans.o
 *fill*         0x0000000008007e24        0xc 
 .text.dyn_create_object_pool
                0x0000000008007e30       0x50 /tmp/cckp2Imm.ltrans0.ltrans.o
 .text.chThdYield
                0x0000000008007e80       0x58 /tmp/cckp2Imm.ltrans0.ltrans.o
 *fill*         0x0000000008007ed8        0x8 
 .text.bmk_thread8
                0x0000000008007ee0       0x2c /tmp/cckp2Imm.ltrans0.ltrans.o
 *fill*         0x0000000008007f0c        0x4 
 .text.chSchWakeupS
                0x0000000008007f10       0x60 /tmp/cckp2Imm.ltrans0.ltrans.o
 .text.chThdCreateStatic.constprop.89
                0x0000000008007f70       0x88 /tmp/cckp2Imm.ltrans0.ltrans.o
 *fill*         0x0000000008007ff8        0x8 
 .text.chCondSignal.constprop.78
                0x0000000008008000       0x28 /tmp/cckp2Imm.ltrans0.ltrans.o
 *fill*         0x0000000008008028        0x8 
 .text.chThdCreateFromMemoryPool.constprop.59
                0x0000000008008030       0x5c /tmp/cckp2Imm.ltrans0.ltrans.o
 *fill*         0x000000000800808c        0x4 
 .text.chSemSignal
                0x0000000008008090       0x34 /tmp/cckp2Imm.ltrans0.ltrans.o
 *fill*         0x00000000080080c4        0xc 
 .text.chSchGoSleepS
                0x00000000080080d0       0x28 /tmp/cckp2Imm.ltrans0.ltrans.o
 *fill*         0x00000000080080f8        0x8 
 .text.chEvtWaitOne.constprop.66
                0x0000000008008100       0x34 /tmp/cckp2Imm.ltrans0.ltrans.o
 *fill*         0x0000000008008134        0xc 
 .text.chEvtWaitAny.constprop.65
                0x0000000008008140       0x2c /tmp/cckp2Imm.ltrans0.ltrans.o
 *fill*         0x000000000800816c        0x4 
 .text.chEvtWaitAll.constprop.64
                0x0000000008008170       0x38 /tmp/cckp2Imm.ltrans0.ltrans.o
 *fill*         0x00000000080081a8        0x8 
 .text.bmk_thread4
                0x00000000080081b0       0x24 /tmp/cckp2Imm.ltrans0.ltrans.o
 *fill*         0x00000000080081d4        0xc 
 .text.chSchGoSleepTimeoutS
                0x00000000080081e0       0x44 /tmp/cckp2Imm.ltrans0.ltrans.o
 *fill*         0x0000000008008224        0xc 
 .text.chSemWaitTimeout.constprop.85
                0x0000000008008230       0x50 /tmp/cckp2Imm.ltrans0.ltrans.o
 .text.chGuardedPoolAllocTimeout.constprop.43
                0x0000000008008280       0x68 /tmp/cckp2Imm.ltrans0.ltrans.o
 *fill*         0x00000000080082e8        0x8 
 .text.oslib_test_002_003_execute
                0x00000000080082f0       0x28 /tmp/cckp2Imm.ltrans0.ltrans.o
 *fill*         0x0000000008008318        0x8 
 .text.rt_test_008_006_execute
                0x0000000008008320      0x168 /tmp/cckp2Imm.ltrans0.ltrans.o
 *fill*         0x0000000008008488        0x8 
 .text.chThdEnqueueTimeoutS
                0x0000000008008490       0x28 /tmp/cckp2Imm.ltrans0.ltrans.o
 *fill*         0x00000000080084b8        0x8 
 .text.obqGetEmptyBufferTimeoutS
                0x00000000080084c0       0x34 /tmp/cckp2Imm.ltrans0.ltrans.o
 *fill*         0x00000000080084f4        0xc 
 .text.obqWriteTimeout
                0x0000000008008500      0x110 /tmp/cckp2Imm.ltrans0.ltrans.o
 .text._writet  0x0000000008008610        0x8 /tmp/cckp2Imm.ltrans0.ltrans.o
 *fill*         0x0000000008008618        0x8 
 .text._write   0x0000000008008620        0xc /tmp/cckp2Imm.ltrans0.ltrans.o
 *fill*         0x000000000800862c        0x4 
 .text.obqPutTimeout
                0x0000000008008630       0x64 /tmp/cckp2Imm.ltrans0.ltrans.o
 *fill*         0x0000000008008694        0xc 
 .text._putt    0x00000000080086a0        0x8 /tmp/cckp2Imm.ltrans0.ltrans.o
 *fill*         0x00000000080086a8        0x8 
 .text._put     0x00000000080086b0        0xc /tmp/cckp2Imm.ltrans0.ltrans.o
 *fill*         0x00000000080086bc        0x4 
 .text.ibqGetFullBufferTimeoutS
                0x00000000080086c0       0x34 /tmp/cckp2Imm.ltrans0.ltrans.o
 *fill*         0x00000000080086f4        0xc 
 .text.ibqReadTimeout
                0x0000000008008700      0x118 /tmp/cckp2Imm.ltrans0.ltrans.o
 *fill*         0x0000000008008818        0x8 
 .text._readt   0x0000000008008820        0x8 /tmp/cckp2Imm.ltrans0.ltrans.o
 *fill*         0x0000000008008828        0x8 
 .text._read    0x0000000008008830        0xc /tmp/cckp2Imm.ltrans0.ltrans.o
 *fill*         0x000000000800883c        0x4 
 .text.ibqGetTimeout
                0x0000000008008840       0x5c /tmp/cckp2Imm.ltrans0.ltrans.o
 *fill*         0x000000000800889c        0x4 
 .text._gett    0x00000000080088a0        0x8 /tmp/cckp2Imm.ltrans0.ltrans.o
 *fill*         0x00000000080088a8        0x8 
 .text._get     0x00000000080088b0        0xc /tmp/cckp2Imm.ltrans0.ltrans.o
 *fill*         0x00000000080088bc        0x4 
 .text.chThdSleep
                0x00000000080088c0       0x18 /tmp/cckp2Imm.ltrans0.ltrans.o
 *fill*         0x00000000080088d8        0x8 
 .text.Thread1  0x00000000080088e0       0x44 /tmp/cckp2Imm.ltrans0.ltrans.o
 *fill*         0x0000000008008924        0xc 
 .text.rt_test_003_001_execute
                0x0000000008008930       0xd0 /tmp/cckp2Imm.ltrans0.ltrans.o
 .text.test_wait_tick
                0x0000000008008a00       0x20 /tmp/cckp2Imm.ltrans0.ltrans.o
 .text.rt_test_010_009_execute
                0x0000000008008a20       0xa0 /tmp/cckp2Imm.ltrans0.ltrans.o
 .text.test_execute
                0x0000000008008ac0      0x348 /tmp/cckp2Imm.ltrans0.ltrans.o
 *fill*         0x0000000008008e08        0x8 
 .text.test_rt  0x0000000008008e10        0xc /tmp/cckp2Imm.ltrans0.ltrans.o
 *fill*         0x0000000008008e1c        0x4 
 .text.test_oslib
                0x0000000008008e20        0xc /tmp/cckp2Imm.ltrans0.ltrans.o
 *fill*         0x0000000008008e2c        0x4 
 .text.chMsgWait
                0x0000000008008e30       0x40 /tmp/cckp2Imm.ltrans0.ltrans.o
 .text.bmk_thread1
                0x0000000008008e70       0x20 /tmp/cckp2Imm.ltrans0.ltrans.o
 .text.chMsgSend
                0x0000000008008e90       0x40 /tmp/cckp2Imm.ltrans0.ltrans.o
 .text.msg_loop_test
                0x0000000008008ed0       0x40 /tmp/cckp2Imm.ltrans0.ltrans.o
 .text.msg_thread1
                0x0000000008008f10       0x28 /tmp/cckp2Imm.ltrans0.ltrans.o
 *fill*         0x0000000008008f38        0x8 
 .text.chMtxLockS
                0x0000000008008f40       0xe8 /tmp/cckp2Imm.ltrans0.ltrans.o
 *fill*         0x0000000008009028        0x8 
 .text.chMtxLock
                0x0000000008009030       0x14 /tmp/cckp2Imm.ltrans0.ltrans.o
 *fill*         0x0000000008009044        0xc 
 .text.chSemWait
                0x0000000008009050       0x44 /tmp/cckp2Imm.ltrans0.ltrans.o
 *fill*         0x0000000008009094        0xc 
 .text.rt_test_010_010_execute
                0x00000000080090a0       0x90 /tmp/cckp2Imm.ltrans0.ltrans.o
 .text.bmk_thread7
                0x0000000008009130       0x2c /tmp/cckp2Imm.ltrans0.ltrans.o
 *fill*         0x000000000800915c        0x4 
 .text.thread3  0x0000000008009160       0x18 /tmp/cckp2Imm.ltrans0.ltrans.o
 *fill*         0x0000000008009178        0x8 
 .text.thread1.lto_priv.98
                0x0000000008009180       0x18 /tmp/cckp2Imm.ltrans0.ltrans.o
 *fill*         0x0000000008009198        0x8 
 .text.chThdExitS
                0x00000000080091a0       0x48 /tmp/cckp2Imm.ltrans0.ltrans.o
 *fill*         0x00000000080091e8        0x8 
 .text.shellThread
                0x00000000080091f0      0x220 /tmp/cckp2Imm.ltrans0.ltrans.o
 .text.cmd_exit
                0x0000000008009410       0x34 /tmp/cckp2Imm.ltrans0.ltrans.o
 *fill*         0x0000000008009444        0xc 
 .text.__early_init
                0x0000000008009450       0x7c /tmp/cckp2Imm.ltrans0.ltrans.o
                0x0000000008009450                __early_init
 *fill*         0x00000000080094cc        0x4 
 .text.Vector90
                0x00000000080094d0      0x318 /tmp/cckp2Imm.ltrans0.ltrans.o
                0x00000000080094d0                Vector90
 *fill*         0x00000000080097e8        0x8 
 .text.VectorB0
                0x00000000080097f0       0xa0 /tmp/cckp2Imm.ltrans0.ltrans.o
                0x00000000080097f0                VectorB0
 .text.VectorE0
                0x0000000008009890      0x11c /tmp/cckp2Imm.ltrans0.ltrans.o
                0x0000000008009890                VectorE0
 *fill*         0x00000000080099ac        0x4 
 .text.Vector9C
                0x00000000080099b0       0xe8 /tmp/cckp2Imm.ltrans0.ltrans.o
                0x00000000080099b0                Vector9C
 *fill*         0x0000000008009a98        0x8 
 .text.Vector68
                0x0000000008009aa0       0x44 /tmp/cckp2Imm.ltrans0.ltrans.o
                0x0000000008009aa0                Vector68
 *fill*         0x0000000008009ae4        0xc 
 .text.Vector64
                0x0000000008009af0       0x44 /tmp/cckp2Imm.ltrans0.ltrans.o
                0x0000000008009af0                Vector64
 *fill*         0x0000000008009b34        0xc 
 .text.Vector60
                0x0000000008009b40       0x44 /tmp/cckp2Imm.ltrans0.ltrans.o
                0x0000000008009b40                Vector60
 *fill*         0x0000000008009b84        0xc 
 .text.Vector5C
                0x0000000008009b90       0x44 /tmp/cckp2Imm.ltrans0.ltrans.o
                0x0000000008009b90                Vector5C
 *fill*         0x0000000008009bd4        0xc 
 .text.Vector58
                0x0000000008009be0       0x40 /tmp/cckp2Imm.ltrans0.ltrans.o
                0x0000000008009be0                Vector58
 .text.SVC_Handler
                0x0000000008009c20       0x14 /tmp/cckp2Imm.ltrans0.ltrans.o
                0x0000000008009c20                SVC_Handler
 *fill*         0x0000000008009c34        0xc 
 .text.chThdExit
                0x0000000008009c40        0xc /tmp/cckp2Imm.ltrans0.ltrans.o
                0x0000000008009c40                chThdExit
 *fill*         0x0000000008009c4c        0x4 
 .text.bmk_thread3
                0x0000000008009c50        0x4 /tmp/cckp2Imm.ltrans0.ltrans.o
 *fill*         0x0000000008009c54        0xc 
 .text.chSchDoRescheduleAhead
                0x0000000008009c60       0x40 /tmp/cckp2Imm.ltrans0.ltrans.o
                0x0000000008009c60                chSchDoReschedule
 .text.chSchRescheduleS
                0x0000000008009ca0       0x18 /tmp/cckp2Imm.ltrans0.ltrans.o
 *fill*         0x0000000008009cb8        0x8 
 .text.chSemSignalWait.constprop.82
                0x0000000008009cc0       0x68 /tmp/cckp2Imm.ltrans0.ltrans.o
 *fill*         0x0000000008009d28        0x8 
 .text.rt_test_005_005_execute
                0x0000000008009d30       0x9c /tmp/cckp2Imm.ltrans0.ltrans.o
 *fill*         0x0000000008009dcc        0x4 
 .text.chMBReset.constprop.57
                0x0000000008009dd0       0x40 /tmp/cckp2Imm.ltrans0.ltrans.o
 .text.oslib_test_001_003_teardown
                0x0000000008009e10        0x4 /tmp/cckp2Imm.ltrans0.ltrans.o
 *fill*         0x0000000008009e14        0xc 
 .text.oslib_test_001_002_teardown
                0x0000000008009e20        0x4 /tmp/cckp2Imm.ltrans0.ltrans.o
 *fill*         0x0000000008009e24        0xc 
 .text.oslib_test_001_001_teardown
                0x0000000008009e30        0x4 /tmp/cckp2Imm.ltrans0.ltrans.o
 *fill*         0x0000000008009e34        0xc 
 .text.chMBPostTimeout.constprop.55
                0x0000000008009e40       0x6c /tmp/cckp2Imm.ltrans0.ltrans.o
 *fill*         0x0000000008009eac        0x4 
 .text.chMBPostAheadTimeout.constprop.52
                0x0000000008009eb0       0x6c /tmp/cckp2Imm.ltrans0.ltrans.o
 *fill*         0x0000000008009f1c        0x4 
 .text.chMBFetchTimeout.constprop.49
                0x0000000008009f20       0x6c /tmp/cckp2Imm.ltrans0.ltrans.o
 *fill*         0x0000000008009f8c        0x4 
 .text.oslib_test_001_003_execute
                0x0000000008009f90      0x114 /tmp/cckp2Imm.ltrans0.ltrans.o
 *fill*         0x000000000800a0a4        0xc 
 .text.oslib_test_001_002_execute
                0x000000000800a0b0      0x2f8 /tmp/cckp2Imm.ltrans0.ltrans.o
 *fill*         0x000000000800a3a8        0x8 
 .text.oslib_test_001_001_execute
                0x000000000800a3b0      0x30c /tmp/cckp2Imm.ltrans0.ltrans.o
 *fill*         0x000000000800a6bc        0x4 
 .text.oslib_test_002_002_execute
                0x000000000800a6c0      0x100 /tmp/cckp2Imm.ltrans0.ltrans.o
 .text.evt_thread7
                0x000000000800a7c0       0x40 /tmp/cckp2Imm.ltrans0.ltrans.o
 .text.evt_thread3
                0x000000000800a800       0x24 /tmp/cckp2Imm.ltrans0.ltrans.o
 *fill*         0x000000000800a824        0xc 
 .text.thread4B
                0x000000000800a830       0x30 /tmp/cckp2Imm.ltrans0.ltrans.o
 .text.thread2  0x000000000800a860       0x24 /tmp/cckp2Imm.ltrans0.ltrans.o
 *fill*         0x000000000800a884        0xc 
 .text.thread4  0x000000000800a890       0x2c /tmp/cckp2Imm.ltrans0.ltrans.o
 *fill*         0x000000000800a8bc        0x4 
 .text.thread1.lto_priv.97
                0x000000000800a8c0       0x34 /tmp/cckp2Imm.ltrans0.ltrans.o
 *fill*         0x000000000800a8f4        0xc 
 .text.chMtxUnlock
                0x000000000800a900       0x64 /tmp/cckp2Imm.ltrans0.ltrans.o
 *fill*         0x000000000800a964        0xc 
 .text.chHeapAllocAligned.constprop.60
                0x000000000800a970       0xec /tmp/cckp2Imm.ltrans0.ltrans.o
 *fill*         0x000000000800aa5c        0x4 
 .text.dyn_create_object_heap
                0x000000000800aa60       0x50 /tmp/cckp2Imm.ltrans0.ltrans.o
 .text.chThdCreateFromHeap
                0x000000000800aab0       0x4c /tmp/cckp2Imm.ltrans0.ltrans.o
 *fill*         0x000000000800aafc        0x4 
 .text.chFactoryRegisterObject.constprop.40
                0x000000000800ab00       0x30 /tmp/cckp2Imm.ltrans0.ltrans.o
 .text.chFactoryFindObject.constprop.39
                0x000000000800ab30       0x28 /tmp/cckp2Imm.ltrans0.ltrans.o
 *fill*         0x000000000800ab58        0x8 
 .text.chFactoryCreateBuffer.constprop.38
                0x000000000800ab60       0x38 /tmp/cckp2Imm.ltrans0.ltrans.o
 *fill*         0x000000000800ab98        0x8 
 .text.chFactoryFindBuffer.constprop.37
                0x000000000800aba0       0x28 /tmp/cckp2Imm.ltrans0.ltrans.o
 *fill*         0x000000000800abc8        0x8 
 .text.chFactoryCreateSemaphore.constprop.36
                0x000000000800abd0       0x38 /tmp/cckp2Imm.ltrans0.ltrans.o
 *fill*         0x000000000800ac08        0x8 
 .text.chFactoryFindSemaphore.constprop.35
                0x000000000800ac10       0x28 /tmp/cckp2Imm.ltrans0.ltrans.o
 *fill*         0x000000000800ac38        0x8 
 .text.chFactoryCreateMailbox.constprop.34
                0x000000000800ac40       0x54 /tmp/cckp2Imm.ltrans0.ltrans.o
 *fill*         0x000000000800ac94        0xc 
 .text.chFactoryFindMailbox.constprop.33
                0x000000000800aca0       0x28 /tmp/cckp2Imm.ltrans0.ltrans.o
 *fill*         0x000000000800acc8        0x8 
 .text.chFactoryCreateObjectsFIFO.constprop.32
                0x000000000800acd0       0xa0 /tmp/cckp2Imm.ltrans0.ltrans.o
 .text.chFactoryFindObjectsFIFO.constprop.31
                0x000000000800ad70       0x28 /tmp/cckp2Imm.ltrans0.ltrans.o
 *fill*         0x000000000800ad98        0x8 
 .text.rt_test_010_011_execute
                0x000000000800ada0       0x90 /tmp/cckp2Imm.ltrans0.ltrans.o
 .text.thread8  0x000000000800ae30       0x88 /tmp/cckp2Imm.ltrans0.ltrans.o
 *fill*         0x000000000800aeb8        0x8 
 .text.thread6  0x000000000800aec0       0x6c /tmp/cckp2Imm.ltrans0.ltrans.o
 *fill*         0x000000000800af2c        0x4 
 .text.thread9  0x000000000800af30       0x20 /tmp/cckp2Imm.ltrans0.ltrans.o
 .text.rt_test_006_005_execute
                0x000000000800af50      0x15c /tmp/cckp2Imm.ltrans0.ltrans.o
 *fill*         0x000000000800b0ac        0x4 
 .text.rt_test_006_004_execute
                0x000000000800b0b0      0x130 /tmp/cckp2Imm.ltrans0.ltrans.o
 .text.thread4A
                0x000000000800b1e0       0x20 /tmp/cckp2Imm.ltrans0.ltrans.o
 .text.thread1.lto_priv.99
                0x000000000800b200       0x20 /tmp/cckp2Imm.ltrans0.ltrans.o
 .text.chFactoryReleaseSemaphore
                0x000000000800b220       0x64 /tmp/cckp2Imm.ltrans0.ltrans.o
 *fill*         0x000000000800b284        0xc 
 .text.oslib_test_004_003_execute
                0x000000000800b290      0x128 /tmp/cckp2Imm.ltrans0.ltrans.o
 *fill*         0x000000000800b3b8        0x8 
 .text.oslib_test_004_003_teardown
                0x000000000800b3c0       0x1c /tmp/cckp2Imm.ltrans0.ltrans.o
 *fill*         0x000000000800b3dc        0x4 
 .text.chFactoryReleaseObject
                0x000000000800b3e0       0x64 /tmp/cckp2Imm.ltrans0.ltrans.o
 *fill*         0x000000000800b444        0xc 
 .text.oslib_test_004_001_execute
                0x000000000800b450      0x174 /tmp/cckp2Imm.ltrans0.ltrans.o
 *fill*         0x000000000800b5c4        0xc 
 .text.oslib_test_004_001_teardown
                0x000000000800b5d0       0x1c /tmp/cckp2Imm.ltrans0.ltrans.o
 *fill*         0x000000000800b5ec        0x4 
 .text.chHeapStatus
                0x000000000800b5f0       0x68 /tmp/cckp2Imm.ltrans0.ltrans.o
 *fill*         0x000000000800b658        0x8 
 .text.cmd_mem  0x000000000800b660       0x70 /tmp/cckp2Imm.ltrans0.ltrans.o
 .text.chHeapFree
                0x000000000800b6d0       0x94 /tmp/cckp2Imm.ltrans0.ltrans.o
 *fill*         0x000000000800b764        0xc 
 .text.oslib_test_003_002_execute
                0x000000000800b770       0x64 /tmp/cckp2Imm.ltrans0.ltrans.o
 *fill*         0x000000000800b7d4        0xc 
 .text.oslib_test_003_001_execute
                0x000000000800b7e0      0x32c /tmp/cckp2Imm.ltrans0.ltrans.o
 *fill*         0x000000000800bb0c        0x4 
 .text.dyn_release_object_heap.part.3
                0x000000000800bb10       0x20 /tmp/cckp2Imm.ltrans0.ltrans.o
 .text.chFactoryReleaseObjectsFIFO
                0x000000000800bb30       0x2c /tmp/cckp2Imm.ltrans0.ltrans.o
 *fill*         0x000000000800bb5c        0x4 
 .text.oslib_test_004_005_execute
                0x000000000800bb60      0x128 /tmp/cckp2Imm.ltrans0.ltrans.o
 *fill*         0x000000000800bc88        0x8 
 .text.oslib_test_004_005_teardown
                0x000000000800bc90       0x1c /tmp/cckp2Imm.ltrans0.ltrans.o
 *fill*         0x000000000800bcac        0x4 
 .text.chFactoryReleaseMailbox
                0x000000000800bcb0       0x2c /tmp/cckp2Imm.ltrans0.ltrans.o
 *fill*         0x000000000800bcdc        0x4 
 .text.oslib_test_004_004_execute
                0x000000000800bce0      0x128 /tmp/cckp2Imm.ltrans0.ltrans.o
 *fill*         0x000000000800be08        0x8 
 .text.oslib_test_004_004_teardown
                0x000000000800be10       0x1c /tmp/cckp2Imm.ltrans0.ltrans.o
 *fill*         0x000000000800be2c        0x4 
 .text.chFactoryReleaseBuffer
                0x000000000800be30       0x2c /tmp/cckp2Imm.ltrans0.ltrans.o
 *fill*         0x000000000800be5c        0x4 
 .text.oslib_test_004_002_execute
                0x000000000800be60      0x128 /tmp/cckp2Imm.ltrans0.ltrans.o
 *fill*         0x000000000800bf88        0x8 
 .text.oslib_test_004_002_teardown
                0x000000000800bf90       0x1c /tmp/cckp2Imm.ltrans0.ltrans.o
 *fill*         0x000000000800bfac        0x4 
 .text.chThdRelease
                0x000000000800bfb0       0x64 /tmp/cckp2Imm.ltrans0.ltrans.o
 *fill*         0x000000000800c014        0xc 
 .text.cmd_threads
                0x000000000800c020       0xc4 /tmp/cckp2Imm.ltrans0.ltrans.o
 *fill*         0x000000000800c0e4        0xc 
 .text.rt_test_010_006_execute
                0x000000000800c0f0       0x84 /tmp/cckp2Imm.ltrans0.ltrans.o
 *fill*         0x000000000800c174        0xc 
 .text.chThdWait
                0x000000000800c180       0x38 /tmp/cckp2Imm.ltrans0.ltrans.o
 *fill*         0x000000000800c1b8        0x8 
 .text.startup.main
                0x000000000800c1c0      0x494 /tmp/cckp2Imm.ltrans0.ltrans.o
                0x000000000800c1c0                main
 *fill*         0x000000000800c654        0xc 
 .text.cmd_test
                0x000000000800c660       0x8c /tmp/cckp2Imm.ltrans0.ltrans.o
 *fill*         0x000000000800c6ec        0x4 
 .text.rt_test_010_005_execute
                0x000000000800c6f0       0x84 /tmp/cckp2Imm.ltrans0.ltrans.o
 *fill*         0x000000000800c774        0xc 
 .text.test_wait_threads
                0x000000000800c780       0x24 /tmp/cckp2Imm.ltrans0.ltrans.o
 *fill*         0x000000000800c7a4        0xc 
 .text.rt_test_010_008_execute
                0x000000000800c7b0       0xe4 /tmp/cckp2Imm.ltrans0.ltrans.o
 *fill*         0x000000000800c894        0xc 
 .text.rt_test_010_004_execute
                0x000000000800c8a0       0xd0 /tmp/cckp2Imm.ltrans0.ltrans.o
 .text.rt_test_010_003_execute
                0x000000000800c970       0xd8 /tmp/cckp2Imm.ltrans0.ltrans.o
 *fill*         0x000000000800ca48        0x8 
 .text.rt_test_010_002_execute
                0x000000000800ca50       0x74 /tmp/cckp2Imm.ltrans0.ltrans.o
 *fill*         0x000000000800cac4        0xc 
 .text.rt_test_010_001_execute
                0x000000000800cad0       0x74 /tmp/cckp2Imm.ltrans0.ltrans.o
 *fill*         0x000000000800cb44        0xc 
 .text.rt_test_009_002_execute
                0x000000000800cb50      0x150 /tmp/cckp2Imm.ltrans0.ltrans.o
 .text.rt_test_009_001_execute
                0x000000000800cca0      0x174 /tmp/cckp2Imm.ltrans0.ltrans.o
 *fill*         0x000000000800ce14        0xc 
 .text.rt_test_008_007_execute
                0x000000000800ce20      0x12c /tmp/cckp2Imm.ltrans0.ltrans.o
 *fill*         0x000000000800cf4c        0x4 
 .text.rt_test_008_005_execute
                0x000000000800cf50       0xcc /tmp/cckp2Imm.ltrans0.ltrans.o
 *fill*         0x000000000800d01c        0x4 
 .text.rt_test_008_004_execute
                0x000000000800d020       0xc8 /tmp/cckp2Imm.ltrans0.ltrans.o
 *fill*         0x000000000800d0e8        0x8 
 .text.rt_test_008_003_execute
                0x000000000800d0f0       0xf8 /tmp/cckp2Imm.ltrans0.ltrans.o
 *fill*         0x000000000800d1e8        0x8 
 .text.rt_test_007_001_execute
                0x000000000800d1f0       0x70 /tmp/cckp2Imm.ltrans0.ltrans.o
 .text.rt_test_006_009_execute
                0x000000000800d260       0xa4 /tmp/cckp2Imm.ltrans0.ltrans.o
 *fill*         0x000000000800d304        0xc 
 .text.rt_test_006_008_execute
                0x000000000800d310       0xe0 /tmp/cckp2Imm.ltrans0.ltrans.o
 .text.rt_test_006_007_execute
                0x000000000800d3f0       0xd4 /tmp/cckp2Imm.ltrans0.ltrans.o
 *fill*         0x000000000800d4c4        0xc 
 .text.rt_test_005_006_teardown
                0x000000000800d4d0        0x4 /tmp/cckp2Imm.ltrans0.ltrans.o
 *fill*         0x000000000800d4d4        0xc 
 .text.rt_test_006_004_teardown
                0x000000000800d4e0        0x4 /tmp/cckp2Imm.ltrans0.ltrans.o
 *fill*         0x000000000800d4e4        0xc 
 .text.rt_test_006_001_execute
                0x000000000800d4f0       0xd8 /tmp/cckp2Imm.ltrans0.ltrans.o
 *fill*         0x000000000800d5c8        0x8 
 .text.rt_test_005_005_teardown
                0x000000000800d5d0        0x4 /tmp/cckp2Imm.ltrans0.ltrans.o
 *fill*         0x000000000800d5d4        0xc 
 .text.rt_test_005_004_execute
                0x000000000800d5e0       0xb4 /tmp/cckp2Imm.ltrans0.ltrans.o
 *fill*         0x000000000800d694        0xc 
 .text.rt_test_005_003_execute
                0x000000000800d6a0      0x160 /tmp/cckp2Imm.ltrans0.ltrans.o
 .text.rt_test_005_002_execute
                0x000000000800d800       0xe4 /tmp/cckp2Imm.ltrans0.ltrans.o
 *fill*         0x000000000800d8e4        0xc 
 .text.rt_test_004_001_execute
                0x000000000800d8f0       0xf0 /tmp/cckp2Imm.ltrans0.ltrans.o
 .text.rt_test_003_002_execute
                0x000000000800d9e0      0x194 /tmp/cckp2Imm.ltrans0.ltrans.o
 *fill*         0x000000000800db74        0xc 
 .text.chSemReset
                0x000000000800db80       0x38 /tmp/cckp2Imm.ltrans0.ltrans.o
 *fill*         0x000000000800dbb8        0x8 
 .text.rt_test_010_007_execute
                0x000000000800dbc0      0x118 /tmp/cckp2Imm.ltrans0.ltrans.o
 *fill*         0x000000000800dcd8        0x8 
 .text.rt_test_005_006_execute
                0x000000000800dce0      0x1b0 /tmp/cckp2Imm.ltrans0.ltrans.o
 .text.rt_test_005_001_execute
                0x000000000800de90       0xbc /tmp/cckp2Imm.ltrans0.ltrans.o
 *fill*         0x000000000800df4c        0x4 
 .text.rt_test_005_001_teardown
                0x000000000800df50        0xc /tmp/cckp2Imm.ltrans0.ltrans.o
 *fill*         0x000000000800df5c        0x4 
 .text.chThdSetPriority
                0x000000000800df60       0x30 /tmp/cckp2Imm.ltrans0.ltrans.o
 .text.rt_test_003_004_execute
                0x000000000800df90       0xdc /tmp/cckp2Imm.ltrans0.ltrans.o
 *fill*         0x000000000800e06c        0x4 
 .text.rt_test_003_003_execute
                0x000000000800e070       0x88 /tmp/cckp2Imm.ltrans0.ltrans.o
 *fill*         0x000000000800e0f8        0x8 
 .text.chSysRestoreStatusX.part.2
                0x000000000800e100       0x20 /tmp/cckp2Imm.ltrans0.ltrans.o
 .text.rt_test_002_002_execute
                0x000000000800e120       0xd4 /tmp/cckp2Imm.ltrans0.ltrans.o
 *fill*         0x000000000800e1f4        0xc 
 .text.vtcb     0x000000000800e200       0x28 /tmp/cckp2Imm.ltrans0.ltrans.o
 *fill*         0x000000000800e228        0x8 
 .text.__init_ram_areas
                0x000000000800e230       0x68 /tmp/cckp2Imm.ltrans0.ltrans.o
                0x000000000800e230                __init_ram_areas
 *fill*         0x000000000800e298        0x8 
 .text.__default_exit
                0x000000000800e2a0        0x4 /tmp/cckp2Imm.ltrans0.ltrans.o
                0x000000000800e2a0                __default_exit
 *fill*         0x000000000800e2a4        0xc 
 .text.__late_init
                0x000000000800e2b0        0x4 /tmp/cckp2Imm.ltrans0.ltrans.o
                0x000000000800e2b0                __late_init
 *fill*         0x000000000800e2b4        0xc 
 .text.__core_init
                0x000000000800e2c0        0x4 /tmp/cckp2Imm.ltrans0.ltrans.o
                0x000000000800e2c0                __core_init
 .text.memset   0x000000000800e2c4       0x94 /usr/bin/../lib/gcc/arm-none-eabi/7.2.1/../../../../arm-none-eabi/lib/thumb/v7-m/libg.a(lib_a-memset.o)
                0x000000000800e2c4                memset
 .text.strchr   0x000000000800e358       0xe8 /usr/bin/../lib/gcc/arm-none-eabi/7.2.1/../../../../arm-none-eabi/lib/thumb/v7-m/libg.a(lib_a-strchr.o)
                0x000000000800e358                strchr
 .text.strncmp  0x000000000800e440       0x94 /usr/bin/../lib/gcc/arm-none-eabi/7.2.1/../../../../arm-none-eabi/lib/thumb/v7-m/libg.a(lib_a-strncmp.o)
                0x000000000800e440                strncmp
 .text.strncpy  0x000000000800e4d4       0x64 /usr/bin/../lib/gcc/arm-none-eabi/7.2.1/../../../../arm-none-eabi/lib/thumb/v7-m/libg.a(lib_a-strncpy.o)
                0x000000000800e4d4                strncpy
 .text.strpbrk  0x000000000800e538       0x44 /usr/bin/../lib/gcc/arm-none-eabi/7.2.1/../../../../arm-none-eabi/lib/thumb/v7-m/libg.a(lib_a-strpbrk.o)
                0x000000000800e538                strpbrk
 .text.strspn   0x000000000800e57c       0x34 /usr/bin/../lib/gcc/arm-none-eabi/7.2.1/../../../../arm-none-eabi/lib/thumb/v7-m/libg.a(lib_a-strspn.o)
                0x000000000800e57c                strspn
 *(.glue_7t)
 .glue_7t       0x000000000800e5b0        0x0 linker stubs
 *(.glue_7)
 .glue_7        0x000000000800e5b0        0x0 linker stubs
 *(.gcc*)

.vfp11_veneer   0x000000000800e5b0        0x0
 .vfp11_veneer  0x000000000800e5b0        0x0 linker stubs

.v4_bx          0x000000000800e5b0        0x0
 .v4_bx         0x000000000800e5b0        0x0 linker stubs

.iplt           0x000000000800e5b0        0x0
 .iplt          0x000000000800e5b0        0x0 build/obj/crt0_v7m.o

.rodata         0x000000000800e5b0     0x2734
                0x000000000800e5b0                . = ALIGN (0x4)
                0x000000000800e5b0                __rodata_base__ = .
 *(.rodata)
 *(.rodata.*)
 .rodata.Thread1.str1.4
                0x000000000800e5b0        0x8 /tmp/cckp2Imm.ltrans0.ltrans.o
 .rodata._test_assert_time_window.constprop.3.str1.4
                0x000000000800e5b8       0x13 /tmp/cckp2Imm.ltrans0.ltrans.o
 *fill*         0x000000000800e5cb        0x1 
 .rodata.active_status
                0x000000000800e5cc        0x2 /tmp/cckp2Imm.ltrans0.ltrans.o
 *fill*         0x000000000800e5ce        0x2 
 .rodata.chFactoryCreateBuffer.constprop.38.str1.4
                0x000000000800e5d0        0x6 /tmp/cckp2Imm.ltrans0.ltrans.o
 *fill*         0x000000000800e5d6        0x2 
 .rodata.chFactoryCreateMailbox.constprop.34.str1.4
                0x000000000800e5d8        0x6 /tmp/cckp2Imm.ltrans0.ltrans.o
 *fill*         0x000000000800e5de        0x2 
 .rodata.chFactoryCreateObjectsFIFO.constprop.32.str1.4
                0x000000000800e5e0        0x7 /tmp/cckp2Imm.ltrans0.ltrans.o
 *fill*         0x000000000800e5e7        0x1 
 .rodata.chFactoryCreateSemaphore.constprop.36.str1.4
                0x000000000800e5e8        0x6 /tmp/cckp2Imm.ltrans0.ltrans.o
 *fill*         0x000000000800e5ee        0x2 
 .rodata.chFactoryRegisterObject.constprop.40.str1.4
                0x000000000800e5f0        0x6 /tmp/cckp2Imm.ltrans0.ltrans.o
 *fill*         0x000000000800e5f6        0x2 
 .rodata.chThdCreateStatic.constprop.89.str1.4
                0x000000000800e5f8        0x7 /tmp/cckp2Imm.ltrans0.ltrans.o
 *fill*         0x000000000800e5ff        0x1 
 .rodata.ch_debug
                0x000000000800e600       0x16 /tmp/cckp2Imm.ltrans0.ltrans.o
 *fill*         0x000000000800e616        0x2 
 .rodata.chprintf.str1.4
                0x000000000800e618        0x7 /tmp/cckp2Imm.ltrans0.ltrans.o
 *fill*         0x000000000800e61f        0x1 
 .rodata.cmd_echo.str1.4
                0x000000000800e620       0x15 /tmp/cckp2Imm.ltrans0.ltrans.o
 *fill*         0x000000000800e635        0x3 
 .rodata.cmd_info.str1.4
                0x000000000800e638      0x181 /tmp/cckp2Imm.ltrans0.ltrans.o
 *fill*         0x000000000800e7b9        0x3 
 .rodata.cmd_mem.str1.4
                0x000000000800e7bc       0x7a /tmp/cckp2Imm.ltrans0.ltrans.o
 *fill*         0x000000000800e836        0x2 
 .rodata.cmd_systime.str1.4
                0x000000000800e838       0x1a /tmp/cckp2Imm.ltrans0.ltrans.o
 *fill*         0x000000000800e852        0x2 
 .rodata.cmd_test.str1.4
                0x000000000800e854       0x24 /tmp/cckp2Imm.ltrans0.ltrans.o
                                         0x34 (size before relaxing)
 .rodata.cmd_threads.str1.4
                0x000000000800e878       0x67 /tmp/cckp2Imm.ltrans0.ltrans.o
                                         0x6f (size before relaxing)
 *fill*         0x000000000800e8df        0x1 
 .rodata.cmd_write.str1.4
                0x000000000800e8e0       0x1f /tmp/cckp2Imm.ltrans0.ltrans.o
 *fill*         0x000000000800e8ff        0x1 
 .rodata.commands
                0x000000000800e900       0x10 /tmp/cckp2Imm.ltrans0.ltrans.o
 .rodata.ep0config
                0x000000000800e910       0x24 /tmp/cckp2Imm.ltrans0.ltrans.o
 .rodata.ep1config
                0x000000000800e934       0x24 /tmp/cckp2Imm.ltrans0.ltrans.o
 .rodata.ep2config
                0x000000000800e958       0x24 /tmp/cckp2Imm.ltrans0.ltrans.o
 .rodata.evhndl
                0x000000000800e97c        0xc /tmp/cckp2Imm.ltrans0.ltrans.o
 .rodata.halted_status
                0x000000000800e988        0x2 /tmp/cckp2Imm.ltrans0.ltrans.o
 *fill*         0x000000000800e98a        0x2 
 .rodata.idle_descriptor.6251
                0x000000000800e98c       0x18 /tmp/cckp2Imm.ltrans0.ltrans.o
 .rodata.main.str1.4
                0x000000000800e9a4        0x6 /tmp/cckp2Imm.ltrans0.ltrans.o
 *fill*         0x000000000800e9aa        0x2 
 .rodata.oslib_test_001_001
                0x000000000800e9ac       0x10 /tmp/cckp2Imm.ltrans0.ltrans.o
 .rodata.oslib_test_001_001_execute.str1.4
                0x000000000800e9bc       0x13 /tmp/cckp2Imm.ltrans0.ltrans.o
 *fill*         0x000000000800e9cf        0x1 
 .rodata.oslib_test_001_002
                0x000000000800e9d0       0x10 /tmp/cckp2Imm.ltrans0.ltrans.o
 .rodata.oslib_test_001_002_execute.str1.4
                0x000000000800e9e0       0xb5 /tmp/cckp2Imm.ltrans0.ltrans.o
 *fill*         0x000000000800ea95        0x3 
 .rodata.oslib_test_001_003
                0x000000000800ea98       0x10 /tmp/cckp2Imm.ltrans0.ltrans.o
 .rodata.oslib_test_001_003_execute.str1.4
                0x000000000800eaa8       0x16 /tmp/cckp2Imm.ltrans0.ltrans.o
 *fill*         0x000000000800eabe        0x2 
 .rodata.oslib_test_002_001
                0x000000000800eac0       0x10 /tmp/cckp2Imm.ltrans0.ltrans.o
 .rodata.oslib_test_002_001_execute.str1.4
                0x000000000800ead0       0x35 /tmp/cckp2Imm.ltrans0.ltrans.o
 *fill*         0x000000000800eb05        0x3 
 .rodata.oslib_test_002_002
                0x000000000800eb08       0x10 /tmp/cckp2Imm.ltrans0.ltrans.o
 .rodata.oslib_test_002_003
                0x000000000800eb18       0x10 /tmp/cckp2Imm.ltrans0.ltrans.o
 .rodata.oslib_test_003_001
                0x000000000800eb28       0x10 /tmp/cckp2Imm.ltrans0.ltrans.o
 .rodata.oslib_test_003_001_execute.str1.4
                0x000000000800eb38       0x59 /tmp/cckp2Imm.ltrans0.ltrans.o
 *fill*         0x000000000800eb91        0x3 
 .rodata.oslib_test_003_002
                0x000000000800eb94       0x10 /tmp/cckp2Imm.ltrans0.ltrans.o
 .rodata.oslib_test_003_002_execute.str1.4
                0x000000000800eba4       0x2a /tmp/cckp2Imm.ltrans0.ltrans.o
 *fill*         0x000000000800ebce        0x2 
 .rodata.oslib_test_004_001
                0x000000000800ebd0       0x10 /tmp/cckp2Imm.ltrans0.ltrans.o
 .rodata.oslib_test_004_001_execute.str1.4
                0x000000000800ebe0       0x30 /tmp/cckp2Imm.ltrans0.ltrans.o
 .rodata.oslib_test_004_002
                0x000000000800ec10       0x10 /tmp/cckp2Imm.ltrans0.ltrans.o
 .rodata.oslib_test_004_003
                0x000000000800ec20       0x10 /tmp/cckp2Imm.ltrans0.ltrans.o
 .rodata.oslib_test_004_003_execute.str1.4
                0x000000000800ec30       0x58 /tmp/cckp2Imm.ltrans0.ltrans.o
                                         0x60 (size before relaxing)
 .rodata.oslib_test_004_004
                0x000000000800ec88       0x10 /tmp/cckp2Imm.ltrans0.ltrans.o
 .rodata.oslib_test_004_005
                0x000000000800ec98       0x10 /tmp/cckp2Imm.ltrans0.ltrans.o
 .rodata.oslib_test_sequence_001
                0x000000000800eca8        0x8 /tmp/cckp2Imm.ltrans0.ltrans.o
 .rodata.oslib_test_sequence_001_array
                0x000000000800ecb0       0x10 /tmp/cckp2Imm.ltrans0.ltrans.o
 .rodata.oslib_test_sequence_002
                0x000000000800ecc0        0x8 /tmp/cckp2Imm.ltrans0.ltrans.o
 .rodata.oslib_test_sequence_002_array
                0x000000000800ecc8       0x10 /tmp/cckp2Imm.ltrans0.ltrans.o
 .rodata.oslib_test_sequence_003
                0x000000000800ecd8        0x8 /tmp/cckp2Imm.ltrans0.ltrans.o
 .rodata.oslib_test_sequence_003_array
                0x000000000800ece0        0xc /tmp/cckp2Imm.ltrans0.ltrans.o
 .rodata.oslib_test_sequence_004
                0x000000000800ecec        0x8 /tmp/cckp2Imm.ltrans0.ltrans.o
 .rodata.oslib_test_sequence_004_array
                0x000000000800ecf4       0x18 /tmp/cckp2Imm.ltrans0.ltrans.o
 .rodata.oslib_test_suite
                0x000000000800ed0c        0x8 /tmp/cckp2Imm.ltrans0.ltrans.o
 .rodata.oslib_test_suite_array
                0x000000000800ed14       0x14 /tmp/cckp2Imm.ltrans0.ltrans.o
 .rodata.parse_arguments.str1.4
                0x000000000800ed28        0x3 /tmp/cckp2Imm.ltrans0.ltrans.o
 *fill*         0x000000000800ed2b        0x1 
 .rodata.ram_areas
                0x000000000800ed2c       0x80 /tmp/cckp2Imm.ltrans0.ltrans.o
 .rodata.rt_test_001_001
                0x000000000800edac       0x10 /tmp/cckp2Imm.ltrans0.ltrans.o
 .rodata.rt_test_001_001_execute.str1.4
                0x000000000800edbc      0x131 /tmp/cckp2Imm.ltrans0.ltrans.o
 *fill*         0x000000000800eeed        0x3 
 .rodata.rt_test_001_002
                0x000000000800eef0       0x10 /tmp/cckp2Imm.ltrans0.ltrans.o
 .rodata.rt_test_001_002_execute.str1.4
                0x000000000800ef00      0x10d /tmp/cckp2Imm.ltrans0.ltrans.o
 *fill*         0x000000000800f00d        0x3 
 .rodata.rt_test_001_003
                0x000000000800f010       0x10 /tmp/cckp2Imm.ltrans0.ltrans.o
 .rodata.rt_test_001_003_execute.str1.4
                0x000000000800f020      0x78d /tmp/cckp2Imm.ltrans0.ltrans.o
                                        0x791 (size before relaxing)
 *fill*         0x000000000800f7ad        0x3 
 .rodata.rt_test_002_001
                0x000000000800f7b0       0x10 /tmp/cckp2Imm.ltrans0.ltrans.o
 .rodata.rt_test_002_001_execute.str1.4
                0x000000000800f7c0       0x70 /tmp/cckp2Imm.ltrans0.ltrans.o
 .rodata.rt_test_002_002
                0x000000000800f830       0x10 /tmp/cckp2Imm.ltrans0.ltrans.o
 .rodata.rt_test_002_002_execute.str1.4
                0x000000000800f840       0x12 /tmp/cckp2Imm.ltrans0.ltrans.o
 *fill*         0x000000000800f852        0x2 
 .rodata.rt_test_002_003
                0x000000000800f854       0x10 /tmp/cckp2Imm.ltrans0.ltrans.o
 .rodata.rt_test_002_004
                0x000000000800f864       0x10 /tmp/cckp2Imm.ltrans0.ltrans.o
 .rodata.rt_test_003_001
                0x000000000800f874       0x10 /tmp/cckp2Imm.ltrans0.ltrans.o
 .rodata.rt_test_003_002
                0x000000000800f884       0x10 /tmp/cckp2Imm.ltrans0.ltrans.o
 .rodata.rt_test_003_003
                0x000000000800f894       0x10 /tmp/cckp2Imm.ltrans0.ltrans.o
 .rodata.rt_test_003_004
                0x000000000800f8a4       0x10 /tmp/cckp2Imm.ltrans0.ltrans.o
 .rodata.rt_test_003_004_execute.str1.4
                0x000000000800f8b4       0x87 /tmp/cckp2Imm.ltrans0.ltrans.o
 *fill*         0x000000000800f93b        0x1 
 .rodata.rt_test_004_001
                0x000000000800f93c       0x10 /tmp/cckp2Imm.ltrans0.ltrans.o
 .rodata.rt_test_004_001_execute.str1.4
                0x000000000800f94c       0x23 /tmp/cckp2Imm.ltrans0.ltrans.o
 *fill*         0x000000000800f96f        0x1 
 .rodata.rt_test_005_001
                0x000000000800f970       0x10 /tmp/cckp2Imm.ltrans0.ltrans.o
 .rodata.rt_test_005_001_execute.str1.4
                0x000000000800f980       0x14 /tmp/cckp2Imm.ltrans0.ltrans.o
 .rodata.rt_test_005_002
                0x000000000800f994       0x10 /tmp/cckp2Imm.ltrans0.ltrans.o
 .rodata.rt_test_005_003
                0x000000000800f9a4       0x10 /tmp/cckp2Imm.ltrans0.ltrans.o
 .rodata.rt_test_005_004
                0x000000000800f9b4       0x10 /tmp/cckp2Imm.ltrans0.ltrans.o
 .rodata.rt_test_005_004_execute.str1.4
                0x000000000800f9c4       0x10 /tmp/cckp2Imm.ltrans0.ltrans.o
 .rodata.rt_test_005_005
                0x000000000800f9d4       0x10 /tmp/cckp2Imm.ltrans0.ltrans.o
 .rodata.rt_test_005_005_execute.str1.4
                0x000000000800f9e4       0x21 /tmp/cckp2Imm.ltrans0.ltrans.o
 *fill*         0x000000000800fa05        0x3 
 .rodata.rt_test_005_006
                0x000000000800fa08       0x10 /tmp/cckp2Imm.ltrans0.ltrans.o
 .rodata.rt_test_005_006_execute.str1.4
                0x000000000800fa18       0x3f /tmp/cckp2Imm.ltrans0.ltrans.o
                                         0x46 (size before relaxing)
 *fill*         0x000000000800fa57        0x1 
 .rodata.rt_test_006_001
                0x000000000800fa58       0x10 /tmp/cckp2Imm.ltrans0.ltrans.o
 .rodata.rt_test_006_004
                0x000000000800fa68       0x10 /tmp/cckp2Imm.ltrans0.ltrans.o
 .rodata.rt_test_006_004_execute.str1.4
                0x000000000800fa78        0x6 /tmp/cckp2Imm.ltrans0.ltrans.o
 *fill*         0x000000000800fa7e        0x2 
 .rodata.rt_test_006_005
                0x000000000800fa80       0x10 /tmp/cckp2Imm.ltrans0.ltrans.o
 .rodata.rt_test_006_005_execute.str1.4
                0x000000000800fa90       0x3d /tmp/cckp2Imm.ltrans0.ltrans.o
 *fill*         0x000000000800facd        0x3 
 .rodata.rt_test_006_007
                0x000000000800fad0       0x10 /tmp/cckp2Imm.ltrans0.ltrans.o
 .rodata.rt_test_006_008
                0x000000000800fae0       0x10 /tmp/cckp2Imm.ltrans0.ltrans.o
 .rodata.rt_test_006_008_execute.str1.4
                0x000000000800faf0        0x6 /tmp/cckp2Imm.ltrans0.ltrans.o
 *fill*         0x000000000800faf6        0x2 
 .rodata.rt_test_006_009
                0x000000000800faf8       0x10 /tmp/cckp2Imm.ltrans0.ltrans.o
 .rodata.rt_test_007_001
                0x000000000800fb08       0x10 /tmp/cckp2Imm.ltrans0.ltrans.o
 .rodata.rt_test_008_001
                0x000000000800fb18       0x10 /tmp/cckp2Imm.ltrans0.ltrans.o
 .rodata.rt_test_008_001_execute.str1.4
                0x000000000800fb28       0x1b /tmp/cckp2Imm.ltrans0.ltrans.o
 *fill*         0x000000000800fb43        0x1 
 .rodata.rt_test_008_002
                0x000000000800fb44       0x10 /tmp/cckp2Imm.ltrans0.ltrans.o
 .rodata.rt_test_008_002_execute.str1.4
                0x000000000800fb54       0x18 /tmp/cckp2Imm.ltrans0.ltrans.o
 .rodata.rt_test_008_003
                0x000000000800fb6c       0x10 /tmp/cckp2Imm.ltrans0.ltrans.o
 .rodata.rt_test_008_003_execute.str1.4
                0x000000000800fb7c       0x13 /tmp/cckp2Imm.ltrans0.ltrans.o
 *fill*         0x000000000800fb8f        0x1 
 .rodata.rt_test_008_004
                0x000000000800fb90       0x10 /tmp/cckp2Imm.ltrans0.ltrans.o
 .rodata.rt_test_008_004_execute.str1.4
                0x000000000800fba0       0x11 /tmp/cckp2Imm.ltrans0.ltrans.o
 *fill*         0x000000000800fbb1        0x3 
 .rodata.rt_test_008_005
                0x000000000800fbb4       0x10 /tmp/cckp2Imm.ltrans0.ltrans.o
 .rodata.rt_test_008_005_execute.str1.4
                0x000000000800fbc4       0x2a /tmp/cckp2Imm.ltrans0.ltrans.o
 *fill*         0x000000000800fbee        0x2 
 .rodata.rt_test_008_006
                0x000000000800fbf0       0x10 /tmp/cckp2Imm.ltrans0.ltrans.o
 .rodata.rt_test_008_006_execute.str1.4
                0x000000000800fc00        0xf /tmp/cckp2Imm.ltrans0.ltrans.o
 *fill*         0x000000000800fc0f        0x1 
 .rodata.rt_test_008_007
                0x000000000800fc10       0x10 /tmp/cckp2Imm.ltrans0.ltrans.o
 .rodata.rt_test_008_007_execute.str1.4
                0x000000000800fc20        0xc /tmp/cckp2Imm.ltrans0.ltrans.o
 .rodata.rt_test_009_001
                0x000000000800fc2c       0x10 /tmp/cckp2Imm.ltrans0.ltrans.o
 .rodata.rt_test_009_001_execute.str1.4
                0x000000000800fc3c       0x56 /tmp/cckp2Imm.ltrans0.ltrans.o
 *fill*         0x000000000800fc92        0x2 
 .rodata.rt_test_009_002
                0x000000000800fc94       0x10 /tmp/cckp2Imm.ltrans0.ltrans.o
 .rodata.rt_test_009_002_execute.str1.4
                0x000000000800fca4       0x84 /tmp/cckp2Imm.ltrans0.ltrans.o
                                         0x8c (size before relaxing)
 .rodata.rt_test_010_001
                0x000000000800fd28       0x10 /tmp/cckp2Imm.ltrans0.ltrans.o
 .rodata.rt_test_010_002
                0x000000000800fd38       0x10 /tmp/cckp2Imm.ltrans0.ltrans.o
 .rodata.rt_test_010_003
                0x000000000800fd48       0x10 /tmp/cckp2Imm.ltrans0.ltrans.o
 .rodata.rt_test_010_003_execute.str1.4
                0x000000000800fd58        0xa /tmp/cckp2Imm.ltrans0.ltrans.o
 *fill*         0x000000000800fd62        0x2 
 .rodata.rt_test_010_004
                0x000000000800fd64       0x10 /tmp/cckp2Imm.ltrans0.ltrans.o
 .rodata.rt_test_010_005
                0x000000000800fd74       0x10 /tmp/cckp2Imm.ltrans0.ltrans.o
 .rodata.rt_test_010_006
                0x000000000800fd84       0x10 /tmp/cckp2Imm.ltrans0.ltrans.o
 .rodata.rt_test_010_006_execute.str1.4
                0x000000000800fd94        0xb /tmp/cckp2Imm.ltrans0.ltrans.o
 *fill*         0x000000000800fd9f        0x1 
 .rodata.rt_test_010_007
                0x000000000800fda0       0x10 /tmp/cckp2Imm.ltrans0.ltrans.o
 .rodata.rt_test_010_007_execute.str1.4
                0x000000000800fdb0       0x11 /tmp/cckp2Imm.ltrans0.ltrans.o
 *fill*         0x000000000800fdc1        0x3 
 .rodata.rt_test_010_008
                0x000000000800fdc4       0x10 /tmp/cckp2Imm.ltrans0.ltrans.o
 .rodata.rt_test_010_008_execute.str1.4
                0x000000000800fdd4        0xa /tmp/cckp2Imm.ltrans0.ltrans.o
 *fill*         0x000000000800fdde        0x2 
 .rodata.rt_test_010_009
                0x000000000800fde0       0x10 /tmp/cckp2Imm.ltrans0.ltrans.o
 .rodata.rt_test_010_009_execute.str1.4
                0x000000000800fdf0       0x1a /tmp/cckp2Imm.ltrans0.ltrans.o
 *fill*         0x000000000800fe0a        0x2 
 .rodata.rt_test_010_010
                0x000000000800fe0c       0x10 /tmp/cckp2Imm.ltrans0.ltrans.o
 .rodata.rt_test_010_010_execute.str1.4
                0x000000000800fe1c        0xf /tmp/cckp2Imm.ltrans0.ltrans.o
 *fill*         0x000000000800fe2b        0x1 
 .rodata.rt_test_010_011
                0x000000000800fe2c       0x10 /tmp/cckp2Imm.ltrans0.ltrans.o
 .rodata.rt_test_010_011_execute.str1.4
                0x000000000800fe3c        0xf /tmp/cckp2Imm.ltrans0.ltrans.o
 *fill*         0x000000000800fe4b        0x1 
 .rodata.rt_test_010_012
                0x000000000800fe4c       0x10 /tmp/cckp2Imm.ltrans0.ltrans.o
 .rodata.rt_test_010_012_execute.str1.4
                0x000000000800fe5c       0x95 /tmp/cckp2Imm.ltrans0.ltrans.o
 *fill*         0x000000000800fef1        0x3 
 .rodata.rt_test_sequence_001
                0x000000000800fef4        0x8 /tmp/cckp2Imm.ltrans0.ltrans.o
 .rodata.rt_test_sequence_001_array
                0x000000000800fefc       0x10 /tmp/cckp2Imm.ltrans0.ltrans.o
 .rodata.rt_test_sequence_002
                0x000000000800ff0c        0x8 /tmp/cckp2Imm.ltrans0.ltrans.o
 .rodata.rt_test_sequence_002_array
                0x000000000800ff14       0x14 /tmp/cckp2Imm.ltrans0.ltrans.o
 .rodata.rt_test_sequence_003
                0x000000000800ff28        0x8 /tmp/cckp2Imm.ltrans0.ltrans.o
 .rodata.rt_test_sequence_003_array
                0x000000000800ff30       0x14 /tmp/cckp2Imm.ltrans0.ltrans.o
 .rodata.rt_test_sequence_004
                0x000000000800ff44        0x8 /tmp/cckp2Imm.ltrans0.ltrans.o
 .rodata.rt_test_sequence_004_array
                0x000000000800ff4c        0x8 /tmp/cckp2Imm.ltrans0.ltrans.o
 .rodata.rt_test_sequence_005
                0x000000000800ff54        0x8 /tmp/cckp2Imm.ltrans0.ltrans.o
 .rodata.rt_test_sequence_005_array
                0x000000000800ff5c       0x1c /tmp/cckp2Imm.ltrans0.ltrans.o
 .rodata.rt_test_sequence_006
                0x000000000800ff78        0x8 /tmp/cckp2Imm.ltrans0.ltrans.o
 .rodata.rt_test_sequence_006_array
                0x000000000800ff80       0x1c /tmp/cckp2Imm.ltrans0.ltrans.o
 .rodata.rt_test_sequence_007
                0x000000000800ff9c        0x8 /tmp/cckp2Imm.ltrans0.ltrans.o
 .rodata.rt_test_sequence_007_array
                0x000000000800ffa4        0x8 /tmp/cckp2Imm.ltrans0.ltrans.o
 .rodata.rt_test_sequence_008
                0x000000000800ffac        0x8 /tmp/cckp2Imm.ltrans0.ltrans.o
 .rodata.rt_test_sequence_008_array
                0x000000000800ffb4       0x20 /tmp/cckp2Imm.ltrans0.ltrans.o
 .rodata.rt_test_sequence_009
                0x000000000800ffd4        0x8 /tmp/cckp2Imm.ltrans0.ltrans.o
 .rodata.rt_test_sequence_009_array
                0x000000000800ffdc        0xc /tmp/cckp2Imm.ltrans0.ltrans.o
 .rodata.rt_test_sequence_010
                0x000000000800ffe8        0x8 /tmp/cckp2Imm.ltrans0.ltrans.o
 .rodata.rt_test_sequence_010_array
                0x000000000800fff0       0x34 /tmp/cckp2Imm.ltrans0.ltrans.o
 .rodata.rt_test_suite
                0x0000000008010024        0x8 /tmp/cckp2Imm.ltrans0.ltrans.o
 .rodata.rt_test_suite_array
                0x000000000801002c       0x2c /tmp/cckp2Imm.ltrans0.ltrans.o
 .rodata.serusbcfg
                0x0000000008010058        0x8 /tmp/cckp2Imm.ltrans0.ltrans.o
 .rodata.shellThread.str1.4
                0x0000000008010060       0x6d /tmp/cckp2Imm.ltrans0.ltrans.o
 *fill*         0x00000000080100cd        0x3 
 .rodata.shell_cfg1
                0x00000000080100d0        0x8 /tmp/cckp2Imm.ltrans0.ltrans.o
 .rodata.shell_local_commands
                0x00000000080100d8       0x40 /tmp/cckp2Imm.ltrans0.ltrans.o
 .rodata.states.7650
                0x0000000008010118       0x40 /tmp/cckp2Imm.ltrans0.ltrans.o
 .rodata.str1.4
                0x0000000008010158      0x95d /tmp/cckp2Imm.ltrans0.ltrans.o
 *fill*         0x0000000008010ab5        0x3 
 .rodata.test_execute.str1.4
                0x0000000008010ab8       0xec /tmp/cckp2Imm.ltrans0.ltrans.o
                                         0xf4 (size before relaxing)
 .rodata.test_println.str1.4
                0x0000000008010ba4       0xec /tmp/cckp2Imm.ltrans0.ltrans.o
                                          0x3 (size before relaxing)
 .rodata.usbcfg
                0x0000000008010ba4       0x10 /tmp/cckp2Imm.ltrans0.ltrans.o
 .rodata.vcom_configuration_descriptor
                0x0000000008010bb4        0x8 /tmp/cckp2Imm.ltrans0.ltrans.o
 .rodata.vcom_configuration_descriptor_data
                0x0000000008010bbc       0x43 /tmp/cckp2Imm.ltrans0.ltrans.o
 *fill*         0x0000000008010bff        0x1 
 .rodata.vcom_device_descriptor
                0x0000000008010c00        0x8 /tmp/cckp2Imm.ltrans0.ltrans.o
 .rodata.vcom_device_descriptor_data
                0x0000000008010c08       0x12 /tmp/cckp2Imm.ltrans0.ltrans.o
 *fill*         0x0000000008010c1a        0x2 
 .rodata.vcom_string0
                0x0000000008010c1c        0x4 /tmp/cckp2Imm.ltrans0.ltrans.o
 .rodata.vcom_string1
                0x0000000008010c20       0x26 /tmp/cckp2Imm.ltrans0.ltrans.o
 *fill*         0x0000000008010c46        0x2 
 .rodata.vcom_string2
                0x0000000008010c48       0x38 /tmp/cckp2Imm.ltrans0.ltrans.o
 .rodata.vcom_string3
                0x0000000008010c80        0x8 /tmp/cckp2Imm.ltrans0.ltrans.o
 .rodata.vcom_strings
                0x0000000008010c88       0x20 /tmp/cckp2Imm.ltrans0.ltrans.o
 .rodata.vmt    0x0000000008010ca8       0x24 /tmp/cckp2Imm.ltrans0.ltrans.o
 .rodata.wa     0x0000000008010ccc       0x14 /tmp/cckp2Imm.ltrans0.ltrans.o
 .rodata.zero_status
                0x0000000008010ce0        0x2 /tmp/cckp2Imm.ltrans0.ltrans.o
                0x0000000008010ce4                . = ALIGN (0x4)
 *fill*         0x0000000008010ce2        0x2 
                0x0000000008010ce4                __rodata_end__ = .

.rel.dyn        0x0000000008010ce4        0x0
 .rel.iplt      0x0000000008010ce4        0x0 build/obj/crt0_v7m.o

.ARM.extab
 *(.ARM.extab* .gnu.linkonce.armextab.*)

.ARM.exidx      0x0000000008010ce4        0x0
                0x0000000008010ce4                __exidx_start = .
 *(.ARM.exidx* .gnu.linkonce.armexidx.*)
                0x0000000008010ce4                __exidx_end = .

.eh_frame_hdr
 *(.eh_frame_hdr)

.eh_frame
 *(.eh_frame)
                0x0000000020000c00                __ram0_start__ = ORIGIN (ram0)
                0x0000000000004400                __ram0_size__ = LENGTH (ram0)
                0x0000000020005000                __ram0_end__ = (__ram0_start__ + __ram0_size__)
                0x0000000000000000                __ram1_start__ = ORIGIN (ram1)
                0x0000000000000000                __ram1_size__ = LENGTH (ram1)
                0x0000000000000000                __ram1_end__ = (__ram1_start__ + __ram1_size__)
                0x0000000000000000                __ram2_start__ = ORIGIN (ram2)
                0x0000000000000000                __ram2_size__ = LENGTH (ram2)
                0x0000000000000000                __ram2_end__ = (__ram2_start__ + __ram2_size__)
                0x0000000000000000                __ram3_start__ = ORIGIN (ram3)
                0x0000000000000000                __ram3_size__ = LENGTH (ram3)
                0x0000000000000000                __ram3_end__ = (__ram3_start__ + __ram3_size__)
                0x0000000000000000                __ram4_start__ = ORIGIN (ram4)
                0x0000000000000000                __ram4_size__ = LENGTH (ram4)
                0x0000000000000000                __ram4_end__ = (__ram4_start__ + __ram4_size__)
                0x0000000000000000                __ram5_start__ = ORIGIN (ram5)
                0x0000000000000000                __ram5_size__ = LENGTH (ram5)
                0x0000000000000000                __ram5_end__ = (__ram5_start__ + __ram5_size__)
                0x0000000000000000                __ram6_start__ = ORIGIN (ram6)
                0x0000000000000000                __ram6_size__ = LENGTH (ram6)
                0x0000000000000000                __ram6_end__ = (__ram6_start__ + __ram6_size__)
                0x0000000000000000                __ram7_start__ = ORIGIN (ram7)
                0x0000000000000000                __ram7_size__ = LENGTH (ram7)
                0x0000000000000000                __ram7_end__ = (__ram7_start__ + __ram7_size__)

.data           0x0000000020001400      0x498 load address 0x0000000008010ce4
                0x0000000020001400                . = ALIGN (0x4)
                [!provide]                        PROVIDE (_textdata, LOADADDR (.data))
                [!provide]                        PROVIDE (_data, .)
                0x0000000008010ce4                _textdata_start = LOADADDR (.data)
                0x0000000020001400                _data_start = .
 *(.data)
 *(.data.*)
 .data.buf.8367
                0x0000000020001400      0x401 /tmp/cckp2Imm.ltrans0.ltrans.o
 *fill*         0x0000000020001801        0x3 
 .data.c1       0x0000000020001804        0x8 /tmp/cckp2Imm.ltrans0.ltrans.o
 .data.es1      0x000000002000180c        0x4 /tmp/cckp2Imm.ltrans0.ltrans.o
 .data.es2      0x0000000020001810        0x4 /tmp/cckp2Imm.ltrans0.ltrans.o
 .data.gmp1     0x0000000020001814       0x1c /tmp/cckp2Imm.ltrans0.ltrans.o
 .data.linecoding
                0x0000000020001830        0x7 /tmp/cckp2Imm.ltrans0.ltrans.o
 *fill*         0x0000000020001837        0x1 
 .data.m1       0x0000000020001838       0x10 /tmp/cckp2Imm.ltrans0.ltrans.o
 .data.m2       0x0000000020001848       0x10 /tmp/cckp2Imm.ltrans0.ltrans.o
 .data.mb1      0x0000000020001858       0x28 /tmp/cckp2Imm.ltrans0.ltrans.o
 .data.mp1.lto_priv.96
                0x0000000020001880       0x10 /tmp/cckp2Imm.ltrans0.ltrans.o
 .data.myobj.7160
                0x0000000020001890        0x4 /tmp/cckp2Imm.ltrans0.ltrans.o
 .data.myobj.7162
                0x0000000020001894        0x4 /tmp/cckp2Imm.ltrans0.ltrans.o
 *(.ramtext)
                0x0000000020001898                . = ALIGN (0x4)
                [!provide]                        PROVIDE (_edata, .)
                0x0000000020001898                _data_end = .

.igot.plt       0x0000000020001898        0x0 load address 0x000000000801117c
 .igot.plt      0x0000000020001898        0x0 build/obj/crt0_v7m.o

.bss            0x0000000020001898     0x1148 load address 0x000000000801117c
                0x0000000020001898                . = ALIGN (0x4)
                0x0000000020001898                _bss_start = .
 *(.bss)
 *(.bss.*)
 .bss.SDU1      0x0000000020001898      0x490 /tmp/cckp2Imm.ltrans0.ltrans.o
 .bss.USBD1     0x0000000020001d28       0x88 /tmp/cckp2Imm.ltrans0.ltrans.o
 .bss._pal_events
                0x0000000020001db0      0x100 /tmp/cckp2Imm.ltrans0.ltrans.o
 .bss.ch        0x0000000020001eb0       0x74 /tmp/cckp2Imm.ltrans0.ltrans.o
 .bss.ch_factory
                0x0000000020001f24       0x44 /tmp/cckp2Imm.ltrans0.ltrans.o
 .bss.ch_idle_thread_wa
                0x0000000020001f68       0xd8 /tmp/cckp2Imm.ltrans0.ltrans.o
 .bss.ch_memcore
                0x0000000020002040        0x8 /tmp/cckp2Imm.ltrans0.ltrans.o
 .bss.default_heap
                0x0000000020002048       0x1c /tmp/cckp2Imm.ltrans0.ltrans.o
 .bss.ep0_state
                0x0000000020002064       0x10 /tmp/cckp2Imm.ltrans0.ltrans.o
 .bss.ep0setup_buffer
                0x0000000020002074        0x8 /tmp/cckp2Imm.ltrans0.ltrans.o
 .bss.ep1instate
                0x000000002000207c       0x10 /tmp/cckp2Imm.ltrans0.ltrans.o
 .bss.ep1outstate
                0x000000002000208c       0x10 /tmp/cckp2Imm.ltrans0.ltrans.o
 .bss.ep2instate
                0x000000002000209c       0x10 /tmp/cckp2Imm.ltrans0.ltrans.o
 .bss.heap1     0x00000000200020ac       0x1c /tmp/cckp2Imm.ltrans0.ltrans.o
 .bss.mb_buffer
                0x00000000200020c8       0x10 /tmp/cckp2Imm.ltrans0.ltrans.o
 .bss.mp1.lto_priv.95
                0x00000000200020d8       0x10 /tmp/cckp2Imm.ltrans0.ltrans.o
 .bss.mtx1      0x00000000200020e8       0x10 /tmp/cckp2Imm.ltrans0.ltrans.o
 .bss.objects   0x00000000200020f8       0x10 /tmp/cckp2Imm.ltrans0.ltrans.o
 .bss.sem1.lto_priv.93
                0x0000000020002108        0xc /tmp/cckp2Imm.ltrans0.ltrans.o
 .bss.sem1.lto_priv.94
                0x0000000020002114        0xc /tmp/cckp2Imm.ltrans0.ltrans.o
 .bss.shell_terminated
                0x0000000020002120        0x4 /tmp/cckp2Imm.ltrans0.ltrans.o
 *fill*         0x0000000020002124        0x4 
 .bss.test_buffer
                0x0000000020002128      0x668 /tmp/cckp2Imm.ltrans0.ltrans.o
 .bss.test_chp  0x0000000020002790        0x4 /tmp/cckp2Imm.ltrans0.ltrans.o
 .bss.test_failure_message
                0x0000000020002794        0x4 /tmp/cckp2Imm.ltrans0.ltrans.o
 .bss.test_global_fail
                0x0000000020002798        0x1 /tmp/cckp2Imm.ltrans0.ltrans.o
 *fill*         0x0000000020002799        0x3 
 .bss.test_heap
                0x000000002000279c       0x1c /tmp/cckp2Imm.ltrans0.ltrans.o
 .bss.test_heap_buffer
                0x00000000200027b8       0x80 /tmp/cckp2Imm.ltrans0.ltrans.o
 .bss.test_local_fail
                0x0000000020002838        0x1 /tmp/cckp2Imm.ltrans0.ltrans.o
 *fill*         0x0000000020002839        0x3 
 .bss.test_step
                0x000000002000283c        0x4 /tmp/cckp2Imm.ltrans0.ltrans.o
 .bss.test_tokens_buffer
                0x0000000020002840       0x10 /tmp/cckp2Imm.ltrans0.ltrans.o
 .bss.test_tokp
                0x0000000020002850        0x4 /tmp/cckp2Imm.ltrans0.ltrans.o
 .bss.threads   0x0000000020002854       0x14 /tmp/cckp2Imm.ltrans0.ltrans.o
 .bss.tr1       0x0000000020002868        0x4 /tmp/cckp2Imm.ltrans0.ltrans.o
 .bss.vt1.7272  0x000000002000286c       0x14 /tmp/cckp2Imm.ltrans0.ltrans.o
 .bss.vt2.7273  0x0000000020002880       0x14 /tmp/cckp2Imm.ltrans0.ltrans.o
 *fill*         0x0000000020002894        0x4 
 .bss.waThread1
                0x0000000020002898      0x148 /tmp/cckp2Imm.ltrans0.ltrans.o
 *(COMMON)
                0x00000000200029e0                . = ALIGN (0x4)
                0x00000000200029e0                _bss_end = .
                [!provide]                        PROVIDE (end, .)

.ram0_init      0x00000000200029e0        0x0 load address 0x000000000801117c
                0x00000000200029e0                . = ALIGN (0x4)
                0x000000000801117c                __ram0_init_text__ = LOADADDR (.ram0_init)
                0x00000000200029e0                __ram0_init__ = .
 *(.ram0_init)
 *(.ram0_init.*)
                0x00000000200029e0                . = ALIGN (0x4)

.ram0           0x00000000200029e0        0x0 load address 0x000000000801117c
                0x00000000200029e0                . = ALIGN (0x4)
                0x00000000200029e0                __ram0_clear__ = .
 *(.ram0_clear)
 *(.ram0_clear.*)
                0x00000000200029e0                . = ALIGN (0x4)
                0x00000000200029e0                __ram0_noinit__ = .
 *(.ram0)
 *(.ram0.*)
                0x00000000200029e0                . = ALIGN (0x4)
                0x00000000200029e0                __ram0_free__ = .

.ram1_init      0x0000000000000000        0x0 load address 0x000000000801117c
                0x0000000000000000                . = ALIGN (0x4)
                0x000000000801117c                __ram1_init_text__ = LOADADDR (.ram1_init)
                0x0000000000000000                __ram1_init__ = .
 *(.ram1_init)
 *(.ram1_init.*)
                0x0000000000000000                . = ALIGN (0x4)

.ram1           0x0000000000000000        0x0 load address 0x000000000801117c
                0x0000000000000000                . = ALIGN (0x4)
                0x0000000000000000                __ram1_clear__ = .
 *(.ram1_clear)
 *(.ram1_clear.*)
                0x0000000000000000                . = ALIGN (0x4)
                0x0000000000000000                __ram1_noinit__ = .
 *(.ram1)
 *(.ram1.*)
                0x0000000000000000                . = ALIGN (0x4)
                0x0000000000000000                __ram1_free__ = .

.ram2_init      0x0000000000000000        0x0 load address 0x000000000801117c
                0x0000000000000000                . = ALIGN (0x4)
                0x000000000801117c                __ram2_init_text__ = LOADADDR (.ram2_init)
                0x0000000000000000                __ram2_init__ = .
 *(.ram2_init)
 *(.ram2_init.*)
                0x0000000000000000                . = ALIGN (0x4)

.ram2           0x0000000000000000        0x0 load address 0x000000000801117c
                0x0000000000000000                . = ALIGN (0x4)
                0x0000000000000000                __ram2_clear__ = .
 *(.ram2_clear)
 *(.ram2_clear.*)
                0x0000000000000000                . = ALIGN (0x4)
                0x0000000000000000                __ram2_noinit__ = .
 *(.ram2)
 *(.ram2.*)
                0x0000000000000000                . = ALIGN (0x4)
                0x0000000000000000                __ram2_free__ = .

.ram3_init      0x0000000000000000        0x0 load address 0x000000000801117c
                0x0000000000000000                . = ALIGN (0x4)
                0x000000000801117c                __ram3_init_text__ = LOADADDR (.ram3_init)
                0x0000000000000000                __ram3_init__ = .
 *(.ram3_init)
 *(.ram3_init.*)
                0x0000000000000000                . = ALIGN (0x4)

.ram3           0x0000000000000000        0x0 load address 0x000000000801117c
                0x0000000000000000                . = ALIGN (0x4)
                0x0000000000000000                __ram3_clear__ = .
 *(.ram3_clear)
 *(.ram3_clear.*)
                0x0000000000000000                . = ALIGN (0x4)
                0x0000000000000000                __ram3_noinit__ = .
 *(.ram3)
 *(.ram3.*)
                0x0000000000000000                . = ALIGN (0x4)
                0x0000000000000000                __ram3_free__ = .

.ram4_init      0x0000000000000000        0x0 load address 0x000000000801117c
                0x0000000000000000                . = ALIGN (0x4)
                0x000000000801117c                __ram4_init_text__ = LOADADDR (.ram4_init)
                0x0000000000000000                __ram4_init__ = .
 *(.ram4_init)
 *(.ram4_init.*)
                0x0000000000000000                . = ALIGN (0x4)

.ram4           0x0000000000000000        0x0 load address 0x000000000801117c
                0x0000000000000000                . = ALIGN (0x4)
                0x0000000000000000                __ram4_clear__ = .
 *(.ram4_clear)
 *(.ram4_clear.*)
                0x0000000000000000                . = ALIGN (0x4)
                0x0000000000000000                __ram4_noinit__ = .
 *(.ram4)
 *(.ram4.*)
                0x0000000000000000                . = ALIGN (0x4)
                0x0000000000000000                __ram4_free__ = .

.ram5_init      0x0000000000000000        0x0 load address 0x000000000801117c
                0x0000000000000000                . = ALIGN (0x4)
                0x000000000801117c                __ram5_init_text__ = LOADADDR (.ram5_init)
                0x0000000000000000                __ram5_init__ = .
 *(.ram5_init)
 *(.ram5_init.*)
                0x0000000000000000                . = ALIGN (0x4)

.ram5           0x0000000000000000        0x0 load address 0x000000000801117c
                0x0000000000000000                . = ALIGN (0x4)
                0x0000000000000000                __ram5_clear__ = .
 *(.ram5_clear)
 *(.ram5_clear.*)
                0x0000000000000000                . = ALIGN (0x4)
                0x0000000000000000                __ram5_noinit__ = .
 *(.ram5)
 *(.ram5.*)
                0x0000000000000000                . = ALIGN (0x4)
                0x0000000000000000                __ram5_free__ = .

.ram6_init      0x0000000000000000        0x0 load address 0x000000000801117c
                0x0000000000000000                . = ALIGN (0x4)
                0x000000000801117c                __ram6_init_text__ = LOADADDR (.ram6_init)
                0x0000000000000000                __ram6_init__ = .
 *(.ram6_init)
 *(.ram6_init.*)
                0x0000000000000000                . = ALIGN (0x4)

.ram6           0x0000000000000000        0x0 load address 0x000000000801117c
                0x0000000000000000                . = ALIGN (0x4)
                0x0000000000000000                __ram6_clear__ = .
 *(.ram6_clear)
 *(.ram6_clear.*)
                0x0000000000000000                . = ALIGN (0x4)
                0x0000000000000000                __ram6_noinit__ = .
 *(.ram6)
 *(.ram6.*)
                0x0000000000000000                . = ALIGN (0x4)
                0x0000000000000000                __ram6_free__ = .

.ram7_init      0x0000000000000000        0x0 load address 0x000000000801117c
                0x0000000000000000                . = ALIGN (0x4)
                0x000000000801117c                __ram7_init_text__ = LOADADDR (.ram7_init)
                0x0000000000000000                __ram7_init__ = .
 *(.ram7_init)
 *(.ram7_init.*)
                0x0000000000000000                . = ALIGN (0x4)

.ram7           0x0000000000000000        0x0 load address 0x000000000801117c
                0x0000000000000000                . = ALIGN (0x4)
                0x0000000000000000                __ram7_clear__ = .
 *(.ram7_clear)
 *(.ram7_clear.*)
                0x0000000000000000                . = ALIGN (0x4)
                0x0000000000000000                __ram7_noinit__ = .
 *(.ram7)
 *(.ram7.*)
                0x0000000000000000                . = ALIGN (0x4)
                0x0000000000000000                __ram7_free__ = .

.heap           0x00000000200029e0     0x2620
                0x00000000200029e0                . = ALIGN (0x8)
                0x00000000200029e0                __heap_base__ = .
                0x0000000020005000                . = (ORIGIN (HEAP_RAM) + LENGTH (HEAP_RAM))
 *fill*         0x00000000200029e0     0x2620 
                0x0000000020005000                __heap_end__ = .
                0x0000000000000400                __process_stack_size__ = 0x400
                0x0000000000000400                __main_stack_size__ = 0x400
START GROUP
LOAD /usr/bin/../lib/gcc/arm-none-eabi/7.2.1/thumb/v7-m/libgcc.a
LOAD /usr/bin/../lib/gcc/arm-none-eabi/7.2.1/../../../../arm-none-eabi/lib/thumb/v7-m/libg.a
LOAD /usr/bin/../lib/gcc/arm-none-eabi/7.2.1/../../../../arm-none-eabi/lib/thumb/v7-m/libc.a
END GROUP
OUTPUT(build/ch.elf elf32-littlearm)

.ARM.attributes
                0x0000000000000000       0x2f
 .ARM.attributes
                0x0000000000000000       0x21 build/obj/crt0_v7m.o
 .ARM.attributes
                0x0000000000000021       0x21 build/obj/vectors.o
 .ARM.attributes
                0x0000000000000042       0x21 build/obj/chcoreasm_v7m.o
 .ARM.attributes
                0x0000000000000063       0x31 /tmp/cckp2Imm.ltrans0.ltrans.o
 .ARM.attributes
                0x0000000000000094       0x1b /usr/bin/../lib/gcc/arm-none-eabi/7.2.1/../../../../arm-none-eabi/lib/thumb/v7-m/libg.a(lib_a-memcpy.o)
 .ARM.attributes
                0x00000000000000af       0x2d /usr/bin/../lib/gcc/arm-none-eabi/7.2.1/../../../../arm-none-eabi/lib/thumb/v7-m/libg.a(lib_a-memset.o)
 .ARM.attributes
                0x00000000000000dc       0x2d /usr/bin/../lib/gcc/arm-none-eabi/7.2.1/../../../../arm-none-eabi/lib/thumb/v7-m/libg.a(lib_a-strchr.o)
 .ARM.attributes
                0x0000000000000109       0x1b /usr/bin/../lib/gcc/arm-none-eabi/7.2.1/../../../../arm-none-eabi/lib/thumb/v7-m/libg.a(lib_a-strcmp.o)
 .ARM.attributes
                0x0000000000000124       0x2d /usr/bin/../lib/gcc/arm-none-eabi/7.2.1/../../../../arm-none-eabi/lib/thumb/v7-m/libg.a(lib_a-strncmp.o)
 .ARM.attributes
                0x0000000000000151       0x2d /usr/bin/../lib/gcc/arm-none-eabi/7.2.1/../../../../arm-none-eabi/lib/thumb/v7-m/libg.a(lib_a-strncpy.o)
 .ARM.attributes
                0x000000000000017e       0x2d /usr/bin/../lib/gcc/arm-none-eabi/7.2.1/../../../../arm-none-eabi/lib/thumb/v7-m/libg.a(lib_a-strpbrk.o)
 .ARM.attributes
                0x00000000000001ab       0x2d /usr/bin/../lib/gcc/arm-none-eabi/7.2.1/../../../../arm-none-eabi/lib/thumb/v7-m/libg.a(lib_a-strspn.o)

.comment        0x0000000000000000       0x7e
 .comment       0x0000000000000000       0x7e /tmp/cckp2Imm.ltrans0.ltrans.o
                                         0x7f (size before relaxing)

.debug_line     0x0000000000000000     0x642a
 .debug_line    0x0000000000000000       0xdb build/obj/crt0_v7m.o
 .debug_line    0x00000000000000db       0x85 build/obj/vectors.o
 .debug_line    0x0000000000000160       0x97 build/obj/chcoreasm_v7m.o
 .debug_line    0x00000000000001f7     0x6233 /tmp/cckp2Imm.ltrans0.ltrans.o

.debug_info     0x0000000000000000    0x20471
 .debug_info    0x0000000000000000       0x26 build/obj/crt0_v7m.o
 .debug_info    0x0000000000000026       0x26 build/obj/vectors.o
 .debug_info    0x000000000000004c       0x26 build/obj/chcoreasm_v7m.o
 .debug_info    0x0000000000000072    0x203ff /tmp/cckp2Imm.ltrans0.ltrans.o

.debug_abbrev   0x0000000000000000      0x8fc
 .debug_abbrev  0x0000000000000000       0x14 build/obj/crt0_v7m.o
 .debug_abbrev  0x0000000000000014       0x14 build/obj/vectors.o
 .debug_abbrev  0x0000000000000028       0x14 build/obj/chcoreasm_v7m.o
 .debug_abbrev  0x000000000000003c      0x8c0 /tmp/cckp2Imm.ltrans0.ltrans.o

.debug_aranges  0x0000000000000000      0x908
 .debug_aranges
                0x0000000000000000       0x20 build/obj/crt0_v7m.o
 .debug_aranges
                0x0000000000000020       0x20 build/obj/vectors.o
 .debug_aranges
                0x0000000000000040       0x20 build/obj/chcoreasm_v7m.o
 .debug_aranges