Archive member included to satisfy reference by file (symbol)

/usr/bin/../lib/gcc/arm-none-eabi/7.2.1/../../../../arm-none-eabi/lib/thumb/v7-m/libg.a(lib_a-memcpy.o)
                              /tmp/cc2A8CYK.ltrans0.ltrans.o (memcpy)
/usr/bin/../lib/gcc/arm-none-eabi/7.2.1/../../../../arm-none-eabi/lib/thumb/v7-m/libg.a(lib_a-memset.o)
                              /tmp/cc2A8CYK.ltrans0.ltrans.o (memset)
/usr/bin/../lib/gcc/arm-none-eabi/7.2.1/../../../../arm-none-eabi/lib/thumb/v7-m/libg.a(lib_a-strchr.o)
                              /tmp/cc2A8CYK.ltrans0.ltrans.o (strchr)
/usr/bin/../lib/gcc/arm-none-eabi/7.2.1/../../../../arm-none-eabi/lib/thumb/v7-m/libg.a(lib_a-strcmp.o)
                              /tmp/cc2A8CYK.ltrans0.ltrans.o (strcmp)
/usr/bin/../lib/gcc/arm-none-eabi/7.2.1/../../../../arm-none-eabi/lib/thumb/v7-m/libg.a(lib_a-strncmp.o)
                              /tmp/cc2A8CYK.ltrans0.ltrans.o (strncmp)
/usr/bin/../lib/gcc/arm-none-eabi/7.2.1/../../../../arm-none-eabi/lib/thumb/v7-m/libg.a(lib_a-strncpy.o)
                              /tmp/cc2A8CYK.ltrans0.ltrans.o (strncpy)
/usr/bin/../lib/gcc/arm-none-eabi/7.2.1/../../../../arm-none-eabi/lib/thumb/v7-m/libg.a(lib_a-strpbrk.o)
                              /tmp/cc2A8CYK.ltrans0.ltrans.o (strpbrk)
/usr/bin/../lib/gcc/arm-none-eabi/7.2.1/../../../../arm-none-eabi/lib/thumb/v7-m/libg.a(lib_a-strspn.o)
                              /tmp/cc2A8CYK.ltrans0.ltrans.o (strspn)

Discarded input sections

 .data          0x0000000000000000        0x0 build/obj/crt0_v7m.o
 .bss           0x0000000000000000        0x0 build/obj/crt0_v7m.o
 .data          0x0000000000000000        0x0 build/obj/vectors.o
 .bss           0x0000000000000000        0x0 build/obj/vectors.o
 .data          0x0000000000000000        0x0 build/obj/chcoreasm_v7m.o
 .bss           0x0000000000000000        0x0 build/obj/chcoreasm_v7m.o
 .text          0x0000000000000000        0x0 /tmp/cc2A8CYK.ltrans0.ltrans.o
 .data          0x0000000000000000        0x0 /tmp/cc2A8CYK.ltrans0.ltrans.o
 .bss           0x0000000000000000        0x0 /tmp/cc2A8CYK.ltrans0.ltrans.o
 .ARM.extab.text._ZL9send2UARTP20BaseSequentialStreamiPPc
                0x0000000000000000        0x0 /tmp/cc2A8CYK.ltrans0.ltrans.o
 .ARM.extab.text._ZL7Thread1Pv
                0x0000000000000000        0x0 /tmp/cc2A8CYK.ltrans0.ltrans.o
 .ARM.extab.text.startup.main
                0x0000000000000000        0x0 /tmp/cc2A8CYK.ltrans0.ltrans.o
 .data          0x0000000000000000        0x0 /usr/bin/../lib/gcc/arm-none-eabi/7.2.1/../../../../arm-none-eabi/lib/thumb/v7-m/libg.a(lib_a-memcpy.o)
 .bss           0x0000000000000000        0x0 /usr/bin/../lib/gcc/arm-none-eabi/7.2.1/../../../../arm-none-eabi/lib/thumb/v7-m/libg.a(lib_a-memcpy.o)
 .text          0x0000000000000000        0x0 /usr/bin/../lib/gcc/arm-none-eabi/7.2.1/../../../../arm-none-eabi/lib/thumb/v7-m/libg.a(lib_a-memset.o)
 .data          0x0000000000000000        0x0 /usr/bin/../lib/gcc/arm-none-eabi/7.2.1/../../../../arm-none-eabi/lib/thumb/v7-m/libg.a(lib_a-memset.o)
 .bss           0x0000000000000000        0x0 /usr/bin/../lib/gcc/arm-none-eabi/7.2.1/../../../../arm-none-eabi/lib/thumb/v7-m/libg.a(lib_a-memset.o)
 .text          0x0000000000000000        0x0 /usr/bin/../lib/gcc/arm-none-eabi/7.2.1/../../../../arm-none-eabi/lib/thumb/v7-m/libg.a(lib_a-strchr.o)
 .data          0x0000000000000000        0x0 /usr/bin/../lib/gcc/arm-none-eabi/7.2.1/../../../../arm-none-eabi/lib/thumb/v7-m/libg.a(lib_a-strchr.o)
 .bss           0x0000000000000000        0x0 /usr/bin/../lib/gcc/arm-none-eabi/7.2.1/../../../../arm-none-eabi/lib/thumb/v7-m/libg.a(lib_a-strchr.o)
 .data          0x0000000000000000        0x0 /usr/bin/../lib/gcc/arm-none-eabi/7.2.1/../../../../arm-none-eabi/lib/thumb/v7-m/libg.a(lib_a-strcmp.o)
 .bss           0x0000000000000000        0x0 /usr/bin/../lib/gcc/arm-none-eabi/7.2.1/../../../../arm-none-eabi/lib/thumb/v7-m/libg.a(lib_a-strcmp.o)
 .text          0x0000000000000000        0x0 /usr/bin/../lib/gcc/arm-none-eabi/7.2.1/../../../../arm-none-eabi/lib/thumb/v7-m/libg.a(lib_a-strncmp.o)
 .data          0x0000000000000000        0x0 /usr/bin/../lib/gcc/arm-none-eabi/7.2.1/../../../../arm-none-eabi/lib/thumb/v7-m/libg.a(lib_a-strncmp.o)
 .bss           0x0000000000000000        0x0 /usr/bin/../lib/gcc/arm-none-eabi/7.2.1/../../../../arm-none-eabi/lib/thumb/v7-m/libg.a(lib_a-strncmp.o)
 .text          0x0000000000000000        0x0 /usr/bin/../lib/gcc/arm-none-eabi/7.2.1/../../../../arm-none-eabi/lib/thumb/v7-m/libg.a(lib_a-strncpy.o)
 .data          0x0000000000000000        0x0 /usr/bin/../lib/gcc/arm-none-eabi/7.2.1/../../../../arm-none-eabi/lib/thumb/v7-m/libg.a(lib_a-strncpy.o)
 .bss           0x0000000000000000        0x0 /usr/bin/../lib/gcc/arm-none-eabi/7.2.1/../../../../arm-none-eabi/lib/thumb/v7-m/libg.a(lib_a-strncpy.o)
[...]
Memory Configuration

Name             Origin             Length             Attributes
flash0           0x0000000008000000 0x0000000000020000
flash1           0x0000000000000000 0x0000000000000000
flash2           0x0000000000000000 0x0000000000000000
flash3           0x0000000000000000 0x0000000000000000
flash4           0x0000000000000000 0x0000000000000000
flash5           0x0000000000000000 0x0000000000000000
flash6           0x0000000000000000 0x0000000000000000
flash7           0x0000000000000000 0x0000000000000000
ram0             0x0000000020000000 0x0000000000005000
ram1             0x0000000000000000 0x0000000000000000
ram2             0x0000000000000000 0x0000000000000000
ram3             0x0000000000000000 0x0000000000000000
ram4             0x0000000000000000 0x0000000000000000
ram5             0x0000000000000000 0x0000000000000000
ram6             0x0000000000000000 0x0000000000000000
ram7             0x0000000000000000 0x0000000000000000
*default*        0x0000000000000000 0xffffffffffffffff

Linker script and memory map

LOAD build/obj/crt0_v7m.o
LOAD build/obj/vectors.o
LOAD build/obj/chcoreasm_v7m.o
LOAD /tmp/cc2A8CYK.ltrans0.ltrans.o

.mstack         0x0000000020000000      0x400
                0x0000000020000000                . = ALIGN (0x8)
                0x0000000020000000                __main_stack_base__ = .
                0x0000000020000400                . = (. + __main_stack_size__)
 *fill*         0x0000000020000000      0x400 
                0x0000000020000400                . = ALIGN (0x8)
                0x0000000020000400                __main_stack_end__ = .

.pstack         0x0000000020000400      0x400
                0x0000000020000400                __process_stack_base__ = .
                0x0000000020000400                __main_thread_stack_base__ = .
                0x0000000020000800                . = (. + __process_stack_size__)
 *fill*         0x0000000020000400      0x400 
                0x0000000020000800                . = ALIGN (0x8)
                0x0000000020000800                __process_stack_end__ = .
                0x0000000020000800                __main_thread_stack_end__ = .

.vectors        0x0000000008000000      0x160
 *(.vectors)
 .vectors       0x0000000008000000      0x160 build/obj/vectors.o
                0x0000000008000000                _vectors

.xtors          0x0000000008000160        0x0
                0x0000000008000160                __init_array_start = .
 *(SORT_BY_NAME(.init_array.*))
 *(.init_array)
                0x0000000008000160                __init_array_end = .
                0x0000000008000160                __fini_array_start = .
 *(.fini_array)
 *(SORT_BY_NAME(.fini_array.*))
                0x0000000008000160                __fini_array_end = .

.text           0x0000000008000160     0x9db0
 *(.text)
 .text          0x0000000008000160       0xd8 build/obj/crt0_v7m.o
                0x0000000008000160                _crt0_entry
 .text          0x0000000008000238        0x8 build/obj/vectors.o
                0x0000000008000238                Reset_Handler
                0x000000000800023a                VectorE8
                0x000000000800023a                VectorAC
                0x000000000800023a                DebugMon_Handler
                0x000000000800023a                Vector11C
                0x000000000800023a                HardFault_Handler
                0x000000000800023a                Vector8C
                0x000000000800023a                SysTick_Handler
                0x000000000800023a                VectorDC
                0x000000000800023a                PendSV_Handler
                0x000000000800023a                NMI_Handler
                0x000000000800023a                Vector110
                0x000000000800023a                Vector120
                0x000000000800023a                VectorC8
                0x000000000800023a                Vector94
                0x000000000800023a                VectorA8
                0x000000000800023a                VectorB4
                0x000000000800023a                UsageFault_Handler
                0x000000000800023a                VectorEC
                0x000000000800023a                Vector40
                0x000000000800023a                VectorF8
                0x000000000800023a                Vector108
                0x000000000800023a                Vector150
                0x000000000800023a                Vector124
                0x000000000800023a                Vector148
                0x000000000800023a                Vector118
                0x000000000800023a                VectorCC
                0x000000000800023a                Vector54
                0x000000000800023a                Vector98
                0x000000000800023a                VectorD8
                0x000000000800023a                Vector138
                0x000000000800023a                Vector24
                0x000000000800023a                VectorD0
                0x000000000800023a                Vector140
                0x000000000800023a                VectorE4
                0x000000000800023a                Vector158
                0x000000000800023a                Vector130
                0x000000000800023a                Vector134
                0x000000000800023a                VectorF0
                0x000000000800023a                Vector12C
                0x000000000800023a                Vector13C
                0x000000000800023a                Vector100
                0x000000000800023a                VectorF4
                0x000000000800023a                MemManage_Handler
                0x000000000800023a                VectorA0
                0x000000000800023a                VectorC4
                0x000000000800023a                Vector114
                0x000000000800023a                Vector1C
                0x000000000800023a                Vector48
                0x000000000800023a                Vector4C
                0x000000000800023a                Vector144
                0x000000000800023a                Vector15C
                0x000000000800023a                Vector88
                0x000000000800023a                Vector104
                0x000000000800023a                Vector10C
                0x000000000800023a                Vector14C
                0x000000000800023a                BusFault_Handler
                0x000000000800023a                Vector50
                0x000000000800023a                Vector154
                0x000000000800023a                Vector44
                0x000000000800023a                Vector28
                0x000000000800023a                VectorB8
                0x000000000800023a                VectorFC
                0x000000000800023a                Vector34
                0x000000000800023a                Vector128
                0x000000000800023a                VectorA4
                0x000000000800023a                Vector20
                0x000000000800023c                _unhandled_exception
 .text          0x0000000008000240       0x28 build/obj/chcoreasm_v7m.o
                0x0000000008000240                _port_switch
                0x0000000008000250                _port_thread_start
                0x0000000008000260                _port_switch_from_isr
                0x0000000008000264                _port_exit_from_isr
 .text          0x0000000008000268       0xec /usr/bin/../lib/gcc/arm-none-eabi/7.2.1/../../../../arm-none-eabi/lib/thumb/v7-m/libg.a(lib_a-memcpy.o)
                0x0000000008000268                memcpy
 .text          0x0000000008000354      0x1bc /usr/bin/../lib/gcc/arm-none-eabi/7.2.1/../../../../arm-none-eabi/lib/thumb/v7-m/libg.a(lib_a-strcmp.o)
                0x0000000008000354                strcmp
 *(.text.*)
 .text.chMtxTryLock.constprop.95
                0x0000000008000510       0x34 /tmp/cc2A8CYK.ltrans0.ltrans.o
 *fill*         0x0000000008000544        0xc 
 .text.chEvtGetAndClearEvents.constprop.85
                0x0000000008000550       0x1c /tmp/cc2A8CYK.ltrans0.ltrans.o
 *fill*         0x000000000800056c        0x4 
 .text._test_assert_time_window.constprop.3
                0x0000000008000570       0x3c /tmp/cc2A8CYK.ltrans0.ltrans.o
 *fill*         0x00000000080005ac        0x4 
 .text.chCoreAllocAlignedWithOffset
                0x00000000080005b0       0x44 /tmp/cc2A8CYK.ltrans0.ltrans.o
 *fill*         0x00000000080005f4        0xc 
 .text.notify1  0x0000000008000600       0x10 /tmp/cc2A8CYK.ltrans0.ltrans.o
 .text.get_descriptor
                0x0000000008000610       0x30 /tmp/cc2A8CYK.ltrans0.ltrans.o
 .text.oslib_test_003_001_setup
                0x0000000008000640       0x38 /tmp/cc2A8CYK.ltrans0.ltrans.o
 *fill*         0x0000000008000678        0x8 
 .text.oslib_test_002_003_setup
                0x0000000008000680       0x1c /tmp/cc2A8CYK.ltrans0.ltrans.o
 *fill*         0x000000000800069c        0x4 
 .text.oslib_test_002_002_setup
                0x00000000080006a0        0x4 /tmp/cc2A8CYK.ltrans0.ltrans.o
 *fill*         0x00000000080006a4        0xc 
 .text.null_provider
                0x00000000080006b0        0x4 /tmp/cc2A8CYK.ltrans0.ltrans.o
 *fill*         0x00000000080006b4        0xc 
 .text.oslib_test_002_001_setup
                0x00000000080006c0       0x14 /tmp/cc2A8CYK.ltrans0.ltrans.o
 *fill*         0x00000000080006d4        0xc 
 .text.oslib_test_001_003_setup
                0x00000000080006e0       0x34 /tmp/cc2A8CYK.ltrans0.ltrans.o
 *fill*         0x0000000008000714        0xc 
 .text.oslib_test_001_002_setup
                0x0000000008000720        0x4 /tmp/cc2A8CYK.ltrans0.ltrans.o
 *fill*         0x0000000008000724        0xc 
 .text.oslib_test_001_001_setup
                0x0000000008000730        0x4 /tmp/cc2A8CYK.ltrans0.ltrans.o
 *fill*         0x0000000008000734        0xc 
 .text.rt_test_010_011_setup
                0x0000000008000740       0x10 /tmp/cc2A8CYK.ltrans0.ltrans.o
 .text.rt_test_010_010_setup
                0x0000000008000750       0x10 /tmp/cc2A8CYK.ltrans0.ltrans.o
 .text.tmo      0x0000000008000760        0x4 /tmp/cc2A8CYK.ltrans0.ltrans.o
 *fill*         0x0000000008000764        0xc 
 .text.rt_test_010_007_setup
                0x0000000008000770       0x10 /tmp/cc2A8CYK.ltrans0.ltrans.o
 .text.rt_test_009_002_setup
                0x0000000008000780       0x18 /tmp/cc2A8CYK.ltrans0.ltrans.o
 *fill*         0x0000000008000798        0x8 
 .text.rt_test_009_001_setup
                0x00000000080007a0       0x38 /tmp/cc2A8CYK.ltrans0.ltrans.o
 *fill*         0x00000000080007d8        0x8 
 .text.rt_test_008_007_setup
                0x00000000080007e0       0x18 /tmp/cc2A8CYK.ltrans0.ltrans.o
 *fill*         0x00000000080007f8        0x8 
 .text.rt_test_008_006_setup
                0x0000000008000800        0x4 /tmp/cc2A8CYK.ltrans0.ltrans.o
 *fill*         0x0000000008000804        0xc 
 .text.rt_test_008_005_setup
                0x0000000008000810        0x4 /tmp/cc2A8CYK.ltrans0.ltrans.o
 *fill*         0x0000000008000814        0xc 
 .text.rt_test_008_004_setup
                0x0000000008000820        0x4 /tmp/cc2A8CYK.ltrans0.ltrans.o
 *fill*         0x0000000008000824        0xc 
 .text.rt_test_008_003_setup
                0x0000000008000830        0x4 /tmp/cc2A8CYK.ltrans0.ltrans.o
 *fill*         0x0000000008000834        0xc 
 .text.rt_test_008_002_setup
                0x0000000008000840        0x4 /tmp/cc2A8CYK.ltrans0.ltrans.o
 *fill*         0x0000000008000844        0xc 
 .text.rt_test_006_009_setup
                0x0000000008000850       0x28 /tmp/cc2A8CYK.ltrans0.ltrans.o
 *fill*         0x0000000008000878        0x8 
 .text.rt_test_006_008_setup
                0x0000000008000880       0x1c /tmp/cc2A8CYK.ltrans0.ltrans.o
 *fill*         0x000000000800089c        0x4 
 .text.rt_test_006_007_setup
                0x00000000080008a0        0x4 /tmp/cc2A8CYK.ltrans0.ltrans.o
 *fill*         0x00000000080008a4        0xc 
 .text.rt_test_006_005_setup
                0x00000000080008b0       0x10 /tmp/cc2A8CYK.ltrans0.ltrans.o
 .text.rt_test_006_004_setup
                0x00000000080008c0       0x1c /tmp/cc2A8CYK.ltrans0.ltrans.o
 *fill*         0x00000000080008dc        0x4 
 .text.rt_test_006_001_setup
                0x00000000080008e0        0x4 /tmp/cc2A8CYK.ltrans0.ltrans.o
 *fill*         0x00000000080008e4        0xc 
 .text.rt_test_005_005_setup
                0x00000000080008f0       0x10 /tmp/cc2A8CYK.ltrans0.ltrans.o
 .text.rt_test_005_004_setup
                0x0000000008000900        0x4 /tmp/cc2A8CYK.ltrans0.ltrans.o
 *fill*         0x0000000008000904        0xc 
 .text.rt_test_005_003_setup
                0x0000000008000910        0x4 /tmp/cc2A8CYK.ltrans0.ltrans.o
 *fill*         0x0000000008000914        0xc 
 .text.rt_test_005_002_setup
                0x0000000008000920        0x4 /tmp/cc2A8CYK.ltrans0.ltrans.o
 *fill*         0x0000000008000924        0xc 
 .text.rt_test_005_001_setup
                0x0000000008000930       0x10 /tmp/cc2A8CYK.ltrans0.ltrans.o
 .text.rt_test_004_001_setup
                0x0000000008000940        0xc /tmp/cc2A8CYK.ltrans0.ltrans.o
 *fill*         0x000000000800094c        0x4 
 .text._test_assert
                0x0000000008000950       0x28 /tmp/cc2A8CYK.ltrans0.ltrans.o
 *fill*         0x0000000008000978        0x8 
 .text.rt_test_002_004_execute
                0x0000000008000980       0x20 /tmp/cc2A8CYK.ltrans0.ltrans.o
 .text.rt_test_002_003_execute
                0x00000000080009a0       0x24 /tmp/cc2A8CYK.ltrans0.ltrans.o
 *fill*         0x00000000080009c4        0xc 
 .text.test_terminate_threads
                0x00000000080009d0       0x34 /tmp/cc2A8CYK.ltrans0.ltrans.o
 *fill*         0x0000000008000a04        0xc 
 .text.test_printn.part.0
                0x0000000008000a10       0x58 /tmp/cc2A8CYK.ltrans0.ltrans.o
 *fill*         0x0000000008000a68        0x8 
 .text.test_printn
                0x0000000008000a70       0x18 /tmp/cc2A8CYK.ltrans0.ltrans.o
 *fill*         0x0000000008000a88        0x8 
 .text.test_emit_token
                0x0000000008000a90       0x28 /tmp/cc2A8CYK.ltrans0.ltrans.o
 *fill*         0x0000000008000ab8        0x8 
 .text.h3       0x0000000008000ac0        0x8 /tmp/cc2A8CYK.ltrans0.ltrans.o
 *fill*         0x0000000008000ac8        0x8 
 .text.h2       0x0000000008000ad0        0x8 /tmp/cc2A8CYK.ltrans0.ltrans.o
 *fill*         0x0000000008000ad8        0x8 
 .text.h1       0x0000000008000ae0        0x8 /tmp/cc2A8CYK.ltrans0.ltrans.o
 *fill*         0x0000000008000ae8        0x8 
 .text.thread   0x0000000008000af0        0x8 /tmp/cc2A8CYK.ltrans0.ltrans.o
 *fill*         0x0000000008000af8        0x8 
 .text.dyn_thread1
                0x0000000008000b00        0x4 /tmp/cc2A8CYK.ltrans0.ltrans.o
 *fill*         0x0000000008000b04        0xc 
 .text.test_println
                0x0000000008000b10       0x38 /tmp/cc2A8CYK.ltrans0.ltrans.o
 *fill*         0x0000000008000b48        0x8 
 .text.test_print
                0x0000000008000b50       0x24 /tmp/cc2A8CYK.ltrans0.ltrans.o
 *fill*         0x0000000008000b74        0xc 
 .text._test_assert_sequence
                0x0000000008000b80       0x4c /tmp/cc2A8CYK.ltrans0.ltrans.o
 *fill*         0x0000000008000bcc        0x4 
 .text.rt_test_008_002_execute
                0x0000000008000bd0       0x50 /tmp/cc2A8CYK.ltrans0.ltrans.o
 .text.print_line
                0x0000000008000c20       0x2c /tmp/cc2A8CYK.ltrans0.ltrans.o
 *fill*         0x0000000008000c4c        0x4 
 .text.usb_lld_start_in
                0x0000000008000c50       0x7c /tmp/cc2A8CYK.ltrans0.ltrans.o
 *fill*         0x0000000008000ccc        0x4 
 .text.usb_lld_start_out
                0x0000000008000cd0       0x44 /tmp/cc2A8CYK.ltrans0.ltrans.o
 *fill*         0x0000000008000d14        0xc 
 .text.usb_lld_init_endpoint
                0x0000000008000d20       0xdc /tmp/cc2A8CYK.ltrans0.ltrans.o
 *fill*         0x0000000008000dfc        0x4 
 .text.usb_lld_reset
                0x0000000008000e00       0x38 /tmp/cc2A8CYK.ltrans0.ltrans.o
 *fill*         0x0000000008000e38        0x8 
 .text._usb_ep0out
                0x0000000008000e40       0xa4 /tmp/cc2A8CYK.ltrans0.ltrans.o
 *fill*         0x0000000008000ee4        0xc 
 .text._usb_ep0in
                0x0000000008000ef0       0xf0 /tmp/cc2A8CYK.ltrans0.ltrans.o
 .text._usb_ep0setup
                0x0000000008000fe0      0x448 /tmp/cc2A8CYK.ltrans0.ltrans.o
 *fill*         0x0000000008001428        0x8 
 .text.usbStartTransmitI
                0x0000000008001430       0x2c /tmp/cc2A8CYK.ltrans0.ltrans.o
 *fill*         0x000000000800145c        0x4 
 .text.set_address
                0x0000000008001460       0x28 /tmp/cc2A8CYK.ltrans0.ltrans.o
 *fill*         0x0000000008001488        0x8 
 .text.sduInterruptTransmitted
                0x0000000008001490        0x4 /tmp/cc2A8CYK.ltrans0.ltrans.o
 *fill*         0x0000000008001494        0xc 
 .text.sduRequestsHook
                0x00000000080014a0       0x44 /tmp/cc2A8CYK.ltrans0.ltrans.o
 *fill*         0x00000000080014e4        0xc 
 .text._ctl.lto_priv.116
                0x00000000080014f0        0x4 /tmp/cc2A8CYK.ltrans0.ltrans.o
 *fill*         0x00000000080014f4        0xc 
 .text._ctl     0x0000000008001500        0x4 /tmp/cc2A8CYK.ltrans0.ltrans.o
 *fill*         0x0000000008001504        0xc 
 .text.sdu_start_receive
                0x0000000008001510       0x64 /tmp/cc2A8CYK.ltrans0.ltrans.o
 *fill*         0x0000000008001574        0xc 
 .text.ibnotify
                0x0000000008001580        0x8 /tmp/cc2A8CYK.ltrans0.ltrans.o
 *fill*         0x0000000008001588        0x8 
 .text.obqGetFullBufferI
                0x0000000008001590       0x1c /tmp/cc2A8CYK.ltrans0.ltrans.o
 *fill*         0x00000000080015ac        0x4 
 .text.obnotify
                0x00000000080015b0       0x4c /tmp/cc2A8CYK.ltrans0.ltrans.o
 *fill*         0x00000000080015fc        0x4 
 .text.sof_handler
                0x0000000008001600       0x90 /tmp/cc2A8CYK.ltrans0.ltrans.o
 .text._port_irq_epilogue
                0x0000000008001690       0x54 /tmp/cc2A8CYK.ltrans0.ltrans.o
 *fill*         0x00000000080016e4        0xc 
 .text.chCoreAllocAlignedI
                0x00000000080016f0       0x34 /tmp/cc2A8CYK.ltrans0.ltrans.o
 *fill*         0x0000000008001724        0xc 
 .text.chPoolAlloc
                0x0000000008001730       0x30 /tmp/cc2A8CYK.ltrans0.ltrans.o
 .text.oslib_test_002_001_execute
                0x0000000008001760      0x10c /tmp/cc2A8CYK.ltrans0.ltrans.o
 *fill*         0x000000000800186c        0x4 
 .text.chEvtAddEvents
                0x0000000008001870       0x1c /tmp/cc2A8CYK.ltrans0.ltrans.o
 *fill*         0x000000000800188c        0x4 
 .text.chEvtUnregister
                0x0000000008001890       0x2c /tmp/cc2A8CYK.ltrans0.ltrans.o
 *fill*         0x00000000080018bc        0x4 
 .text.rt_test_008_001_execute
                0x00000000080018c0       0xf8 /tmp/cc2A8CYK.ltrans0.ltrans.o
 *fill*         0x00000000080019b8        0x8 
 .text.chThdCreateSuspendedI
                0x00000000080019c0       0x7c /tmp/cc2A8CYK.ltrans0.ltrans.o
 *fill*         0x0000000008001a3c        0x4 
 .text.wakeup   0x0000000008001a40       0x70 /tmp/cc2A8CYK.ltrans0.ltrans.o
 .text.chSchReadyI
                0x0000000008001ab0       0x28 /tmp/cc2A8CYK.ltrans0.ltrans.o
 *fill*         0x0000000008001ad8        0x8 
 .text.chThdDequeueNextI.constprop.101
                0x0000000008001ae0       0x20 /tmp/cc2A8CYK.ltrans0.ltrans.o
 .text.chMBPostI.constprop.69
                0x0000000008001b00       0x48 /tmp/cc2A8CYK.ltrans0.ltrans.o
 *fill*         0x0000000008001b48        0x8 
 .text.chMBPostAheadI.constprop.66
                0x0000000008001b50       0x48 /tmp/cc2A8CYK.ltrans0.ltrans.o
 *fill*         0x0000000008001b98        0x8 
 .text.chMBFetchI.constprop.63
                0x0000000008001ba0       0x48 /tmp/cc2A8CYK.ltrans0.ltrans.o
 *fill*         0x0000000008001be8        0x8 
 .text.chCondSignalI.constprop.92
                0x0000000008001bf0       0x24 /tmp/cc2A8CYK.ltrans0.ltrans.o
 *fill*         0x0000000008001c14        0xc 
 .text.chEvtSignalI
                0x0000000008001c20       0x30 /tmp/cc2A8CYK.ltrans0.ltrans.o
 .text.chEvtBroadcastFlagsI
                0x0000000008001c50       0x2c /tmp/cc2A8CYK.ltrans0.ltrans.o
 *fill*         0x0000000008001c7c        0x4 
 .text.sduDataReceived
                0x0000000008001c80       0x60 /tmp/cc2A8CYK.ltrans0.ltrans.o
 .text.sduDataTransmitted
                0x0000000008001ce0       0xa4 /tmp/cc2A8CYK.ltrans0.ltrans.o
 *fill*         0x0000000008001d84        0xc 
 .text.chMtxUnlockS
                0x0000000008001d90       0x50 /tmp/cc2A8CYK.ltrans0.ltrans.o
 .text.chSemSignalI
                0x0000000008001de0       0x24 /tmp/cc2A8CYK.ltrans0.ltrans.o
 *fill*         0x0000000008001e04        0xc 
 .text.chThdDequeueAllI
                0x0000000008001e10       0x24 /tmp/cc2A8CYK.ltrans0.ltrans.o
 *fill*         0x0000000008001e34        0xc 
 .text.chVTDoResetI
                0x0000000008001e40       0x84 /tmp/cc2A8CYK.ltrans0.ltrans.o
 *fill*         0x0000000008001ec4        0xc 
 .text.chVTDoSetI
                0x0000000008001ed0       0xc4 /tmp/cc2A8CYK.ltrans0.ltrans.o
 *fill*         0x0000000008001f94        0xc 
 .text.chSysGetStatusAndLockX.part.1
                0x0000000008001fa0        0xc /tmp/cc2A8CYK.ltrans0.ltrans.o
 *fill*         0x0000000008001fac        0x4 
 .text.chSysIntegrityCheckI
                0x0000000008001fb0       0xa4 /tmp/cc2A8CYK.ltrans0.ltrans.o
 *fill*         0x0000000008002054        0xc 
 .text.rt_test_002_001_execute
                0x0000000008002060       0xa8 /tmp/cc2A8CYK.ltrans0.ltrans.o
 *fill*         0x0000000008002108        0x8 
 .text._idle_thread
                0x0000000008002110        0x4 /tmp/cc2A8CYK.ltrans0.ltrans.o
 *fill*         0x0000000008002114        0xc 
 .text.usbInitEndpointI
                0x0000000008002120       0x2c /tmp/cc2A8CYK.ltrans0.ltrans.o
 *fill*         0x000000000800214c        0x4 
 .text.usb_event
                0x0000000008002150       0xdc /tmp/cc2A8CYK.ltrans0.ltrans.o
 *fill*         0x000000000800222c        0x4 
 .text.parse_arguments
                0x0000000008002230       0x54 /tmp/cc2A8CYK.ltrans0.ltrans.o
 *fill*         0x0000000008002284        0xc 
 .text.chprintf
                0x0000000008002290      0x3e4 /tmp/cc2A8CYK.ltrans0.ltrans.o
 *fill*         0x0000000008002674        0xc 
 .text._ZL9send2UARTP20BaseSequentialStreamiPPc
                0x0000000008002680        0xc /tmp/cc2A8CYK.ltrans0.ltrans.o
 *fill*         0x000000000800268c        0x4 
 .text.cmd_systime
                0x0000000008002690       0x34 /tmp/cc2A8CYK.ltrans0.ltrans.o
 *fill*         0x00000000080026c4        0xc 
 .text.cmd_echo
                0x00000000080026d0       0x20 /tmp/cc2A8CYK.ltrans0.ltrans.o
 .text.cmd_info
                0x00000000080026f0       0xbc /tmp/cc2A8CYK.ltrans0.ltrans.o
 *fill*         0x00000000080027ac        0x4 
 .text.rt_test_010_012_execute
                0x00000000080027b0       0xfc /tmp/cc2A8CYK.ltrans0.ltrans.o
 *fill*         0x00000000080028ac        0x4 
 .text.rt_test_001_003_execute
                0x00000000080028b0      0x3e0 /tmp/cc2A8CYK.ltrans0.ltrans.o
 .text.rt_test_001_002_execute
                0x0000000008002c90       0x8c /tmp/cc2A8CYK.ltrans0.ltrans.o
 *fill*         0x0000000008002d1c        0x4 
 .text.rt_test_001_001_execute
                0x0000000008002d20       0xa8 /tmp/cc2A8CYK.ltrans0.ltrans.o
 *fill*         0x0000000008002dc8        0x8 
 .text.dyn_find_object
                0x0000000008002dd0       0x34 /tmp/cc2A8CYK.ltrans0.ltrans.o
 *fill*         0x0000000008002e04        0xc 
 .text.dyn_create_object_pool
                0x0000000008002e10       0x50 /tmp/cc2A8CYK.ltrans0.ltrans.o
 .text.chThdYield
                0x0000000008002e60       0x58 /tmp/cc2A8CYK.ltrans0.ltrans.o
 *fill*         0x0000000008002eb8        0x8 
 .text.bmk_thread8
                0x0000000008002ec0       0x2c /tmp/cc2A8CYK.ltrans0.ltrans.o
 *fill*         0x0000000008002eec        0x4 
 .text.chSchWakeupS
                0x0000000008002ef0       0x60 /tmp/cc2A8CYK.ltrans0.ltrans.o
 .text.chThdCreateStatic.constprop.103
                0x0000000008002f50       0x88 /tmp/cc2A8CYK.ltrans0.ltrans.o
 *fill*         0x0000000008002fd8        0x8 
 .text.chCondSignal.constprop.93
                0x0000000008002fe0       0x28 /tmp/cc2A8CYK.ltrans0.ltrans.o
 *fill*         0x0000000008003008        0x8 
 .text.chThdCreateFromMemoryPool.constprop.74
                0x0000000008003010       0x5c /tmp/cc2A8CYK.ltrans0.ltrans.o
 *fill*         0x000000000800306c        0x4 
 .text.chSemSignal
                0x0000000008003070       0x34 /tmp/cc2A8CYK.ltrans0.ltrans.o
 *fill*         0x00000000080030a4        0xc 
 .text.chSchGoSleepS
                0x00000000080030b0       0x28 /tmp/cc2A8CYK.ltrans0.ltrans.o
 *fill*         0x00000000080030d8        0x8 
 .text.chEvtWaitOne.constprop.81
                0x00000000080030e0       0x34 /tmp/cc2A8CYK.ltrans0.ltrans.o
 *fill*         0x0000000008003114        0xc 
 .text.chEvtWaitAny.constprop.80
                0x0000000008003120       0x2c /tmp/cc2A8CYK.ltrans0.ltrans.o
 *fill*         0x000000000800314c        0x4 
 .text.chEvtWaitAll.constprop.79
                0x0000000008003150       0x38 /tmp/cc2A8CYK.ltrans0.ltrans.o
 *fill*         0x0000000008003188        0x8 
 .text.bmk_thread4
                0x0000000008003190       0x24 /tmp/cc2A8CYK.ltrans0.ltrans.o
 *fill*         0x00000000080031b4        0xc 
 .text.chSchGoSleepTimeoutS
                0x00000000080031c0       0x44 /tmp/cc2A8CYK.ltrans0.ltrans.o
 *fill*         0x0000000008003204        0xc 
 .text.chSemWaitTimeout.constprop.100
                0x0000000008003210       0x50 /tmp/cc2A8CYK.ltrans0.ltrans.o
 .text.chGuardedPoolAllocTimeout.constprop.58
                0x0000000008003260       0x68 /tmp/cc2A8CYK.ltrans0.ltrans.o
 *fill*         0x00000000080032c8        0x8 
 .text.oslib_test_002_003_execute
                0x00000000080032d0       0x28 /tmp/cc2A8CYK.ltrans0.ltrans.o
 *fill*         0x00000000080032f8        0x8 
 .text.rt_test_008_006_execute
                0x0000000008003300      0x168 /tmp/cc2A8CYK.ltrans0.ltrans.o
 *fill*         0x0000000008003468        0x8 
 .text.chThdEnqueueTimeoutS
                0x0000000008003470       0x28 /tmp/cc2A8CYK.ltrans0.ltrans.o
 *fill*         0x0000000008003498        0x8 
 .text.oqWriteTimeout
                0x00000000080034a0       0xc0 /tmp/cc2A8CYK.ltrans0.ltrans.o
 .text._writet.lto_priv.120
                0x0000000008003560        0x8 /tmp/cc2A8CYK.ltrans0.ltrans.o
 *fill*         0x0000000008003568        0x8 
 .text._write.lto_priv.132
                0x0000000008003570        0xc /tmp/cc2A8CYK.ltrans0.ltrans.o
 *fill*         0x000000000800357c        0x4 
 .text.oqPutTimeout
                0x0000000008003580       0x54 /tmp/cc2A8CYK.ltrans0.ltrans.o
 *fill*         0x00000000080035d4        0xc 
 .text._putt.lto_priv.124
                0x00000000080035e0        0x8 /tmp/cc2A8CYK.ltrans0.ltrans.o
 *fill*         0x00000000080035e8        0x8 
 .text._put.lto_priv.128
                0x00000000080035f0        0xc /tmp/cc2A8CYK.ltrans0.ltrans.o
 *fill*         0x00000000080035fc        0x4 
 .text.iqReadTimeout
                0x0000000008003600       0xc0 /tmp/cc2A8CYK.ltrans0.ltrans.o
 .text._readt.lto_priv.118
                0x00000000080036c0        0x8 /tmp/cc2A8CYK.ltrans0.ltrans.o
 *fill*         0x00000000080036c8        0x8 
 .text._read.lto_priv.130
                0x00000000080036d0        0xc /tmp/cc2A8CYK.ltrans0.ltrans.o
 *fill*         0x00000000080036dc        0x4 
 .text.iqGetTimeout
                0x00000000080036e0       0x54 /tmp/cc2A8CYK.ltrans0.ltrans.o
 *fill*         0x0000000008003734        0xc 
 .text._gett.lto_priv.122
                0x0000000008003740        0x8 /tmp/cc2A8CYK.ltrans0.ltrans.o
 *fill*         0x0000000008003748        0x8 
 .text._get.lto_priv.126
                0x0000000008003750        0xc /tmp/cc2A8CYK.ltrans0.ltrans.o
 *fill*         0x000000000800375c        0x4 
 .text.obqGetEmptyBufferTimeoutS
                0x0000000008003760       0x34 /tmp/cc2A8CYK.ltrans0.ltrans.o
 *fill*         0x0000000008003794        0xc 
 .text.obqWriteTimeout
                0x00000000080037a0      0x110 /tmp/cc2A8CYK.ltrans0.ltrans.o
 .text._writet.lto_priv.121
                0x00000000080038b0        0x8 /tmp/cc2A8CYK.ltrans0.ltrans.o
 *fill*         0x00000000080038b8        0x8 
 .text._write.lto_priv.133
                0x00000000080038c0        0xc /tmp/cc2A8CYK.ltrans0.ltrans.o
 *fill*         0x00000000080038cc        0x4 
 .text.obqPutTimeout
                0x00000000080038d0       0x64 /tmp/cc2A8CYK.ltrans0.ltrans.o
 *fill*         0x0000000008003934        0xc 
 .text._putt.lto_priv.125
                0x0000000008003940        0x8 /tmp/cc2A8CYK.ltrans0.ltrans.o
 *fill*         0x0000000008003948        0x8 
 .text._put.lto_priv.129
                0x0000000008003950        0xc /tmp/cc2A8CYK.ltrans0.ltrans.o
 *fill*         0x000000000800395c        0x4 
 .text.ibqGetFullBufferTimeoutS
                0x0000000008003960       0x34 /tmp/cc2A8CYK.ltrans0.ltrans.o
 *fill*         0x0000000008003994        0xc 
 .text.ibqReadTimeout
                0x00000000080039a0      0x118 /tmp/cc2A8CYK.ltrans0.ltrans.o
 *fill*         0x0000000008003ab8        0x8 
 .text._readt.lto_priv.119
                0x0000000008003ac0        0x8 /tmp/cc2A8CYK.ltrans0.ltrans.o
 *fill*         0x0000000008003ac8        0x8 
 .text._read.lto_priv.131
                0x0000000008003ad0        0xc /tmp/cc2A8CYK.ltrans0.ltrans.o
 *fill*         0x0000000008003adc        0x4 
 .text.ibqGetTimeout
                0x0000000008003ae0       0x5c /tmp/cc2A8CYK.ltrans0.ltrans.o
 *fill*         0x0000000008003b3c        0x4 
 .text._gett.lto_priv.123
                0x0000000008003b40        0x8 /tmp/cc2A8CYK.ltrans0.ltrans.o
 *fill*         0x0000000008003b48        0x8 
 .text._get.lto_priv.127
                0x0000000008003b50        0xc /tmp/cc2A8CYK.ltrans0.ltrans.o
 *fill*         0x0000000008003b5c        0x4 
 .text.chThdSleep
                0x0000000008003b60       0x18 /tmp/cc2A8CYK.ltrans0.ltrans.o
 *fill*         0x0000000008003b78        0x8 
 .text._ZL7Thread1Pv
                0x0000000008003b80       0x44 /tmp/cc2A8CYK.ltrans0.ltrans.o
 *fill*         0x0000000008003bc4        0xc 
 .text.rt_test_003_001_execute
                0x0000000008003bd0       0xd0 /tmp/cc2A8CYK.ltrans0.ltrans.o
 .text.test_wait_tick
                0x0000000008003ca0       0x20 /tmp/cc2A8CYK.ltrans0.ltrans.o
 .text.rt_test_010_009_execute
                0x0000000008003cc0       0xa0 /tmp/cc2A8CYK.ltrans0.ltrans.o
 .text.test_execute
                0x0000000008003d60      0x348 /tmp/cc2A8CYK.ltrans0.ltrans.o
 *fill*         0x00000000080040a8        0x8 
 .text.test_rt  0x00000000080040b0        0xc /tmp/cc2A8CYK.ltrans0.ltrans.o
 *fill*         0x00000000080040bc        0x4 
 .text.test_oslib
                0x00000000080040c0        0xc /tmp/cc2A8CYK.ltrans0.ltrans.o
 *fill*         0x00000000080040cc        0x4 
 .text.chMsgWait
                0x00000000080040d0       0x40 /tmp/cc2A8CYK.ltrans0.ltrans.o
 .text.bmk_thread1
                0x0000000008004110       0x20 /tmp/cc2A8CYK.ltrans0.ltrans.o
 .text.chMsgSend
                0x0000000008004130       0x40 /tmp/cc2A8CYK.ltrans0.ltrans.o
 .text.msg_loop_test
                0x0000000008004170       0x40 /tmp/cc2A8CYK.ltrans0.ltrans.o
 .text.msg_thread1
                0x00000000080041b0       0x28 /tmp/cc2A8CYK.ltrans0.ltrans.o
 *fill*         0x00000000080041d8        0x8 
 .text.chMtxLockS
                0x00000000080041e0       0xe8 /tmp/cc2A8CYK.ltrans0.ltrans.o
 *fill*         0x00000000080042c8        0x8 
 .text.chMtxLock
                0x00000000080042d0       0x14 /tmp/cc2A8CYK.ltrans0.ltrans.o
 *fill*         0x00000000080042e4        0xc 
 .text.chSemWait
                0x00000000080042f0       0x44 /tmp/cc2A8CYK.ltrans0.ltrans.o
 *fill*         0x0000000008004334        0xc 
 .text.rt_test_010_010_execute
                0x0000000008004340       0x90 /tmp/cc2A8CYK.ltrans0.ltrans.o
 .text.bmk_thread7
                0x00000000080043d0       0x2c /tmp/cc2A8CYK.ltrans0.ltrans.o
 *fill*         0x00000000080043fc        0x4 
 .text.thread3  0x0000000008004400       0x18 /tmp/cc2A8CYK.ltrans0.ltrans.o
 *fill*         0x0000000008004418        0x8 
 .text.thread1.lto_priv.114
                0x0000000008004420       0x18 /tmp/cc2A8CYK.ltrans0.ltrans.o
 *fill*         0x0000000008004438        0x8 
 .text.chThdExitS
                0x0000000008004440       0x48 /tmp/cc2A8CYK.ltrans0.ltrans.o
 *fill*         0x0000000008004488        0x8 
 .text.shellThread
                0x0000000008004490      0x220 /tmp/cc2A8CYK.ltrans0.ltrans.o
 .text.cmd_exit
                0x00000000080046b0       0x34 /tmp/cc2A8CYK.ltrans0.ltrans.o
 *fill*         0x00000000080046e4        0xc 
 .text.__early_init
                0x00000000080046f0       0x7c /tmp/cc2A8CYK.ltrans0.ltrans.o
                0x00000000080046f0                __early_init
 *fill*         0x000000000800476c        0x4 
 .text.Vector90
                0x0000000008004770      0x318 /tmp/cc2A8CYK.ltrans0.ltrans.o
                0x0000000008004770                Vector90
 *fill*         0x0000000008004a88        0x8 
 .text.VectorD4
                0x0000000008004a90      0x19c /tmp/cc2A8CYK.ltrans0.ltrans.o
                0x0000000008004a90                VectorD4
 *fill*         0x0000000008004c2c        0x4 
 .text.VectorB0
                0x0000000008004c30       0xa0 /tmp/cc2A8CYK.ltrans0.ltrans.o
                0x0000000008004c30                VectorB0
 .text.VectorC0
                0x0000000008004cd0       0xd8 /tmp/cc2A8CYK.ltrans0.ltrans.o
                0x0000000008004cd0                VectorC0
 *fill*         0x0000000008004da8        0x8 
 .text.VectorBC
                0x0000000008004db0       0xfc /tmp/cc2A8CYK.ltrans0.ltrans.o
                0x0000000008004db0                VectorBC
 *fill*         0x0000000008004eac        0x4 
 .text.Vector84
                0x0000000008004eb0       0x3c /tmp/cc2A8CYK.ltrans0.ltrans.o
                0x0000000008004eb0                Vector84
 *fill*         0x0000000008004eec        0x4 
 .text.Vector80
                0x0000000008004ef0       0x3c /tmp/cc2A8CYK.ltrans0.ltrans.o
                0x0000000008004ef0                Vector80
 *fill*         0x0000000008004f2c        0x4 
 .text.Vector7C
                0x0000000008004f30       0x3c /tmp/cc2A8CYK.ltrans0.ltrans.o
                0x0000000008004f30                Vector7C
 *fill*         0x0000000008004f6c        0x4 
 .text.Vector78
                0x0000000008004f70       0x3c /tmp/cc2A8CYK.ltrans0.ltrans.o
                0x0000000008004f70                Vector78
 *fill*         0x0000000008004fac        0x4 
 .text.Vector74
                0x0000000008004fb0       0x3c /tmp/cc2A8CYK.ltrans0.ltrans.o
                0x0000000008004fb0                Vector74
 *fill*         0x0000000008004fec        0x4 
 .text.Vector70
                0x0000000008004ff0       0x3c /tmp/cc2A8CYK.ltrans0.ltrans.o
                0x0000000008004ff0                Vector70
 *fill*         0x000000000800502c        0x4 
 .text.Vector6C
                0x0000000008005030       0x34 /tmp/cc2A8CYK.ltrans0.ltrans.o
                0x0000000008005030                Vector6C
 *fill*         0x0000000008005064        0xc 
 .text.VectorE0
                0x0000000008005070      0x11c /tmp/cc2A8CYK.ltrans0.ltrans.o
                0x0000000008005070                VectorE0
 *fill*         0x000000000800518c        0x4 
 .text.Vector9C
                0x0000000008005190       0xe8 /tmp/cc2A8CYK.ltrans0.ltrans.o
                0x0000000008005190                Vector9C
 *fill*         0x0000000008005278        0x8 
 .text.Vector68
                0x0000000008005280       0x44 /tmp/cc2A8CYK.ltrans0.ltrans.o
                0x0000000008005280                Vector68
 *fill*         0x00000000080052c4        0xc 
 .text.Vector64
                0x00000000080052d0       0x44 /tmp/cc2A8CYK.ltrans0.ltrans.o
                0x00000000080052d0                Vector64
 *fill*         0x0000000008005314        0xc 
 .text.Vector60
                0x0000000008005320       0x44 /tmp/cc2A8CYK.ltrans0.ltrans.o
                0x0000000008005320                Vector60
 *fill*         0x0000000008005364        0xc 
 .text.Vector5C
                0x0000000008005370       0x44 /tmp/cc2A8CYK.ltrans0.ltrans.o
                0x0000000008005370                Vector5C
 *fill*         0x00000000080053b4        0xc 
 .text.Vector58
                0x00000000080053c0       0x40 /tmp/cc2A8CYK.ltrans0.ltrans.o
                0x00000000080053c0                Vector58
 .text.SVC_Handler
                0x0000000008005400       0x14 /tmp/cc2A8CYK.ltrans0.ltrans.o
                0x0000000008005400                SVC_Handler
 *fill*         0x0000000008005414        0xc 
 .text.chThdExit
                0x0000000008005420        0xc /tmp/cc2A8CYK.ltrans0.ltrans.o
                0x0000000008005420                chThdExit
 *fill*         0x000000000800542c        0x4 
 .text.bmk_thread3
                0x0000000008005430        0x4 /tmp/cc2A8CYK.ltrans0.ltrans.o
 *fill*         0x0000000008005434        0xc 
 .text.chSchDoRescheduleAhead
                0x0000000008005440       0x40 /tmp/cc2A8CYK.ltrans0.ltrans.o
                0x0000000008005440                chSchDoReschedule
 .text.chSchRescheduleS
                0x0000000008005480       0x18 /tmp/cc2A8CYK.ltrans0.ltrans.o
 *fill*         0x0000000008005498        0x8 
 .text.chSemSignalWait.constprop.97
                0x00000000080054a0       0x68 /tmp/cc2A8CYK.ltrans0.ltrans.o
 *fill*         0x0000000008005508        0x8 
 .text.rt_test_005_005_execute
                0x0000000008005510       0x9c /tmp/cc2A8CYK.ltrans0.ltrans.o
 *fill*         0x00000000080055ac        0x4 
 .text.chMBReset.constprop.72
                0x00000000080055b0       0x40 /tmp/cc2A8CYK.ltrans0.ltrans.o
 .text.oslib_test_001_003_teardown
                0x00000000080055f0        0x4 /tmp/cc2A8CYK.ltrans0.ltrans.o
 *fill*         0x00000000080055f4        0xc 
 .text.oslib_test_001_002_teardown
                0x0000000008005600        0x4 /tmp/cc2A8CYK.ltrans0.ltrans.o
 *fill*         0x0000000008005604        0xc 
 .text.oslib_test_001_001_teardown
                0x0000000008005610        0x4 /tmp/cc2A8CYK.ltrans0.ltrans.o
 *fill*         0x0000000008005614        0xc 
 .text.chMBPostTimeout.constprop.70
                0x0000000008005620       0x6c /tmp/cc2A8CYK.ltrans0.ltrans.o
 *fill*         0x000000000800568c        0x4 
 .text.chMBPostAheadTimeout.constprop.67
                0x0000000008005690       0x6c /tmp/cc2A8CYK.ltrans0.ltrans.o
 *fill*         0x00000000080056fc        0x4 
 .text.chMBFetchTimeout.constprop.64
                0x0000000008005700       0x6c /tmp/cc2A8CYK.ltrans0.ltrans.o
 *fill*         0x000000000800576c        0x4 
 .text.oslib_test_001_003_execute
                0x0000000008005770      0x114 /tmp/cc2A8CYK.ltrans0.ltrans.o
 *fill*         0x0000000008005884        0xc 
 .text.oslib_test_001_002_execute
                0x0000000008005890      0x2f8 /tmp/cc2A8CYK.ltrans0.ltrans.o
 *fill*         0x0000000008005b88        0x8 
 .text.oslib_test_001_001_execute
                0x0000000008005b90      0x30c /tmp/cc2A8CYK.ltrans0.ltrans.o
 *fill*         0x0000000008005e9c        0x4 
 .text.oslib_test_002_002_execute
                0x0000000008005ea0      0x100 /tmp/cc2A8CYK.ltrans0.ltrans.o
 .text.evt_thread7
                0x0000000008005fa0       0x40 /tmp/cc2A8CYK.ltrans0.ltrans.o
 .text.evt_thread3
                0x0000000008005fe0       0x24 /tmp/cc2A8CYK.ltrans0.ltrans.o
 *fill*         0x0000000008006004        0xc 
 .text.thread4B
                0x0000000008006010       0x30 /tmp/cc2A8CYK.ltrans0.ltrans.o
 .text.thread2  0x0000000008006040       0x24 /tmp/cc2A8CYK.ltrans0.ltrans.o
 *fill*         0x0000000008006064        0xc 
 .text.thread4  0x0000000008006070       0x2c /tmp/cc2A8CYK.ltrans0.ltrans.o
 *fill*         0x000000000800609c        0x4 
 .text.thread1.lto_priv.113
                0x00000000080060a0       0x34 /tmp/cc2A8CYK.ltrans0.ltrans.o
 *fill*         0x00000000080060d4        0xc 
 .text.chMtxUnlock
                0x00000000080060e0       0x64 /tmp/cc2A8CYK.ltrans0.ltrans.o
 *fill*         0x0000000008006144        0xc 
 .text.chHeapAllocAligned.constprop.75
                0x0000000008006150       0xec /tmp/cc2A8CYK.ltrans0.ltrans.o
 *fill*         0x000000000800623c        0x4 
 .text.dyn_create_object_heap
                0x0000000008006240       0x50 /tmp/cc2A8CYK.ltrans0.ltrans.o
 .text.chThdCreateFromHeap
                0x0000000008006290       0x4c /tmp/cc2A8CYK.ltrans0.ltrans.o
 *fill*         0x00000000080062dc        0x4 
 .text.chFactoryRegisterObject.constprop.55
                0x00000000080062e0       0x30 /tmp/cc2A8CYK.ltrans0.ltrans.o
 .text.chFactoryFindObject.constprop.54
                0x0000000008006310       0x28 /tmp/cc2A8CYK.ltrans0.ltrans.o
 *fill*         0x0000000008006338        0x8 
 .text.chFactoryCreateBuffer.constprop.53
                0x0000000008006340       0x38 /tmp/cc2A8CYK.ltrans0.ltrans.o
 *fill*         0x0000000008006378        0x8 
 .text.chFactoryFindBuffer.constprop.52
                0x0000000008006380       0x28 /tmp/cc2A8CYK.ltrans0.ltrans.o
 *fill*         0x00000000080063a8        0x8 
 .text.chFactoryCreateSemaphore.constprop.51
                0x00000000080063b0       0x38 /tmp/cc2A8CYK.ltrans0.ltrans.o
 *fill*         0x00000000080063e8        0x8 
 .text.chFactoryFindSemaphore.constprop.50
                0x00000000080063f0       0x28 /tmp/cc2A8CYK.ltrans0.ltrans.o
 *fill*         0x0000000008006418        0x8 
 .text.chFactoryCreateMailbox.constprop.49
                0x0000000008006420       0x54 /tmp/cc2A8CYK.ltrans0.ltrans.o
 *fill*         0x0000000008006474        0xc 
 .text.chFactoryFindMailbox.constprop.48
                0x0000000008006480       0x28 /tmp/cc2A8CYK.ltrans0.ltrans.o
 *fill*         0x00000000080064a8        0x8 
 .text.chFactoryCreateObjectsFIFO.constprop.47
                0x00000000080064b0       0xa0 /tmp/cc2A8CYK.ltrans0.ltrans.o
 .text.chFactoryFindObjectsFIFO.constprop.46
                0x0000000008006550       0x28 /tmp/cc2A8CYK.ltrans0.ltrans.o
 *fill*         0x0000000008006578        0x8 
 .text.rt_test_010_011_execute
                0x0000000008006580       0x90 /tmp/cc2A8CYK.ltrans0.ltrans.o
 .text.thread8  0x0000000008006610       0x88 /tmp/cc2A8CYK.ltrans0.ltrans.o
 *fill*         0x0000000008006698        0x8 
 .text.thread6  0x00000000080066a0       0x6c /tmp/cc2A8CYK.ltrans0.ltrans.o
 *fill*         0x000000000800670c        0x4 
 .text.thread9  0x0000000008006710       0x20 /tmp/cc2A8CYK.ltrans0.ltrans.o
 .text.rt_test_006_005_execute
                0x0000000008006730      0x15c /tmp/cc2A8CYK.ltrans0.ltrans.o
 *fill*         0x000000000800688c        0x4 
 .text.rt_test_006_004_execute
                0x0000000008006890      0x130 /tmp/cc2A8CYK.ltrans0.ltrans.o
 .text.thread4A
                0x00000000080069c0       0x20 /tmp/cc2A8CYK.ltrans0.ltrans.o
 .text.thread1.lto_priv.115
                0x00000000080069e0       0x20 /tmp/cc2A8CYK.ltrans0.ltrans.o
 .text.chFactoryReleaseSemaphore
                0x0000000008006a00       0x64 /tmp/cc2A8CYK.ltrans0.ltrans.o
 *fill*         0x0000000008006a64        0xc 
 .text.oslib_test_004_003_execute
                0x0000000008006a70      0x128 /tmp/cc2A8CYK.ltrans0.ltrans.o
 *fill*         0x0000000008006b98        0x8 
 .text.oslib_test_004_003_teardown
                0x0000000008006ba0       0x1c /tmp/cc2A8CYK.ltrans0.ltrans.o
 *fill*         0x0000000008006bbc        0x4 
 .text.chFactoryReleaseObject
                0x0000000008006bc0       0x64 /tmp/cc2A8CYK.ltrans0.ltrans.o
 *fill*         0x0000000008006c24        0xc 
 .text.oslib_test_004_001_execute
                0x0000000008006c30      0x174 /tmp/cc2A8CYK.ltrans0.ltrans.o
 *fill*         0x0000000008006da4        0xc 
 .text.oslib_test_004_001_teardown
                0x0000000008006db0       0x1c /tmp/cc2A8CYK.ltrans0.ltrans.o
 *fill*         0x0000000008006dcc        0x4 
 .text.chHeapStatus
                0x0000000008006dd0       0x68 /tmp/cc2A8CYK.ltrans0.ltrans.o
 *fill*         0x0000000008006e38        0x8 
 .text.cmd_mem  0x0000000008006e40       0x70 /tmp/cc2A8CYK.ltrans0.ltrans.o
 .text.chHeapFree
                0x0000000008006eb0       0x94 /tmp/cc2A8CYK.ltrans0.ltrans.o
 *fill*         0x0000000008006f44        0xc 
 .text.oslib_test_003_002_execute
                0x0000000008006f50       0x64 /tmp/cc2A8CYK.ltrans0.ltrans.o
 *fill*         0x0000000008006fb4        0xc 
 .text.oslib_test_003_001_execute
                0x0000000008006fc0      0x32c /tmp/cc2A8CYK.ltrans0.ltrans.o
 *fill*         0x00000000080072ec        0x4 
 .text.dyn_release_object_heap.part.3
                0x00000000080072f0       0x20 /tmp/cc2A8CYK.ltrans0.ltrans.o
 .text.chFactoryReleaseObjectsFIFO
                0x0000000008007310       0x2c /tmp/cc2A8CYK.ltrans0.ltrans.o
 *fill*         0x000000000800733c        0x4 
 .text.oslib_test_004_005_execute
                0x0000000008007340      0x128 /tmp/cc2A8CYK.ltrans0.ltrans.o
 *fill*         0x0000000008007468        0x8 
 .text.oslib_test_004_005_teardown
                0x0000000008007470       0x1c /tmp/cc2A8CYK.ltrans0.ltrans.o
 *fill*         0x000000000800748c        0x4 
 .text.chFactoryReleaseMailbox
                0x0000000008007490       0x2c /tmp/cc2A8CYK.ltrans0.ltrans.o
 *fill*         0x00000000080074bc        0x4 
 .text.oslib_test_004_004_execute
                0x00000000080074c0      0x128 /tmp/cc2A8CYK.ltrans0.ltrans.o
 *fill*         0x00000000080075e8        0x8 
 .text.oslib_test_004_004_teardown
                0x00000000080075f0       0x1c /tmp/cc2A8CYK.ltrans0.ltrans.o
 *fill*         0x000000000800760c        0x4 
 .text.chFactoryReleaseBuffer
                0x0000000008007610       0x2c /tmp/cc2A8CYK.ltrans0.ltrans.o
 *fill*         0x000000000800763c        0x4 
 .text.oslib_test_004_002_execute
                0x0000000008007640      0x128 /tmp/cc2A8CYK.ltrans0.ltrans.o
 *fill*         0x0000000008007768        0x8 
 .text.oslib_test_004_002_teardown
                0x0000000008007770       0x1c /tmp/cc2A8CYK.ltrans0.ltrans.o
 *fill*         0x000000000800778c        0x4 
 .text.chThdRelease
                0x0000000008007790       0x64 /tmp/cc2A8CYK.ltrans0.ltrans.o
 *fill*         0x00000000080077f4        0xc 
 .text.cmd_threads
                0x0000000008007800       0xc4 /tmp/cc2A8CYK.ltrans0.ltrans.o
 *fill*         0x00000000080078c4        0xc 
 .text.rt_test_010_006_execute
                0x00000000080078d0       0x84 /tmp/cc2A8CYK.ltrans0.ltrans.o
 *fill*         0x0000000008007954        0xc 
 .text.chThdWait
                0x0000000008007960       0x38 /tmp/cc2A8CYK.ltrans0.ltrans.o
 *fill*         0x0000000008007998        0x8 
 .text.startup.main
                0x00000000080079a0      0x620 /tmp/cc2A8CYK.ltrans0.ltrans.o
                0x00000000080079a0                main
 .text.cmd_test
                0x0000000008007fc0       0x8c /tmp/cc2A8CYK.ltrans0.ltrans.o
 *fill*         0x000000000800804c        0x4 
 .text.rt_test_010_005_execute
                0x0000000008008050       0x84 /tmp/cc2A8CYK.ltrans0.ltrans.o
 *fill*         0x00000000080080d4        0xc 
 .text.test_wait_threads
                0x00000000080080e0       0x24 /tmp/cc2A8CYK.ltrans0.ltrans.o
 *fill*         0x0000000008008104        0xc 
 .text.rt_test_010_008_execute
                0x0000000008008110       0xe4 /tmp/cc2A8CYK.ltrans0.ltrans.o
 *fill*         0x00000000080081f4        0xc 
 .text.rt_test_010_004_execute
                0x0000000008008200       0xd0 /tmp/cc2A8CYK.ltrans0.ltrans.o
 .text.rt_test_010_003_execute
                0x00000000080082d0       0xd8 /tmp/cc2A8CYK.ltrans0.ltrans.o
 *fill*         0x00000000080083a8        0x8 
 .text.rt_test_010_002_execute
                0x00000000080083b0       0x74 /tmp/cc2A8CYK.ltrans0.ltrans.o
 *fill*         0x0000000008008424        0xc 
 .text.rt_test_010_001_execute
                0x0000000008008430       0x74 /tmp/cc2A8CYK.ltrans0.ltrans.o
 *fill*         0x00000000080084a4        0xc 
 .text.rt_test_009_002_execute
                0x00000000080084b0      0x150 /tmp/cc2A8CYK.ltrans0.ltrans.o
 .text.rt_test_009_001_execute
                0x0000000008008600      0x174 /tmp/cc2A8CYK.ltrans0.ltrans.o
 *fill*         0x0000000008008774        0xc 
 .text.rt_test_008_007_execute
                0x0000000008008780      0x12c /tmp/cc2A8CYK.ltrans0.ltrans.o
 *fill*         0x00000000080088ac        0x4 
 .text.rt_test_008_005_execute
                0x00000000080088b0       0xcc /tmp/cc2A8CYK.ltrans0.ltrans.o
 *fill*         0x000000000800897c        0x4 
 .text.rt_test_008_004_execute
                0x0000000008008980       0xc8 /tmp/cc2A8CYK.ltrans0.ltrans.o
 *fill*         0x0000000008008a48        0x8 
 .text.rt_test_008_003_execute
                0x0000000008008a50       0xf8 /tmp/cc2A8CYK.ltrans0.ltrans.o
 *fill*         0x0000000008008b48        0x8 
 .text.rt_test_007_001_execute
                0x0000000008008b50       0x70 /tmp/cc2A8CYK.ltrans0.ltrans.o
 .text.rt_test_006_009_execute
                0x0000000008008bc0       0xa4 /tmp/cc2A8CYK.ltrans0.ltrans.o
 *fill*         0x0000000008008c64        0xc 
 .text.rt_test_006_008_execute
                0x0000000008008c70       0xe0 /tmp/cc2A8CYK.ltrans0.ltrans.o
 .text.rt_test_006_007_execute
                0x0000000008008d50       0xd4 /tmp/cc2A8CYK.ltrans0.ltrans.o
 *fill*         0x0000000008008e24        0xc 
 .text.rt_test_005_006_teardown
                0x0000000008008e30        0x4 /tmp/cc2A8CYK.ltrans0.ltrans.o
 *fill*         0x0000000008008e34        0xc 
 .text.rt_test_006_004_teardown
                0x0000000008008e40        0x4 /tmp/cc2A8CYK.ltrans0.ltrans.o
 *fill*         0x0000000008008e44        0xc 
 .text.rt_test_006_001_execute
                0x0000000008008e50       0xd8 /tmp/cc2A8CYK.ltrans0.ltrans.o
 *fill*         0x0000000008008f28        0x8 
 .text.rt_test_005_005_teardown
                0x0000000008008f30        0x4 /tmp/cc2A8CYK.ltrans0.ltrans.o
 *fill*         0x0000000008008f34        0xc 
 .text.rt_test_005_004_execute
                0x0000000008008f40       0xb4 /tmp/cc2A8CYK.ltrans0.ltrans.o
 *fill*         0x0000000008008ff4        0xc 
 .text.rt_test_005_003_execute
                0x0000000008009000      0x160 /tmp/cc2A8CYK.ltrans0.ltrans.o
 .text.rt_test_005_002_execute
                0x0000000008009160       0xe4 /tmp/cc2A8CYK.ltrans0.ltrans.o
 *fill*         0x0000000008009244        0xc 
 .text.rt_test_004_001_execute
                0x0000000008009250       0xf0 /tmp/cc2A8CYK.ltrans0.ltrans.o
 .text.rt_test_003_002_execute
                0x0000000008009340      0x194 /tmp/cc2A8CYK.ltrans0.ltrans.o
 *fill*         0x00000000080094d4        0xc 
 .text.chSemReset
                0x00000000080094e0       0x38 /tmp/cc2A8CYK.ltrans0.ltrans.o
 *fill*         0x0000000008009518        0x8 
 .text.rt_test_010_007_execute
                0x0000000008009520      0x118 /tmp/cc2A8CYK.ltrans0.ltrans.o
 *fill*         0x0000000008009638        0x8 
 .text.rt_test_005_006_execute
                0x0000000008009640      0x1b0 /tmp/cc2A8CYK.ltrans0.ltrans.o
 .text.rt_test_005_001_execute
                0x00000000080097f0       0xbc /tmp/cc2A8CYK.ltrans0.ltrans.o
 *fill*         0x00000000080098ac        0x4 
 .text.rt_test_005_001_teardown
                0x00000000080098b0        0xc /tmp/cc2A8CYK.ltrans0.ltrans.o
 *fill*         0x00000000080098bc        0x4 
 .text.chThdSetPriority
                0x00000000080098c0       0x30 /tmp/cc2A8CYK.ltrans0.ltrans.o
 .text.rt_test_003_004_execute
                0x00000000080098f0       0xdc /tmp/cc2A8CYK.ltrans0.ltrans.o
 *fill*         0x00000000080099cc        0x4 
 .text.rt_test_003_003_execute
                0x00000000080099d0       0x88 /tmp/cc2A8CYK.ltrans0.ltrans.o
 *fill*         0x0000000008009a58        0x8 
 .text.chSysRestoreStatusX.part.2
                0x0000000008009a60       0x20 /tmp/cc2A8CYK.ltrans0.ltrans.o
 .text.rt_test_002_002_execute
                0x0000000008009a80       0xd4 /tmp/cc2A8CYK.ltrans0.ltrans.o
 *fill*         0x0000000008009b54        0xc 
 .text.vtcb     0x0000000008009b60       0x28 /tmp/cc2A8CYK.ltrans0.ltrans.o
 *fill*         0x0000000008009b88        0x8 
 .text.__init_ram_areas
                0x0000000008009b90       0x68 /tmp/cc2A8CYK.ltrans0.ltrans.o
                0x0000000008009b90                __init_ram_areas
 *fill*         0x0000000008009bf8        0x8 
 .text.__default_exit
                0x0000000008009c00        0x4 /tmp/cc2A8CYK.ltrans0.ltrans.o
                0x0000000008009c00                __default_exit
 *fill*         0x0000000008009c04        0xc 
 .text.__late_init
                0x0000000008009c10        0x4 /tmp/cc2A8CYK.ltrans0.ltrans.o
                0x0000000008009c10                __late_init
 *fill*         0x0000000008009c14        0xc 
 .text.__core_init
                0x0000000008009c20        0x4 /tmp/cc2A8CYK.ltrans0.ltrans.o
                0x0000000008009c20                __core_init
 .text.memset   0x0000000008009c24       0x94 /usr/bin/../lib/gcc/arm-none-eabi/7.2.1/../../../../arm-none-eabi/lib/thumb/v7-m/libg.a(lib_a-memset.o)
                0x0000000008009c24                memset
 .text.strchr   0x0000000008009cb8       0xe8 /usr/bin/../lib/gcc/arm-none-eabi/7.2.1/../../../../arm-none-eabi/lib/thumb/v7-m/libg.a(lib_a-strchr.o)
                0x0000000008009cb8                strchr
 .text.strncmp  0x0000000008009da0       0x94 /usr/bin/../lib/gcc/arm-none-eabi/7.2.1/../../../../arm-none-eabi/lib/thumb/v7-m/libg.a(lib_a-strncmp.o)
                0x0000000008009da0                strncmp
 .text.strncpy  0x0000000008009e34       0x64 /usr/bin/../lib/gcc/arm-none-eabi/7.2.1/../../../../arm-none-eabi/lib/thumb/v7-m/libg.a(lib_a-strncpy.o)
                0x0000000008009e34                strncpy
 .text.strpbrk  0x0000000008009e98       0x44 /usr/bin/../lib/gcc/arm-none-eabi/7.2.1/../../../../arm-none-eabi/lib/thumb/v7-m/libg.a(lib_a-strpbrk.o)
                0x0000000008009e98                strpbrk
 .text.strspn   0x0000000008009edc       0x34 /usr/bin/../lib/gcc/arm-none-eabi/7.2.1/../../../../arm-none-eabi/lib/thumb/v7-m/libg.a(lib_a-strspn.o)
                0x0000000008009edc                strspn
 *(.glue_7t)
 .glue_7t       0x0000000008009f10        0x0 linker stubs
 *(.glue_7)
 .glue_7        0x0000000008009f10        0x0 linker stubs
 *(.gcc*)

.vfp11_veneer   0x0000000008009f10        0x0
 .vfp11_veneer  0x0000000008009f10        0x0 linker stubs

.v4_bx          0x0000000008009f10        0x0
 .v4_bx         0x0000000008009f10        0x0 linker stubs

.iplt           0x0000000008009f10        0x0
 .iplt          0x0000000008009f10        0x0 build/obj/crt0_v7m.o

.rodata         0x0000000008009f10     0x27e8
                0x0000000008009f10                . = ALIGN (0x4)
                0x0000000008009f10                __rodata_base__ = .
 *(.rodata)
 *(.rodata.*)
 .rodata._ZL10shell_cfg1
                0x0000000008009f10        0x8 /tmp/cc2A8CYK.ltrans0.ltrans.o
 .rodata._ZL7Thread1Pv.str1.4
                0x0000000008009f18        0x8 /tmp/cc2A8CYK.ltrans0.ltrans.o
 .rodata._ZL8commands
                0x0000000008009f20       0x10 /tmp/cc2A8CYK.ltrans0.ltrans.o
 .rodata._ZL9send2UARTP20BaseSequentialStreamiPPc.str1.4
                0x0000000008009f30        0xe /tmp/cc2A8CYK.ltrans0.ltrans.o
 *fill*         0x0000000008009f3e        0x2 
 .rodata._stm32_dma_streams
                0x0000000008009f40       0x8c /tmp/cc2A8CYK.ltrans0.ltrans.o
 .rodata._test_assert_time_window.constprop.3.str1.4
                0x0000000008009fcc       0x13 /tmp/cc2A8CYK.ltrans0.ltrans.o
 *fill*         0x0000000008009fdf        0x1 
 .rodata.active_status
                0x0000000008009fe0        0x2 /tmp/cc2A8CYK.ltrans0.ltrans.o
 *fill*         0x0000000008009fe2        0x2 
 .rodata.chFactoryCreateBuffer.constprop.53.str1.4
                0x0000000008009fe4        0x6 /tmp/cc2A8CYK.ltrans0.ltrans.o
 *fill*         0x0000000008009fea        0x2 
 .rodata.chFactoryCreateMailbox.constprop.49.str1.4
                0x0000000008009fec        0x6 /tmp/cc2A8CYK.ltrans0.ltrans.o
 *fill*         0x0000000008009ff2        0x2 
 .rodata.chFactoryCreateObjectsFIFO.constprop.47.str1.4
                0x0000000008009ff4        0x7 /tmp/cc2A8CYK.ltrans0.ltrans.o
 *fill*         0x0000000008009ffb        0x1 
 .rodata.chFactoryCreateSemaphore.constprop.51.str1.4
                0x0000000008009ffc        0x6 /tmp/cc2A8CYK.ltrans0.ltrans.o
 *fill*         0x000000000800a002        0x2 
 .rodata.chFactoryRegisterObject.constprop.55.str1.4
                0x000000000800a004        0x6 /tmp/cc2A8CYK.ltrans0.ltrans.o
 *fill*         0x000000000800a00a        0x2 
 .rodata.chThdCreateStatic.constprop.103.str1.4
                0x000000000800a00c        0x7 /tmp/cc2A8CYK.ltrans0.ltrans.o
 *fill*         0x000000000800a013        0x1 
 .rodata.ch_debug
                0x000000000800a014       0x16 /tmp/cc2A8CYK.ltrans0.ltrans.o
 *fill*         0x000000000800a02a        0x2 
 .rodata.chprintf.str1.4
                0x000000000800a02c        0x7 /tmp/cc2A8CYK.ltrans0.ltrans.o
 *fill*         0x000000000800a033        0x1 
 .rodata.cmd_echo.str1.4
                0x000000000800a034       0x15 /tmp/cc2A8CYK.ltrans0.ltrans.o
 *fill*         0x000000000800a049        0x3 
 .rodata.cmd_info.str1.4
                0x000000000800a04c      0x181 /tmp/cc2A8CYK.ltrans0.ltrans.o
 *fill*         0x000000000800a1cd        0x3 
 .rodata.cmd_mem.str1.4
                0x000000000800a1d0       0x7a /tmp/cc2A8CYK.ltrans0.ltrans.o
 *fill*         0x000000000800a24a        0x2 
 .rodata.cmd_systime.str1.4
                0x000000000800a24c       0x1a /tmp/cc2A8CYK.ltrans0.ltrans.o
 *fill*         0x000000000800a266        0x2 
 .rodata.cmd_test.str1.4
                0x000000000800a268       0x24 /tmp/cc2A8CYK.ltrans0.ltrans.o
                                         0x34 (size before relaxing)
 .rodata.cmd_threads.str1.4
                0x000000000800a28c       0x67 /tmp/cc2A8CYK.ltrans0.ltrans.o
                                         0x6f (size before relaxing)
 *fill*         0x000000000800a2f3        0x1 
 .rodata.ep0config
                0x000000000800a2f4       0x24 /tmp/cc2A8CYK.ltrans0.ltrans.o
 .rodata.ep1config
                0x000000000800a318       0x24 /tmp/cc2A8CYK.ltrans0.ltrans.o
 .rodata.ep2config
                0x000000000800a33c       0x24 /tmp/cc2A8CYK.ltrans0.ltrans.o
 .rodata.evhndl
                0x000000000800a360        0xc /tmp/cc2A8CYK.ltrans0.ltrans.o
 .rodata.halted_status
                0x000000000800a36c        0x2 /tmp/cc2A8CYK.ltrans0.ltrans.o
 *fill*         0x000000000800a36e        0x2 
 .rodata.idle_descriptor.6251
                0x000000000800a370       0x18 /tmp/cc2A8CYK.ltrans0.ltrans.o
 .rodata.main.str1.4
                0x000000000800a388       0x1a /tmp/cc2A8CYK.ltrans0.ltrans.o
 *fill*         0x000000000800a3a2        0x2 
 .rodata.oslib_test_001_001
                0x000000000800a3a4       0x10 /tmp/cc2A8CYK.ltrans0.ltrans.o
 .rodata.oslib_test_001_001_execute.str1.4
                0x000000000800a3b4       0x13 /tmp/cc2A8CYK.ltrans0.ltrans.o
 *fill*         0x000000000800a3c7        0x1 
 .rodata.oslib_test_001_002
                0x000000000800a3c8       0x10 /tmp/cc2A8CYK.ltrans0.ltrans.o
 .rodata.oslib_test_001_002_execute.str1.4
                0x000000000800a3d8       0xb5 /tmp/cc2A8CYK.ltrans0.ltrans.o
 *fill*         0x000000000800a48d        0x3 
 .rodata.oslib_test_001_003
                0x000000000800a490       0x10 /tmp/cc2A8CYK.ltrans0.ltrans.o
 .rodata.oslib_test_001_003_execute.str1.4
                0x000000000800a4a0       0x16 /tmp/cc2A8CYK.ltrans0.ltrans.o
 *fill*         0x000000000800a4b6        0x2 
 .rodata.oslib_test_002_001
                0x000000000800a4b8       0x10 /tmp/cc2A8CYK.ltrans0.ltrans.o
 .rodata.oslib_test_002_001_execute.str1.4
                0x000000000800a4c8       0x35 /tmp/cc2A8CYK.ltrans0.ltrans.o
 *fill*         0x000000000800a4fd        0x3 
 .rodata.oslib_test_002_002
                0x000000000800a500       0x10 /tmp/cc2A8CYK.ltrans0.ltrans.o
 .rodata.oslib_test_002_003
                0x000000000800a510       0x10 /tmp/cc2A8CYK.ltrans0.ltrans.o
 .rodata.oslib_test_003_001
                0x000000000800a520       0x10 /tmp/cc2A8CYK.ltrans0.ltrans.o
 .rodata.oslib_test_003_001_execute.str1.4
                0x000000000800a530       0x59 /tmp/cc2A8CYK.ltrans0.ltrans.o
 *fill*         0x000000000800a589        0x3 
 .rodata.oslib_test_003_002
                0x000000000800a58c       0x10 /tmp/cc2A8CYK.ltrans0.ltrans.o
 .rodata.oslib_test_003_002_execute.str1.4
                0x000000000800a59c       0x2a /tmp/cc2A8CYK.ltrans0.ltrans.o
 *fill*         0x000000000800a5c6        0x2 
 .rodata.oslib_test_004_001
                0x000000000800a5c8       0x10 /tmp/cc2A8CYK.ltrans0.ltrans.o
 .rodata.oslib_test_004_001_execute.str1.4
                0x000000000800a5d8       0x30 /tmp/cc2A8CYK.ltrans0.ltrans.o
 .rodata.oslib_test_004_002
                0x000000000800a608       0x10 /tmp/cc2A8CYK.ltrans0.ltrans.o
 .rodata.oslib_test_004_003
                0x000000000800a618       0x10 /tmp/cc2A8CYK.ltrans0.ltrans.o
 .rodata.oslib_test_004_003_execute.str1.4
                0x000000000800a628       0x58 /tmp/cc2A8CYK.ltrans0.ltrans.o
                                         0x60 (size before relaxing)
 .rodata.oslib_test_004_004
                0x000000000800a680       0x10 /tmp/cc2A8CYK.ltrans0.ltrans.o
 .rodata.oslib_test_004_005
                0x000000000800a690       0x10 /tmp/cc2A8CYK.ltrans0.ltrans.o
 .rodata.oslib_test_sequence_001
                0x000000000800a6a0        0x8 /tmp/cc2A8CYK.ltrans0.ltrans.o
 .rodata.oslib_test_sequence_001_array
                0x000000000800a6a8       0x10 /tmp/cc2A8CYK.ltrans0.ltrans.o
 .rodata.oslib_test_sequence_002
                0x000000000800a6b8        0x8 /tmp/cc2A8CYK.ltrans0.ltrans.o
 .rodata.oslib_test_sequence_002_array
                0x000000000800a6c0       0x10 /tmp/cc2A8CYK.ltrans0.ltrans.o
 .rodata.oslib_test_sequence_003
                0x000000000800a6d0        0x8 /tmp/cc2A8CYK.ltrans0.ltrans.o
 .rodata.oslib_test_sequence_003_array
                0x000000000800a6d8        0xc /tmp/cc2A8CYK.ltrans0.ltrans.o
 .rodata.oslib_test_sequence_004
                0x000000000800a6e4        0x8 /tmp/cc2A8CYK.ltrans0.ltrans.o
 .rodata.oslib_test_sequence_004_array
                0x000000000800a6ec       0x18 /tmp/cc2A8CYK.ltrans0.ltrans.o
 .rodata.oslib_test_suite
                0x000000000800a704        0x8 /tmp/cc2A8CYK.ltrans0.ltrans.o
 .rodata.oslib_test_suite_array
                0x000000000800a70c       0x14 /tmp/cc2A8CYK.ltrans0.ltrans.o
 .rodata.parse_arguments.str1.4
                0x000000000800a720        0x3 /tmp/cc2A8CYK.ltrans0.ltrans.o
 *fill*         0x000000000800a723        0x1 
 .rodata.ram_areas
                0x000000000800a724       0x80 /tmp/cc2A8CYK.ltrans0.ltrans.o
 .rodata.rt_test_001_001
                0x000000000800a7a4       0x10 /tmp/cc2A8CYK.ltrans0.ltrans.o
 .rodata.rt_test_001_001_execute.str1.4
                0x000000000800a7b4      0x131 /tmp/cc2A8CYK.ltrans0.ltrans.o
 *fill*         0x000000000800a8e5        0x3 
 .rodata.rt_test_001_002
                0x000000000800a8e8       0x10 /tmp/cc2A8CYK.ltrans0.ltrans.o
 .rodata.rt_test_001_002_execute.str1.4
                0x000000000800a8f8      0x10d /tmp/cc2A8CYK.ltrans0.ltrans.o
 *fill*         0x000000000800aa05        0x3 
 .rodata.rt_test_001_003
                0x000000000800aa08       0x10 /tmp/cc2A8CYK.ltrans0.ltrans.o
 .rodata.rt_test_001_003_execute.str1.4
                0x000000000800aa18      0x78d /tmp/cc2A8CYK.ltrans0.ltrans.o
                                        0x791 (size before relaxing)
 *fill*         0x000000000800b1a5        0x3 
 .rodata.rt_test_002_001
                0x000000000800b1a8       0x10 /tmp/cc2A8CYK.ltrans0.ltrans.o
 .rodata.rt_test_002_001_execute.str1.4
                0x000000000800b1b8       0x70 /tmp/cc2A8CYK.ltrans0.ltrans.o
 .rodata.rt_test_002_002
                0x000000000800b228       0x10 /tmp/cc2A8CYK.ltrans0.ltrans.o
 .rodata.rt_test_002_002_execute.str1.4
                0x000000000800b238       0x12 /tmp/cc2A8CYK.ltrans0.ltrans.o
 *fill*         0x000000000800b24a        0x2 
 .rodata.rt_test_002_003
                0x000000000800b24c       0x10 /tmp/cc2A8CYK.ltrans0.ltrans.o
 .rodata.rt_test_002_004
                0x000000000800b25c       0x10 /tmp/cc2A8CYK.ltrans0.ltrans.o
 .rodata.rt_test_003_001
                0x000000000800b26c       0x10 /tmp/cc2A8CYK.ltrans0.ltrans.o
 .rodata.rt_test_003_002
                0x000000000800b27c       0x10 /tmp/cc2A8CYK.ltrans0.ltrans.o
 .rodata.rt_test_003_003
                0x000000000800b28c       0x10 /tmp/cc2A8CYK.ltrans0.ltrans.o
 .rodata.rt_test_003_004
                0x000000000800b29c       0x10 /tmp/cc2A8CYK.ltrans0.ltrans.o
 .rodata.rt_test_003_004_execute.str1.4
                0x000000000800b2ac       0x87 /tmp/cc2A8CYK.ltrans0.ltrans.o
 *fill*         0x000000000800b333        0x1 
 .rodata.rt_test_004_001
                0x000000000800b334       0x10 /tmp/cc2A8CYK.ltrans0.ltrans.o
 .rodata.rt_test_004_001_execute.str1.4
                0x000000000800b344       0x23 /tmp/cc2A8CYK.ltrans0.ltrans.o
 *fill*         0x000000000800b367        0x1 
 .rodata.rt_test_005_001
                0x000000000800b368       0x10 /tmp/cc2A8CYK.ltrans0.ltrans.o
 .rodata.rt_test_005_001_execute.str1.4
                0x000000000800b378       0x14 /tmp/cc2A8CYK.ltrans0.ltrans.o
 .rodata.rt_test_005_002
                0x000000000800b38c       0x10 /tmp/cc2A8CYK.ltrans0.ltrans.o
 .rodata.rt_test_005_003
                0x000000000800b39c       0x10 /tmp/cc2A8CYK.ltrans0.ltrans.o
 .rodata.rt_test_005_004
                0x000000000800b3ac       0x10 /tmp/cc2A8CYK.ltrans0.ltrans.o
 .rodata.rt_test_005_004_execute.str1.4
                0x000000000800b3bc       0x10 /tmp/cc2A8CYK.ltrans0.ltrans.o
 .rodata.rt_test_005_005
                0x000000000800b3cc       0x10 /tmp/cc2A8CYK.ltrans0.ltrans.o
 .rodata.rt_test_005_005_execute.str1.4
                0x000000000800b3dc       0x21 /tmp/cc2A8CYK.ltrans0.ltrans.o
 *fill*         0x000000000800b3fd        0x3 
 .rodata.rt_test_005_006
                0x000000000800b400       0x10 /tmp/cc2A8CYK.ltrans0.ltrans.o
 .rodata.rt_test_005_006_execute.str1.4
                0x000000000800b410       0x3f /tmp/cc2A8CYK.ltrans0.ltrans.o
                                         0x46 (size before relaxing)
 *fill*         0x000000000800b44f        0x1 
 .rodata.rt_test_006_001
                0x000000000800b450       0x10 /tmp/cc2A8CYK.ltrans0.ltrans.o
 .rodata.rt_test_006_004
                0x000000000800b460       0x10 /tmp/cc2A8CYK.ltrans0.ltrans.o
 .rodata.rt_test_006_004_execute.str1.4
                0x000000000800b470        0x6 /tmp/cc2A8CYK.ltrans0.ltrans.o
 *fill*         0x000000000800b476        0x2 
 .rodata.rt_test_006_005
                0x000000000800b478       0x10 /tmp/cc2A8CYK.ltrans0.ltrans.o
 .rodata.rt_test_006_005_execute.str1.4
                0x000000000800b488       0x3d /tmp/cc2A8CYK.ltrans0.ltrans.o
 *fill*         0x000000000800b4c5        0x3 
 .rodata.rt_test_006_007
                0x000000000800b4c8       0x10 /tmp/cc2A8CYK.ltrans0.ltrans.o
 .rodata.rt_test_006_008
                0x000000000800b4d8       0x10 /tmp/cc2A8CYK.ltrans0.ltrans.o
 .rodata.rt_test_006_008_execute.str1.4
                0x000000000800b4e8        0x6 /tmp/cc2A8CYK.ltrans0.ltrans.o
 *fill*         0x000000000800b4ee        0x2 
 .rodata.rt_test_006_009
                0x000000000800b4f0       0x10 /tmp/cc2A8CYK.ltrans0.ltrans.o
 .rodata.rt_test_007_001
                0x000000000800b500       0x10 /tmp/cc2A8CYK.ltrans0.ltrans.o
 .rodata.rt_test_008_001
                0x000000000800b510       0x10 /tmp/cc2A8CYK.ltrans0.ltrans.o
 .rodata.rt_test_008_001_execute.str1.4
                0x000000000800b520       0x1b /tmp/cc2A8CYK.ltrans0.ltrans.o
 *fill*         0x000000000800b53b        0x1 
 .rodata.rt_test_008_002
                0x000000000800b53c       0x10 /tmp/cc2A8CYK.ltrans0.ltrans.o
 .rodata.rt_test_008_002_execute.str1.4
                0x000000000800b54c       0x18 /tmp/cc2A8CYK.ltrans0.ltrans.o
 .rodata.rt_test_008_003
                0x000000000800b564       0x10 /tmp/cc2A8CYK.ltrans0.ltrans.o
 .rodata.rt_test_008_003_execute.str1.4
                0x000000000800b574       0x13 /tmp/cc2A8CYK.ltrans0.ltrans.o
 *fill*         0x000000000800b587        0x1 
 .rodata.rt_test_008_004
                0x000000000800b588       0x10 /tmp/cc2A8CYK.ltrans0.ltrans.o
 .rodata.rt_test_008_004_execute.str1.4
                0x000000000800b598       0x11 /tmp/cc2A8CYK.ltrans0.ltrans.o
 *fill*         0x000000000800b5a9        0x3 
 .rodata.rt_test_008_005
                0x000000000800b5ac       0x10 /tmp/cc2A8CYK.ltrans0.ltrans.o
 .rodata.rt_test_008_005_execute.str1.4
                0x000000000800b5bc       0x2a /tmp/cc2A8CYK.ltrans0.ltrans.o
 *fill*         0x000000000800b5e6        0x2 
 .rodata.rt_test_008_006
                0x000000000800b5e8       0x10 /tmp/cc2A8CYK.ltrans0.ltrans.o
 .rodata.rt_test_008_006_execute.str1.4
                0x000000000800b5f8        0xf /tmp/cc2A8CYK.ltrans0.ltrans.o
 *fill*         0x000000000800b607        0x1 
 .rodata.rt_test_008_007
                0x000000000800b608       0x10 /tmp/cc2A8CYK.ltrans0.ltrans.o
 .rodata.rt_test_008_007_execute.str1.4
                0x000000000800b618        0xc /tmp/cc2A8CYK.ltrans0.ltrans.o
 .rodata.rt_test_009_001
                0x000000000800b624       0x10 /tmp/cc2A8CYK.ltrans0.ltrans.o
 .rodata.rt_test_009_001_execute.str1.4
                0x000000000800b634       0x56 /tmp/cc2A8CYK.ltrans0.ltrans.o
 *fill*         0x000000000800b68a        0x2 
 .rodata.rt_test_009_002
                0x000000000800b68c       0x10 /tmp/cc2A8CYK.ltrans0.ltrans.o
 .rodata.rt_test_009_002_execute.str1.4
                0x000000000800b69c       0x84 /tmp/cc2A8CYK.ltrans0.ltrans.o
                                         0x8c (size before relaxing)
 .rodata.rt_test_010_001
                0x000000000800b720       0x10 /tmp/cc2A8CYK.ltrans0.ltrans.o
 .rodata.rt_test_010_002
                0x000000000800b730       0x10 /tmp/cc2A8CYK.ltrans0.ltrans.o
 .rodata.rt_test_010_003
                0x000000000800b740       0x10 /tmp/cc2A8CYK.ltrans0.ltrans.o
 .rodata.rt_test_010_003_execute.str1.4
                0x000000000800b750        0xa /tmp/cc2A8CYK.ltrans0.ltrans.o
 *fill*         0x000000000800b75a        0x2 
 .rodata.rt_test_010_004
                0x000000000800b75c       0x10 /tmp/cc2A8CYK.ltrans0.ltrans.o
 .rodata.rt_test_010_005
                0x000000000800b76c       0x10 /tmp/cc2A8CYK.ltrans0.ltrans.o
 .rodata.rt_test_010_006
                0x000000000800b77c       0x10 /tmp/cc2A8CYK.ltrans0.ltrans.o
 .rodata.rt_test_010_006_execute.str1.4
                0x000000000800b78c        0xb /tmp/cc2A8CYK.ltrans0.ltrans.o
 *fill*         0x000000000800b797        0x1 
 .rodata.rt_test_010_007
                0x000000000800b798       0x10 /tmp/cc2A8CYK.ltrans0.ltrans.o
 .rodata.rt_test_010_007_execute.str1.4
                0x000000000800b7a8       0x11 /tmp/cc2A8CYK.ltrans0.ltrans.o
 *fill*         0x000000000800b7b9        0x3 
 .rodata.rt_test_010_008
                0x000000000800b7bc       0x10 /tmp/cc2A8CYK.ltrans0.ltrans.o
 .rodata.rt_test_010_008_execute.str1.4
                0x000000000800b7cc        0xa /tmp/cc2A8CYK.ltrans0.ltrans.o
 *fill*         0x000000000800b7d6        0x2 
 .rodata.rt_test_010_009
                0x000000000800b7d8       0x10 /tmp/cc2A8CYK.ltrans0.ltrans.o
 .rodata.rt_test_010_009_execute.str1.4
                0x000000000800b7e8       0x1a /tmp/cc2A8CYK.ltrans0.ltrans.o
 *fill*         0x000000000800b802        0x2 
 .rodata.rt_test_010_010
                0x000000000800b804       0x10 /tmp/cc2A8CYK.ltrans0.ltrans.o
 .rodata.rt_test_010_010_execute.str1.4
                0x000000000800b814        0xf /tmp/cc2A8CYK.ltrans0.ltrans.o
 *fill*         0x000000000800b823        0x1 
 .rodata.rt_test_010_011
                0x000000000800b824       0x10 /tmp/cc2A8CYK.ltrans0.ltrans.o
 .rodata.rt_test_010_011_execute.str1.4
                0x000000000800b834        0xf /tmp/cc2A8CYK.ltrans0.ltrans.o
 *fill*         0x000000000800b843        0x1 
 .rodata.rt_test_010_012
                0x000000000800b844       0x10 /tmp/cc2A8CYK.ltrans0.ltrans.o
 .rodata.rt_test_010_012_execute.str1.4
                0x000000000800b854       0x95 /tmp/cc2A8CYK.ltrans0.ltrans.o
 *fill*         0x000000000800b8e9        0x3 
 .rodata.rt_test_sequence_001
                0x000000000800b8ec        0x8 /tmp/cc2A8CYK.ltrans0.ltrans.o
 .rodata.rt_test_sequence_001_array
                0x000000000800b8f4       0x10 /tmp/cc2A8CYK.ltrans0.ltrans.o
 .rodata.rt_test_sequence_002
                0x000000000800b904        0x8 /tmp/cc2A8CYK.ltrans0.ltrans.o
 .rodata.rt_test_sequence_002_array
                0x000000000800b90c       0x14 /tmp/cc2A8CYK.ltrans0.ltrans.o
 .rodata.rt_test_sequence_003
                0x000000000800b920        0x8 /tmp/cc2A8CYK.ltrans0.ltrans.o
 .rodata.rt_test_sequence_003_array
                0x000000000800b928       0x14 /tmp/cc2A8CYK.ltrans0.ltrans.o
 .rodata.rt_test_sequence_004
                0x000000000800b93c        0x8 /tmp/cc2A8CYK.ltrans0.ltrans.o
 .rodata.rt_test_sequence_004_array
                0x000000000800b944        0x8 /tmp/cc2A8CYK.ltrans0.ltrans.o
 .rodata.rt_test_sequence_005
                0x000000000800b94c        0x8 /tmp/cc2A8CYK.ltrans0.ltrans.o
 .rodata.rt_test_sequence_005_array
                0x000000000800b954       0x1c /tmp/cc2A8CYK.ltrans0.ltrans.o
 .rodata.rt_test_sequence_006
                0x000000000800b970        0x8 /tmp/cc2A8CYK.ltrans0.ltrans.o
 .rodata.rt_test_sequence_006_array
                0x000000000800b978       0x1c /tmp/cc2A8CYK.ltrans0.ltrans.o
 .rodata.rt_test_sequence_007
                0x000000000800b994        0x8 /tmp/cc2A8CYK.ltrans0.ltrans.o
 .rodata.rt_test_sequence_007_array
                0x000000000800b99c        0x8 /tmp/cc2A8CYK.ltrans0.ltrans.o
 .rodata.rt_test_sequence_008
                0x000000000800b9a4        0x8 /tmp/cc2A8CYK.ltrans0.ltrans.o
 .rodata.rt_test_sequence_008_array
                0x000000000800b9ac       0x20 /tmp/cc2A8CYK.ltrans0.ltrans.o
 .rodata.rt_test_sequence_009
                0x000000000800b9cc        0x8 /tmp/cc2A8CYK.ltrans0.ltrans.o
 .rodata.rt_test_sequence_009_array
                0x000000000800b9d4        0xc /tmp/cc2A8CYK.ltrans0.ltrans.o
 .rodata.rt_test_sequence_010
                0x000000000800b9e0        0x8 /tmp/cc2A8CYK.ltrans0.ltrans.o
 .rodata.rt_test_sequence_010_array
                0x000000000800b9e8       0x34 /tmp/cc2A8CYK.ltrans0.ltrans.o
 .rodata.rt_test_suite
                0x000000000800ba1c        0x8 /tmp/cc2A8CYK.ltrans0.ltrans.o
 .rodata.rt_test_suite_array
                0x000000000800ba24       0x2c /tmp/cc2A8CYK.ltrans0.ltrans.o
 .rodata.serusbcfg
                0x000000000800ba50        0x8 /tmp/cc2A8CYK.ltrans0.ltrans.o
 .rodata.shellThread.str1.4
                0x000000000800ba58       0x6d /tmp/cc2A8CYK.ltrans0.ltrans.o
 *fill*         0x000000000800bac5        0x3 
 .rodata.shell_local_commands
                0x000000000800bac8       0x40 /tmp/cc2A8CYK.ltrans0.ltrans.o
 .rodata.states.7827
                0x000000000800bb08       0x40 /tmp/cc2A8CYK.ltrans0.ltrans.o
 .rodata.str1.4
                0x000000000800bb48      0x95d /tmp/cc2A8CYK.ltrans0.ltrans.o
 *fill*         0x000000000800c4a5        0x3 
 .rodata.test_execute.str1.4
                0x000000000800c4a8       0xec /tmp/cc2A8CYK.ltrans0.ltrans.o
                                         0xf4 (size before relaxing)
 .rodata.test_println.str1.4
                0x000000000800c594       0xec /tmp/cc2A8CYK.ltrans0.ltrans.o
                                          0x3 (size before relaxing)
 .rodata.usbcfg
                0x000000000800c594       0x10 /tmp/cc2A8CYK.ltrans0.ltrans.o
 .rodata.vcom_configuration_descriptor
                0x000000000800c5a4        0x8 /tmp/cc2A8CYK.ltrans0.ltrans.o
 .rodata.vcom_configuration_descriptor_data
                0x000000000800c5ac       0x43 /tmp/cc2A8CYK.ltrans0.ltrans.o
 *fill*         0x000000000800c5ef        0x1 
 .rodata.vcom_device_descriptor
                0x000000000800c5f0        0x8 /tmp/cc2A8CYK.ltrans0.ltrans.o
 .rodata.vcom_device_descriptor_data
                0x000000000800c5f8       0x12 /tmp/cc2A8CYK.ltrans0.ltrans.o
 *fill*         0x000000000800c60a        0x2 
 .rodata.vcom_string0
                0x000000000800c60c        0x4 /tmp/cc2A8CYK.ltrans0.ltrans.o
 .rodata.vcom_string1
                0x000000000800c610       0x26 /tmp/cc2A8CYK.ltrans0.ltrans.o
 *fill*         0x000000000800c636        0x2 
 .rodata.vcom_string2
                0x000000000800c638       0x38 /tmp/cc2A8CYK.ltrans0.ltrans.o
 .rodata.vcom_string3
                0x000000000800c670        0x8 /tmp/cc2A8CYK.ltrans0.ltrans.o
 .rodata.vcom_strings
                0x000000000800c678       0x20 /tmp/cc2A8CYK.ltrans0.ltrans.o
 .rodata.vmt.lto_priv.111
                0x000000000800c698       0x24 /tmp/cc2A8CYK.ltrans0.ltrans.o
 .rodata.vmt.lto_priv.112
                0x000000000800c6bc       0x24 /tmp/cc2A8CYK.ltrans0.ltrans.o
 .rodata.wa     0x000000000800c6e0       0x14 /tmp/cc2A8CYK.ltrans0.ltrans.o
 .rodata.zero_status
                0x000000000800c6f4        0x2 /tmp/cc2A8CYK.ltrans0.ltrans.o
                0x000000000800c6f8                . = ALIGN (0x4)
 *fill*         0x000000000800c6f6        0x2 
                0x000000000800c6f8                __rodata_end__ = .

.ARM.extab
 *(.ARM.extab* .gnu.linkonce.armextab.*)

.ARM.exidx      0x000000000800c6f8        0x8
                0x000000000800c6f8                __exidx_start = .
 *(.ARM.exidx* .gnu.linkonce.armexidx.*)
 .ARM.exidx.text._ZL9send2UARTP20BaseSequentialStreamiPPc
                0x000000000800c6f8        0x8 /tmp/cc2A8CYK.ltrans0.ltrans.o
 .ARM.exidx.text._ZL7Thread1Pv
                0x000000000800c700        0x0 /tmp/cc2A8CYK.ltrans0.ltrans.o
                                          0x8 (size before relaxing)
 .ARM.exidx.text.startup.main
                0x000000000800c700        0x0 /tmp/cc2A8CYK.ltrans0.ltrans.o
                                          0x8 (size before relaxing)
                0x000000000800c700                __exidx_end = .

.rel.dyn        0x000000000800c700        0x0
 .rel.iplt      0x000000000800c700        0x0 build/obj/crt0_v7m.o

.eh_frame_hdr
 *(.eh_frame_hdr)

.eh_frame
 *(.eh_frame)
                0x0000000020000000                __ram0_start__ = ORIGIN (ram0)
                0x0000000000005000                __ram0_size__ = LENGTH (ram0)
                0x0000000020005000                __ram0_end__ = (__ram0_start__ + __ram0_size__)
                0x0000000000000000                __ram1_start__ = ORIGIN (ram1)
                0x0000000000000000                __ram1_size__ = LENGTH (ram1)
                0x0000000000000000                __ram1_end__ = (__ram1_start__ + __ram1_size__)
                0x0000000000000000                __ram2_start__ = ORIGIN (ram2)
                0x0000000000000000                __ram2_size__ = LENGTH (ram2)
                0x0000000000000000                __ram2_end__ = (__ram2_start__ + __ram2_size__)
                0x0000000000000000                __ram3_start__ = ORIGIN (ram3)
                0x0000000000000000                __ram3_size__ = LENGTH (ram3)
                0x0000000000000000                __ram3_end__ = (__ram3_start__ + __ram3_size__)
                0x0000000000000000                __ram4_start__ = ORIGIN (ram4)
                0x0000000000000000                __ram4_size__ = LENGTH (ram4)
                0x0000000000000000                __ram4_end__ = (__ram4_start__ + __ram4_size__)
                0x0000000000000000                __ram5_start__ = ORIGIN (ram5)
                0x0000000000000000                __ram5_size__ = LENGTH (ram5)
                0x0000000000000000                __ram5_end__ = (__ram5_start__ + __ram5_size__)
                0x0000000000000000                __ram6_start__ = ORIGIN (ram6)
                0x0000000000000000                __ram6_size__ = LENGTH (ram6)
                0x0000000000000000                __ram6_end__ = (__ram6_start__ + __ram6_size__)
                0x0000000000000000                __ram7_start__ = ORIGIN (ram7)
                0x0000000000000000                __ram7_size__ = LENGTH (ram7)
                0x0000000000000000                __ram7_end__ = (__ram7_start__ + __ram7_size__)

.data           0x0000000020000800       0xa0 load address 0x000000000800c700
                0x0000000020000800                . = ALIGN (0x4)
                [!provide]                        PROVIDE (_textdata, LOADADDR (.data))
                [!provide]                        PROVIDE (_data, .)
                0x000000000800c700                _textdata_start = LOADADDR (.data)
                0x0000000020000800                _data_start = .
 *(.data)
 *(.data.*)
 .data._ZL6sd1cfg
                0x0000000020000800        0xc /tmp/cc2A8CYK.ltrans0.ltrans.o
 .data.c1       0x000000002000080c        0x8 /tmp/cc2A8CYK.ltrans0.ltrans.o
 .data.es1      0x0000000020000814        0x4 /tmp/cc2A8CYK.ltrans0.ltrans.o
 .data.es2      0x0000000020000818        0x4 /tmp/cc2A8CYK.ltrans0.ltrans.o
 .data.gmp1     0x000000002000081c       0x1c /tmp/cc2A8CYK.ltrans0.ltrans.o
 .data.linecoding
                0x0000000020000838        0x7 /tmp/cc2A8CYK.ltrans0.ltrans.o
 *fill*         0x000000002000083f        0x1 
 .data.m1       0x0000000020000840       0x10 /tmp/cc2A8CYK.ltrans0.ltrans.o
 .data.m2       0x0000000020000850       0x10 /tmp/cc2A8CYK.ltrans0.ltrans.o
 .data.mb1      0x0000000020000860       0x28 /tmp/cc2A8CYK.ltrans0.ltrans.o
 .data.mp1.lto_priv.110
                0x0000000020000888       0x10 /tmp/cc2A8CYK.ltrans0.ltrans.o
 .data.myobj.7337
                0x0000000020000898        0x4 /tmp/cc2A8CYK.ltrans0.ltrans.o
 .data.myobj.7339
                0x000000002000089c        0x4 /tmp/cc2A8CYK.ltrans0.ltrans.o
 *(.ramtext)
                0x00000000200008a0                . = ALIGN (0x4)
                [!provide]                        PROVIDE (_edata, .)
                0x00000000200008a0                _data_end = .

.igot.plt       0x00000000200008a0        0x0 load address 0x000000000800c7a0
 .igot.plt      0x00000000200008a0        0x0 build/obj/crt0_v7m.o

.bss            0x00000000200008a0     0x1234 load address 0x000000000800c7a0
                0x00000000200008a0                . = ALIGN (0x4)
                0x00000000200008a0                _bss_start = .
 *(.bss)
 *(.bss.*)
 .bss.I2CD1     0x00000000200008a0       0x38 /tmp/cc2A8CYK.ltrans0.ltrans.o
 .bss.SD1       0x00000000200008d8       0x7c /tmp/cc2A8CYK.ltrans0.ltrans.o
 .bss.SDU1      0x0000000020000954      0x490 /tmp/cc2A8CYK.ltrans0.ltrans.o
 .bss.USBD1     0x0000000020000de4       0x88 /tmp/cc2A8CYK.ltrans0.ltrans.o
 *fill*         0x0000000020000e6c        0x4 
 .bss._ZL9waThread1
                0x0000000020000e70      0x148 /tmp/cc2A8CYK.ltrans0.ltrans.o
 .bss._pal_events
                0x0000000020000fb8      0x100 /tmp/cc2A8CYK.ltrans0.ltrans.o
 .bss._stm32_dma_isr_redir
                0x00000000200010b8       0x38 /tmp/cc2A8CYK.ltrans0.ltrans.o
 .bss.ch        0x00000000200010f0       0x74 /tmp/cc2A8CYK.ltrans0.ltrans.o
 .bss.ch_factory
                0x0000000020001164       0x44 /tmp/cc2A8CYK.ltrans0.ltrans.o
 .bss.ch_idle_thread_wa
                0x00000000200011a8       0xd8 /tmp/cc2A8CYK.ltrans0.ltrans.o
 .bss.ch_memcore
                0x0000000020001280        0x8 /tmp/cc2A8CYK.ltrans0.ltrans.o
 .bss.default_heap
                0x0000000020001288       0x1c /tmp/cc2A8CYK.ltrans0.ltrans.o
 .bss.ep0_state
                0x00000000200012a4       0x10 /tmp/cc2A8CYK.ltrans0.ltrans.o
 .bss.ep0setup_buffer
                0x00000000200012b4        0x8 /tmp/cc2A8CYK.ltrans0.ltrans.o
 .bss.ep1instate
                0x00000000200012bc       0x10 /tmp/cc2A8CYK.ltrans0.ltrans.o
 .bss.ep1outstate
                0x00000000200012cc       0x10 /tmp/cc2A8CYK.ltrans0.ltrans.o
 .bss.ep2instate
                0x00000000200012dc       0x10 /tmp/cc2A8CYK.ltrans0.ltrans.o
 .bss.heap1     0x00000000200012ec       0x1c /tmp/cc2A8CYK.ltrans0.ltrans.o
 .bss.mb_buffer
                0x0000000020001308       0x10 /tmp/cc2A8CYK.ltrans0.ltrans.o
 .bss.mp1.lto_priv.109
                0x0000000020001318       0x10 /tmp/cc2A8CYK.ltrans0.ltrans.o
 .bss.mtx1      0x0000000020001328       0x10 /tmp/cc2A8CYK.ltrans0.ltrans.o
 .bss.objects   0x0000000020001338       0x10 /tmp/cc2A8CYK.ltrans0.ltrans.o
 .bss.sem1.lto_priv.107
                0x0000000020001348        0xc /tmp/cc2A8CYK.ltrans0.ltrans.o
 .bss.sem1.lto_priv.108
                0x0000000020001354        0xc /tmp/cc2A8CYK.ltrans0.ltrans.o
 .bss.shell_terminated
                0x0000000020001360        0x4 /tmp/cc2A8CYK.ltrans0.ltrans.o
 *fill*         0x0000000020001364        0x4 
 .bss.test_buffer
                0x0000000020001368      0x668 /tmp/cc2A8CYK.ltrans0.ltrans.o
 .bss.test_chp  0x00000000200019d0        0x4 /tmp/cc2A8CYK.ltrans0.ltrans.o
 .bss.test_failure_message
                0x00000000200019d4        0x4 /tmp/cc2A8CYK.ltrans0.ltrans.o
 .bss.test_global_fail
                0x00000000200019d8        0x1 /tmp/cc2A8CYK.ltrans0.ltrans.o
 *fill*         0x00000000200019d9        0x3 
 .bss.test_heap
                0x00000000200019dc       0x1c /tmp/cc2A8CYK.ltrans0.ltrans.o
 .bss.test_heap_buffer
                0x00000000200019f8       0x80 /tmp/cc2A8CYK.ltrans0.ltrans.o
 .bss.test_local_fail
                0x0000000020001a78        0x1 /tmp/cc2A8CYK.ltrans0.ltrans.o
 *fill*         0x0000000020001a79        0x3 
 .bss.test_step
                0x0000000020001a7c        0x4 /tmp/cc2A8CYK.ltrans0.ltrans.o
 .bss.test_tokens_buffer
                0x0000000020001a80       0x10 /tmp/cc2A8CYK.ltrans0.ltrans.o
 .bss.test_tokp
                0x0000000020001a90        0x4 /tmp/cc2A8CYK.ltrans0.ltrans.o
 .bss.threads   0x0000000020001a94       0x14 /tmp/cc2A8CYK.ltrans0.ltrans.o
 .bss.tr1       0x0000000020001aa8        0x4 /tmp/cc2A8CYK.ltrans0.ltrans.o
 .bss.vt1.7449  0x0000000020001aac       0x14 /tmp/cc2A8CYK.ltrans0.ltrans.o
 .bss.vt2.7450  0x0000000020001ac0       0x14 /tmp/cc2A8CYK.ltrans0.ltrans.o
 *(COMMON)
                0x0000000020001ad4                . = ALIGN (0x4)
                0x0000000020001ad4                _bss_end = .
                [!provide]                        PROVIDE (end, .)

.ram0_init      0x0000000020001ad4        0x0 load address 0x000000000800c7a0
                0x0000000020001ad4                . = ALIGN (0x4)
                0x000000000800c7a0                __ram0_init_text__ = LOADADDR (.ram0_init)
                0x0000000020001ad4                __ram0_init__ = .
 *(.ram0_init)
 *(.ram0_init.*)
                0x0000000020001ad4                . = ALIGN (0x4)

.ram0           0x0000000020001ad4        0x0 load address 0x000000000800c7a0
                0x0000000020001ad4                . = ALIGN (0x4)
                0x0000000020001ad4                __ram0_clear__ = .
 *(.ram0_clear)
 *(.ram0_clear.*)
                0x0000000020001ad4                . = ALIGN (0x4)
                0x0000000020001ad4                __ram0_noinit__ = .
 *(.ram0)
 *(.ram0.*)
                0x0000000020001ad4                . = ALIGN (0x4)
                0x0000000020001ad4                __ram0_free__ = .

.ram1_init      0x0000000000000000        0x0 load address 0x000000000800c7a0
                0x0000000000000000                . = ALIGN (0x4)
                0x000000000800c7a0                __ram1_init_text__ = LOADADDR (.ram1_init)
                0x0000000000000000                __ram1_init__ = .
 *(.ram1_init)
 *(.ram1_init.*)
                0x0000000000000000                . = ALIGN (0x4)

.ram1           0x0000000000000000        0x0 load address 0x000000000800c7a0
                0x0000000000000000                . = ALIGN (0x4)
                0x0000000000000000                __ram1_clear__ = .
 *(.ram1_clear)
 *(.ram1_clear.*)
                0x0000000000000000                . = ALIGN (0x4)
                0x0000000000000000                __ram1_noinit__ = .
 *(.ram1)
 *(.ram1.*)
                0x0000000000000000                . = ALIGN (0x4)
                0x0000000000000000                __ram1_free__ = .

.ram2_init      0x0000000000000000        0x0 load address 0x000000000800c7a0
                0x0000000000000000                . = ALIGN (0x4)
                0x000000000800c7a0                __ram2_init_text__ = LOADADDR (.ram2_init)
                0x0000000000000000                __ram2_init__ = .
 *(.ram2_init)
 *(.ram2_init.*)
                0x0000000000000000                . = ALIGN (0x4)

.ram2           0x0000000000000000        0x0 load address 0x000000000800c7a0
                0x0000000000000000                . = ALIGN (0x4)
                0x0000000000000000                __ram2_clear__ = .
 *(.ram2_clear)
 *(.ram2_clear.*)
                0x0000000000000000                . = ALIGN (0x4)
                0x0000000000000000                __ram2_noinit__ = .
 *(.ram2)
 *(.ram2.*)
                0x0000000000000000                . = ALIGN (0x4)
                0x0000000000000000                __ram2_free__ = .

.ram3_init      0x0000000000000000        0x0 load address 0x000000000800c7a0
                0x0000000000000000                . = ALIGN (0x4)
                0x000000000800c7a0                __ram3_init_text__ = LOADADDR (.ram3_init)
                0x0000000000000000                __ram3_init__ = .
 *(.ram3_init)
 *(.ram3_init.*)
                0x0000000000000000                . = ALIGN (0x4)

.ram3           0x0000000000000000        0x0 load address 0x000000000800c7a0
                0x0000000000000000                . = ALIGN (0x4)
                0x0000000000000000                __ram3_clear__ = .
 *(.ram3_clear)
 *(.ram3_clear.*)
                0x0000000000000000                . = ALIGN (0x4)
                0x0000000000000000                __ram3_noinit__ = .
 *(.ram3)
 *(.ram3.*)
                0x0000000000000000                . = ALIGN (0x4)
                0x0000000000000000                __ram3_free__ = .

.ram4_init      0x0000000000000000        0x0 load address 0x000000000800c7a0
                0x0000000000000000                . = ALIGN (0x4)
                0x000000000800c7a0                __ram4_init_text__ = LOADADDR (.ram4_init)
                0x0000000000000000                __ram4_init__ = .
 *(.ram4_init)
 *(.ram4_init.*)
                0x0000000000000000                . = ALIGN (0x4)

.ram4           0x0000000000000000        0x0 load address 0x000000000800c7a0
                0x0000000000000000                . = ALIGN (0x4)
                0x0000000000000000                __ram4_clear__ = .
 *(.ram4_clear)
 *(.ram4_clear.*)
                0x0000000000000000                . = ALIGN (0x4)
                0x0000000000000000                __ram4_noinit__ = .
 *(.ram4)
 *(.ram4.*)
                0x0000000000000000                . = ALIGN (0x4)
                0x0000000000000000                __ram4_free__ = .

.ram5_init      0x0000000000000000        0x0 load address 0x000000000800c7a0
                0x0000000000000000                . = ALIGN (0x4)
                0x000000000800c7a0                __ram5_init_text__ = LOADADDR (.ram5_init)
                0x0000000000000000                __ram5_init__ = .
 *(.ram5_init)
 *(.ram5_init.*)
                0x0000000000000000                . = ALIGN (0x4)

.ram5           0x0000000000000000        0x0 load address 0x000000000800c7a0
                0x0000000000000000                . = ALIGN (0x4)
                0x0000000000000000                __ram5_clear__ = .
 *(.ram5_clear)
 *(.ram5_clear.*)
                0x0000000000000000                . = ALIGN (0x4)
                0x0000000000000000                __ram5_noinit__ = .
 *(.ram5)
 *(.ram5.*)
                0x0000000000000000                . = ALIGN (0x4)
                0x0000000000000000                __ram5_free__ = .

.ram6_init      0x0000000000000000        0x0 load address 0x000000000800c7a0
                0x0000000000000000                . = ALIGN (0x4)
                0x000000000800c7a0                __ram6_init_text__ = LOADADDR (.ram6_init)
                0x0000000000000000                __ram6_init__ = .
 *(.ram6_init)
 *(.ram6_init.*)
                0x0000000000000000                . = ALIGN (0x4)

.ram6           0x0000000000000000        0x0 load address 0x000000000800c7a0
                0x0000000000000000                . = ALIGN (0x4)
                0x0000000000000000                __ram6_clear__ = .
 *(.ram6_clear)
 *(.ram6_clear.*)
                0x0000000000000000                . = ALIGN (0x4)
                0x0000000000000000                __ram6_noinit__ = .
 *(.ram6)
 *(.ram6.*)
                0x0000000000000000                . = ALIGN (0x4)
                0x0000000000000000                __ram6_free__ = .

.ram7_init      0x0000000000000000        0x0 load address 0x000000000800c7a0
                0x0000000000000000                . = ALIGN (0x4)
                0x000000000800c7a0                __ram7_init_text__ = LOADADDR (.ram7_init)
                0x0000000000000000                __ram7_init__ = .
 *(.ram7_init)
 *(.ram7_init.*)
                0x0000000000000000                . = ALIGN (0x4)

.ram7           0x0000000000000000        0x0 load address 0x000000000800c7a0
                0x0000000000000000                . = ALIGN (0x4)